<?xml version="1.0" encoding="utf-8"?>
<TestRun xmlns="http://microsoft.com/schemas/VisualStudio/TeamTest/2010" id="923e4695-02e5-45d8-aa66-babbc4a65ef6" name="Ubytec archived test run">
  <Times creation="2026-10-06T01:32:03.0698378+02:00" queuing="2026-10-06T01:32:03.0698379+02:00" start="2026-10-06T01:31:58.8315231+02:00" finish="2026-10-06T01:32:07.1170406+02:00" />
  <TestSettings name="default" id="c297f6a2-2ca3-4309-b279-97f12b6b72b8">
    <Deployment runDeploymentRoot="ubytec-test-run" />
  </TestSettings>
  <Results>
    <UnitTestResult executionId="5d12d9a6-6ceb-4b89-90ef-c03d324543ba" testId="9f940926-dfd2-b3ff-43c8-a3d662e9029f" testName="Ubytec.Tests.LoopReductionTests.EmptyReductionDoesNotReadItsInvalidInputOrWriteDeeperCells(profile: 3)" computerName="redacted" duration="00:00:00.0800392" startTime="2026-10-06T01:32:03.1650409+02:00" endTime="2026-10-06T01:32:03.1650410+02:00" testType="13cdc9d9-ddb5-4fa4-a97d-d965ccfc6d4b" outcome="Passed" testListId="8c84fa94-04c1-424b-9868-57a2d4851a1d" relativeResultsDirectory="5d12d9a6-6ceb-4b89-90ef-c03d324543ba" />
    <UnitTestResult executionId="1106a3e0-983b-404f-bc4c-7099f8d8fe82" testId="5edc80ec-2102-5d1f-e8a1-767e7067f0b2" testName="Ubytec.Tests.LoopReductionTests.EmptyReductionDoesNotReadItsInvalidInputOrWriteDeeperCells(profile: 7)" computerName="redacted" duration="00:00:00.3050378" startTime="2026-10-06T01:32:03.0847586+02:00" endTime="2026-10-06T01:32:03.0847587+02:00" testType="13cdc9d9-ddb5-4fa4-a97d-d965ccfc6d4b" outcome="Passed" testListId="8c84fa94-04c1-424b-9868-57a2d4851a1d" relativeResultsDirectory="1106a3e0-983b-404f-bc4c-7099f8d8fe82" />
    <UnitTestResult executionId="fb6bc865-0657-402d-9ff1-ce9201670fc0" testId="737b2854-8add-9753-7945-8d74fba842b1" testName="Ubytec.Tests.LoopReductionTests.SuccessfulReturnPreservesTheEntireWrittenFrameAndResidualStack(profile: 5)" computerName="redacted" duration="00:00:00.0672138" startTime="2026-10-06T01:32:04.7853438+02:00" endTime="2026-10-06T01:32:04.7853439+02:00" testType="13cdc9d9-ddb5-4fa4-a97d-d965ccfc6d4b" outcome="Passed" testListId="8c84fa94-04c1-424b-9868-57a2d4851a1d" relativeResultsDirectory="fb6bc865-0657-402d-9ff1-ce9201670fc0" />
    <UnitTestResult executionId="59ead205-edd6-4529-bf6b-f589afedea3f" testId="060fd3f5-500d-805c-7e6a-df07b0eb5de4" testName="Ubytec.Tests.LoopReductionTests.EmptyReductionDoesNotReadItsInvalidInputOrWriteDeeperCells(profile: 2)" computerName="redacted" duration="00:00:00.3231215" startTime="2026-10-06T01:32:02.5972587+02:00" endTime="2026-10-06T01:32:02.5972588+02:00" testType="13cdc9d9-ddb5-4fa4-a97d-d965ccfc6d4b" outcome="Passed" testListId="8c84fa94-04c1-424b-9868-57a2d4851a1d" relativeResultsDirectory="59ead205-edd6-4529-bf6b-f589afedea3f" />
    <UnitTestResult executionId="2c92f8bc-aa81-4a9b-969d-6004fc9d7e62" testId="9724610c-1539-2608-520a-df9455307a7d" testName="Ubytec.Tests.LoopReductionTests.RawInputCanAliasLocalsAndLiveOrConsumedEvaluationCells(profile: 4)" computerName="redacted" duration="00:00:00.2183596" startTime="2026-10-06T01:32:04.0131463+02:00" endTime="2026-10-06T01:32:04.0131464+02:00" testType="13cdc9d9-ddb5-4fa4-a97d-d965ccfc6d4b" outcome="Passed" testListId="8c84fa94-04c1-424b-9868-57a2d4851a1d" relativeResultsDirectory="2c92f8bc-aa81-4a9b-969d-6004fc9d7e62" />
    <UnitTestResult executionId="1cbf075f-7699-4d27-a6fc-e364f60be4ee" testId="a2fa4a05-6d10-18c1-cf94-e8a0db870b6f" testName="Ubytec.Tests.LoopReductionTests.ReferenceValidationStillRejectsAnExplicitWrongReturnType" computerName="redacted" duration="00:00:00.0909468" startTime="2026-10-06T01:32:06.9153078+02:00" endTime="2026-10-06T01:32:06.9153079+02:00" testType="13cdc9d9-ddb5-4fa4-a97d-d965ccfc6d4b" outcome="Passed" testListId="8c84fa94-04c1-424b-9868-57a2d4851a1d" relativeResultsDirectory="1cbf075f-7699-4d27-a6fc-e364f60be4ee" />
    <UnitTestResult executionId="b8446115-2d80-416f-aebb-4c60f3ea9032" testId="6fe33c6f-d669-4179-e561-fb26bbfe8745" testName="Ubytec.Tests.LoopReductionTests.RawInputCanAliasLocalsAndLiveOrConsumedEvaluationCells(profile: 5)" computerName="redacted" duration="00:00:00.1732666" startTime="2026-10-06T01:32:04.1865214+02:00" endTime="2026-10-06T01:32:04.1865215+02:00" testType="13cdc9d9-ddb5-4fa4-a97d-d965ccfc6d4b" outcome="Passed" testListId="8c84fa94-04c1-424b-9868-57a2d4851a1d" relativeResultsDirectory="b8446115-2d80-416f-aebb-4c60f3ea9032" />
    <UnitTestResult executionId="3f42668f-430f-45f0-8c5e-9950b09cf000" testId="f54ff13b-2f43-28e1-bba2-e3c85a235ea4" testName="Ubytec.Tests.LoopReductionTests.SuccessfulReturnPreservesTheEntireWrittenFrameAndResidualStack(profile: 2)" computerName="redacted" duration="00:00:00.0715648" startTime="2026-10-06T01:32:04.8570264+02:00" endTime="2026-10-06T01:32:04.8570266+02:00" testType="13cdc9d9-ddb5-4fa4-a97d-d965ccfc6d4b" outcome="Passed" testListId="8c84fa94-04c1-424b-9868-57a2d4851a1d" relativeResultsDirectory="3f42668f-430f-45f0-8c5e-9950b09cf000" />
    <UnitTestResult executionId="daf52ab2-b6c5-4992-8056-6ce563edc389" testId="ac9ba960-6d44-3642-803a-3b9ec534c850" testName="Ubytec.Tests.LoopReductionTests.NativeResultsPreserveUnsignedWrapNonzeroStartAndExactBytes(profile: 2)" computerName="redacted" duration="00:00:00.0808939" startTime="2026-10-06T01:32:06.6316140+02:00" endTime="2026-10-06T01:32:06.6316170+02:00" testType="13cdc9d9-ddb5-4fa4-a97d-d965ccfc6d4b" outcome="Passed" testListId="8c84fa94-04c1-424b-9868-57a2d4851a1d" relativeResultsDirectory="daf52ab2-b6c5-4992-8056-6ce563edc389" />
    <UnitTestResult executionId="8804211b-fa63-4c3d-bf78-3b0bdb896f09" testId="4bf622d5-aec9-0560-95f2-0c1c857a28cf" testName="Ubytec.Tests.LoopReductionTests.RawInputCanAliasLocalsAndLiveOrConsumedEvaluationCells(profile: 7)" computerName="redacted" duration="00:00:00.1788747" startTime="2026-10-06T01:32:04.3655253+02:00" endTime="2026-10-06T01:32:04.3655254+02:00" testType="13cdc9d9-ddb5-4fa4-a97d-d965ccfc6d4b" outcome="Passed" testListId="8c84fa94-04c1-424b-9868-57a2d4851a1d" relativeResultsDirectory="8804211b-fa63-4c3d-bf78-3b0bdb896f09" />
    <UnitTestResult executionId="346d6afe-6521-4c60-bcde-11b1fc0efa45" testId="f6b7c615-4642-78c0-9218-e72a84a87138" testName="Ubytec.Tests.LoopReductionTests.AliasedOneByteReadHasAnIndependentExpectedResult(offset: -56, expected: 84)" computerName="redacted" duration="00:00:00.0861582" startTime="2026-10-06T01:32:02.1146008+02:00" endTime="2026-10-06T01:32:02.1146010+02:00" testType="13cdc9d9-ddb5-4fa4-a97d-d965ccfc6d4b" outcome="Passed" testListId="8c84fa94-04c1-424b-9868-57a2d4851a1d" relativeResultsDirectory="346d6afe-6521-4c60-bcde-11b1fc0efa45" />
    <UnitTestResult executionId="ae325254-e218-4b53-b2b0-c60ded16ed23" testId="4cf8db37-bd7a-fa9f-6957-c0441d0f8a94" testName="Ubytec.Tests.LoopReductionTests.AliasedOneByteReadHasAnIndependentExpectedResult(offset: -40, expected: 42)" computerName="redacted" duration="00:00:00.0889074" startTime="2026-10-06T01:32:02.2733823+02:00" endTime="2026-10-06T01:32:02.2733825+02:00" testType="13cdc9d9-ddb5-4fa4-a97d-d965ccfc6d4b" outcome="Passed" testListId="8c84fa94-04c1-424b-9868-57a2d4851a1d" relativeResultsDirectory="ae325254-e218-4b53-b2b0-c60ded16ed23" />
    <UnitTestResult executionId="891fb6ef-f148-4d9a-b7f0-7013dd721a6d" testId="21478145-91e7-92db-ef84-945f4f92a425" testName="Ubytec.Tests.LoopReductionTests.OtherWidthsConditionsOrEffectsUseTheReferenceBackend(original: &quot;load @total\nreturn&quot;, change: &quot;load @total\npush 1\nadd\nreturn&quot;, count: 1, expected: 256)" computerName="redacted" duration="00:00:00.0893060" startTime="2026-10-06T01:32:05.7934577+02:00" endTime="2026-10-06T01:32:05.7934578+02:00" testType="13cdc9d9-ddb5-4fa4-a97d-d965ccfc6d4b" outcome="Passed" testListId="8c84fa94-04c1-424b-9868-57a2d4851a1d" relativeResultsDirectory="891fb6ef-f148-4d9a-b7f0-7013dd721a6d" />
    <UnitTestResult executionId="ef2f21ff-9ce8-4b2f-8476-16d81e569eca" testId="8154cb41-b8a1-29bf-8b1e-4ab3e87cf42e" testName="Ubytec.Tests.LoopReductionTests.SuccessfulReturnPreservesTheEntireWrittenFrameAndResidualStack(profile: 3)" computerName="redacted" duration="00:00:00.0519977" startTime="2026-10-06T01:32:05.2770979+02:00" endTime="2026-10-06T01:32:05.2770981+02:00" testType="13cdc9d9-ddb5-4fa4-a97d-d965ccfc6d4b" outcome="Passed" testListId="8c84fa94-04c1-424b-9868-57a2d4851a1d" relativeResultsDirectory="ef2f21ff-9ce8-4b2f-8476-16d81e569eca" />
    <UnitTestResult executionId="adec369c-9514-4f41-bbec-6e6890aa448f" testId="1f51da1e-6317-6ba2-28e9-fbcbb716b096" testName="Ubytec.Tests.LoopReductionTests.NativeResultsPreserveUnsignedWrapNonzeroStartAndExactBytes(profile: 1)" computerName="redacted" duration="00:00:00.0619684" startTime="2026-10-06T01:32:06.4120486+02:00" endTime="2026-10-06T01:32:06.4120489+02:00" testType="13cdc9d9-ddb5-4fa4-a97d-d965ccfc6d4b" outcome="Passed" testListId="8c84fa94-04c1-424b-9868-57a2d4851a1d" relativeResultsDirectory="adec369c-9514-4f41-bbec-6e6890aa448f" />
    <UnitTestResult executionId="65836a68-71dc-4bb1-b4ca-a6d99433ed70" testId="97fb4992-0a79-e871-8475-63ce71bd85c1" testName="Ubytec.Tests.LoopReductionTests.NativeResultsPreserveUnsignedWrapNonzeroStartAndExactBytes(profile: 0)" computerName="redacted" duration="00:00:00.0406881" startTime="2026-10-06T01:32:06.7841938+02:00" endTime="2026-10-06T01:32:06.7841940+02:00" testType="13cdc9d9-ddb5-4fa4-a97d-d965ccfc6d4b" outcome="Passed" testListId="8c84fa94-04c1-424b-9868-57a2d4851a1d" relativeResultsDirectory="65836a68-71dc-4bb1-b4ca-a6d99433ed70" />
    <UnitTestResult executionId="c4909f85-df3f-49e6-9ea5-1cc1570afa27" testId="749cde8e-07b8-2de3-0e38-61844eac1cbc" testName="Ubytec.Tests.LoopReductionTests.RawInputCanAliasLocalsAndLiveOrConsumedEvaluationCells(profile: 2)" computerName="redacted" duration="00:00:00.1368283" startTime="2026-10-06T01:32:03.3816942+02:00" endTime="2026-10-06T01:32:03.3816944+02:00" testType="13cdc9d9-ddb5-4fa4-a97d-d965ccfc6d4b" outcome="Passed" testListId="8c84fa94-04c1-424b-9868-57a2d4851a1d" relativeResultsDirectory="c4909f85-df3f-49e6-9ea5-1cc1570afa27" />
    <UnitTestResult executionId="2e1c001a-7d36-4341-9694-b59d733c7ceb" testId="7c5ca256-986e-9ebf-1688-af5fb6849702" testName="Ubytec.Tests.LoopReductionTests.RawInputCanAliasLocalsAndLiveOrConsumedEvaluationCells(profile: 1)" computerName="redacted" duration="00:00:00.1752974" startTime="2026-10-06T01:32:04.7180285+02:00" endTime="2026-10-06T01:32:04.7180287+02:00" testType="13cdc9d9-ddb5-4fa4-a97d-d965ccfc6d4b" outcome="Passed" testListId="8c84fa94-04c1-424b-9868-57a2d4851a1d" relativeResultsDirectory="2e1c001a-7d36-4341-9694-b59d733c7ceb" />
    <UnitTestResult executionId="1340205f-3e7c-4093-9f5c-00c8e219aa28" testId="41076293-6f98-7b68-b815-c3db31ad5df2" testName="Ubytec.Tests.LoopReductionTests.AliasedOneByteReadHasAnIndependentExpectedResult(offset: -72, expected: 42)" computerName="redacted" duration="00:00:01.2564230" startTime="2026-10-06T01:32:02.0290779+02:00" endTime="2026-10-06T01:32:02.0291140+02:00" testType="13cdc9d9-ddb5-4fa4-a97d-d965ccfc6d4b" outcome="Passed" testListId="8c84fa94-04c1-424b-9868-57a2d4851a1d" relativeResultsDirectory="1340205f-3e7c-4093-9f5c-00c8e219aa28" />
    <UnitTestResult executionId="3bac881a-2146-4f35-8f56-376b7e82de3b" testId="b042d9ab-3585-4e6f-a0ee-ca019fcb183a" testName="Ubytec.Tests.LoopReductionTests.OptimizationIsDisabledByDefault" computerName="redacted" duration="00:00:00.0440771" startTime="2026-10-06T01:32:07.0035612+02:00" endTime="2026-10-06T01:32:07.0035613+02:00" testType="13cdc9d9-ddb5-4fa4-a97d-d965ccfc6d4b" outcome="Passed" testListId="8c84fa94-04c1-424b-9868-57a2d4851a1d" relativeResultsDirectory="3bac881a-2146-4f35-8f56-376b7e82de3b" />
    <UnitTestResult executionId="be9afcc6-ab76-4db0-85ca-a58bf40993aa" testId="258e75b2-243d-8952-14f3-0f6626987a2d" testName="Ubytec.Tests.LoopReductionTests.EmptyReductionDoesNotReadItsInvalidInputOrWriteDeeperCells(profile: 1)" computerName="redacted" duration="00:00:00.0411999" startTime="2026-10-06T01:32:03.2444767+02:00" endTime="2026-10-06T01:32:03.2444768+02:00" testType="13cdc9d9-ddb5-4fa4-a97d-d965ccfc6d4b" outcome="Passed" testListId="8c84fa94-04c1-424b-9868-57a2d4851a1d" relativeResultsDirectory="be9afcc6-ab76-4db0-85ca-a58bf40993aa" />
    <UnitTestResult executionId="3a9012fc-c703-4c2c-a2be-659b21a944cf" testId="2bb1baf2-c812-a501-5a28-7102b6601638" testName="Ubytec.Tests.LoopReductionTests.OtherWidthsConditionsOrEffectsUseTheReferenceBackend(original: &quot;while @cursor &lt; @size&quot;, change: &quot;while t_int64 @cursor &lt; @size&quot;, count: 1, expected: 255)" computerName="redacted" duration="00:00:00.0571073" startTime="2026-10-06T01:32:06.2405227+02:00" endTime="2026-10-06T01:32:06.2405229+02:00" testType="13cdc9d9-ddb5-4fa4-a97d-d965ccfc6d4b" outcome="Passed" testListId="8c84fa94-04c1-424b-9868-57a2d4851a1d" relativeResultsDirectory="3a9012fc-c703-4c2c-a2be-659b21a944cf" />
    <UnitTestResult executionId="7de23ee3-66ca-4a42-809d-40d6b9f8d00b" testId="3f6cbc6e-98dc-0af9-a6c0-da0b4dc89802" testName="Ubytec.Tests.LoopReductionTests.NativeResultsPreserveUnsignedWrapNonzeroStartAndExactBytes(profile: 3)" computerName="redacted" duration="00:00:00.0398680" startTime="2026-10-06T01:32:06.8241794+02:00" endTime="2026-10-06T01:32:06.8241795+02:00" testType="13cdc9d9-ddb5-4fa4-a97d-d965ccfc6d4b" outcome="Passed" testListId="8c84fa94-04c1-424b-9868-57a2d4851a1d" relativeResultsDirectory="7de23ee3-66ca-4a42-809d-40d6b9f8d00b" />
    <UnitTestResult executionId="6616bd3a-d84e-41fb-abce-e5eaa83546b1" testId="24344afb-83e8-f493-6f46-b24ffd6d29fc" testName="Ubytec.Tests.LoopReductionTests.RawInputCanAliasLocalsAndLiveOrConsumedEvaluationCells(profile: 3)" computerName="redacted" duration="00:00:00.2073138" startTime="2026-10-06T01:32:03.5891709+02:00" endTime="2026-10-06T01:32:03.5891710+02:00" testType="13cdc9d9-ddb5-4fa4-a97d-d965ccfc6d4b" outcome="Passed" testListId="8c84fa94-04c1-424b-9868-57a2d4851a1d" relativeResultsDirectory="6616bd3a-d84e-41fb-abce-e5eaa83546b1" />
    <UnitTestResult executionId="8cb87b20-3df3-461c-b9cd-fd519482667b" testId="6218d33e-a769-d4d2-3f66-62e8dab78e4d" testName="Ubytec.Tests.LoopReductionTests.NativeResultsPreserveUnsignedWrapNonzeroStartAndExactBytes(profile: 4)" computerName="redacted" duration="00:00:00.0748170" startTime="2026-10-06T01:32:06.5506239+02:00" endTime="2026-10-06T01:32:06.5506241+02:00" testType="13cdc9d9-ddb5-4fa4-a97d-d965ccfc6d4b" outcome="Passed" testListId="8c84fa94-04c1-424b-9868-57a2d4851a1d" relativeResultsDirectory="8cb87b20-3df3-461c-b9cd-fd519482667b" />
    <UnitTestResult executionId="5b9a9114-823f-4fff-9c4a-60baf1f256f7" testId="7fc99389-8ab3-4a54-d57b-c1839ce2bd6a" testName="Ubytec.Tests.LoopReductionTests.EmptyReductionDoesNotReadItsInvalidInputOrWriteDeeperCells(profile: 6)" computerName="redacted" duration="00:00:00.0554053" startTime="2026-10-06T01:32:02.6528238+02:00" endTime="2026-10-06T01:32:02.6528239+02:00" testType="13cdc9d9-ddb5-4fa4-a97d-d965ccfc6d4b" outcome="Passed" testListId="8c84fa94-04c1-424b-9868-57a2d4851a1d" relativeResultsDirectory="5b9a9114-823f-4fff-9c4a-60baf1f256f7" />
    <UnitTestResult executionId="dd96628f-fd49-4335-adf6-23c509c8360d" testId="d6747320-0dd7-d3e3-677d-55bb079ee430" testName="Ubytec.Tests.LoopReductionTests.RecognitionUsesBindingsWithEitherArgumentAndLocalOrder" computerName="redacted" duration="00:00:00.0438978" startTime="2026-10-06T01:32:06.9593006+02:00" endTime="2026-10-06T01:32:06.9593007+02:00" testType="13cdc9d9-ddb5-4fa4-a97d-d965ccfc6d4b" outcome="Passed" testListId="8c84fa94-04c1-424b-9868-57a2d4851a1d" relativeResultsDirectory="dd96628f-fd49-4335-adf6-23c509c8360d" />
    <UnitTestResult executionId="cf76ba1e-5746-458b-8be8-10a07d53d532" testId="a149f67e-e6fa-95f8-6e27-49cf673f2079" testName="Ubytec.Tests.LoopReductionTests.SuccessfulReturnPreservesTheEntireWrittenFrameAndResidualStack(profile: 1)" computerName="redacted" duration="00:00:00.3040074" startTime="2026-10-06T01:32:05.2249151+02:00" endTime="2026-10-06T01:32:05.2249153+02:00" testType="13cdc9d9-ddb5-4fa4-a97d-d965ccfc6d4b" outcome="Passed" testListId="8c84fa94-04c1-424b-9868-57a2d4851a1d" relativeResultsDirectory="cf76ba1e-5746-458b-8be8-10a07d53d532" />
    <UnitTestResult executionId="a9b68735-f622-407f-8a05-49ee076cf049" testId="4ebf3c22-3d54-2d83-5781-b2cc83da345e" testName="Ubytec.Tests.LoopReductionTests.EmptyReductionDoesNotReadItsInvalidInputOrWriteDeeperCells(profile: 0)" computerName="redacted" duration="00:00:00.0624068" startTime="2026-10-06T01:32:02.7795686+02:00" endTime="2026-10-06T01:32:02.7795688+02:00" testType="13cdc9d9-ddb5-4fa4-a97d-d965ccfc6d4b" outcome="Passed" testListId="8c84fa94-04c1-424b-9868-57a2d4851a1d" relativeResultsDirectory="a9b68735-f622-407f-8a05-49ee076cf049" />
    <UnitTestResult executionId="edf67ffa-9884-4503-8d7b-6617c4ddf494" testId="a49cc7c3-9615-113a-1ec5-d2684ce84b40" testName="Ubytec.Tests.LoopReductionTests.OtherWidthsConditionsOrEffectsUseTheReferenceBackend(original: &quot;while @cursor &lt; @size&quot;, change: &quot;while @cursor &lt;= @size&quot;, count: 1, expected: 256)" computerName="redacted" duration="00:00:00.0576721" startTime="2026-10-06T01:32:06.3498970+02:00" endTime="2026-10-06T01:32:06.3498977+02:00" testType="13cdc9d9-ddb5-4fa4-a97d-d965ccfc6d4b" outcome="Passed" testListId="8c84fa94-04c1-424b-9868-57a2d4851a1d" relativeResultsDirectory="edf67ffa-9884-4503-8d7b-6617c4ddf494" />
    <UnitTestResult executionId="8cd9d6f1-31c6-46a9-bca0-8605af964616" testId="f8f66256-2ce0-d996-66b3-ff94ed2e9ee1" testName="Ubytec.Tests.LoopReductionTests.OtherWidthsConditionsOrEffectsUseTheReferenceBackend(original: &quot;load t_byte&quot;, change: &quot;load t_sbyte&quot;, count: 1, expected: -1)" computerName="redacted" duration="00:00:00.0514135" startTime="2026-10-06T01:32:06.2920594+02:00" endTime="2026-10-06T01:32:06.2920595+02:00" testType="13cdc9d9-ddb5-4fa4-a97d-d965ccfc6d4b" outcome="Passed" testListId="8c84fa94-04c1-424b-9868-57a2d4851a1d" relativeResultsDirectory="8cd9d6f1-31c6-46a9-bca0-8605af964616" />
    <UnitTestResult executionId="9c9fa715-3781-4f9e-8950-e80d2489630f" testId="7c198f6b-a0a5-0e51-c840-e8099723b9db" testName="Ubytec.Tests.LoopReductionTests.SuccessfulReturnPreservesTheEntireWrittenFrameAndResidualStack(profile: 6)" computerName="redacted" duration="00:00:00.0635805" startTime="2026-10-06T01:32:04.9207474+02:00" endTime="2026-10-06T01:32:04.9207475+02:00" testType="13cdc9d9-ddb5-4fa4-a97d-d965ccfc6d4b" outcome="Passed" testListId="8c84fa94-04c1-424b-9868-57a2d4851a1d" relativeResultsDirectory="9c9fa715-3781-4f9e-8950-e80d2489630f" />
    <UnitTestResult executionId="d1471bda-f63d-47b6-9667-5be2072ad4f5" testId="843ed04b-fe18-8091-320c-86ad3204330d" testName="Ubytec.Tests.LoopReductionTests.NativeResultsPreserveUnsignedWrapNonzeroStartAndExactBytes(profile: 7)" computerName="redacted" duration="00:00:00.0666027" startTime="2026-10-06T01:32:06.6983679+02:00" endTime="2026-10-06T01:32:06.6983680+02:00" testType="13cdc9d9-ddb5-4fa4-a97d-d965ccfc6d4b" outcome="Passed" testListId="8c84fa94-04c1-424b-9868-57a2d4851a1d" relativeResultsDirectory="d1471bda-f63d-47b6-9667-5be2072ad4f5" />
    <UnitTestResult executionId="523db639-3a71-41fa-9fdb-90aa78c89049" testId="d97e6a9d-8260-342c-488b-19a5429fb3cb" testName="Ubytec.Tests.LoopReductionTests.RawInputCanAliasLocalsAndLiveOrConsumedEvaluationCells(profile: 0)" computerName="redacted" duration="00:00:00.2051705" startTime="2026-10-06T01:32:03.7945632+02:00" endTime="2026-10-06T01:32:03.7945634+02:00" testType="13cdc9d9-ddb5-4fa4-a97d-d965ccfc6d4b" outcome="Passed" testListId="8c84fa94-04c1-424b-9868-57a2d4851a1d" relativeResultsDirectory="523db639-3a71-41fa-9fdb-90aa78c89049" />
    <UnitTestResult executionId="0c8d36f0-238c-4028-a3f9-18f073c42f45" testId="50d83801-03bc-ceac-5253-323d6e1dc6ab" testName="Ubytec.Tests.LoopReductionTests.SuccessfulReturnPreservesTheEntireWrittenFrameAndResidualStack(profile: 0)" computerName="redacted" duration="00:00:00.3072654" startTime="2026-10-06T01:32:05.5845044+02:00" endTime="2026-10-06T01:32:05.5845046+02:00" testType="13cdc9d9-ddb5-4fa4-a97d-d965ccfc6d4b" outcome="Passed" testListId="8c84fa94-04c1-424b-9868-57a2d4851a1d" relativeResultsDirectory="0c8d36f0-238c-4028-a3f9-18f073c42f45" />
    <UnitTestResult executionId="f18cb5ec-e919-48a5-a8b6-08ca54a82cf4" testId="c99b41ed-8432-ecd2-9b4f-51ab3f2a766d" testName="Ubytec.Tests.LoopReductionTests.OtherWidthsConditionsOrEffectsUseTheReferenceBackend(original: &quot;load t_byte&quot;, change: &quot;load t_uint16&quot;, count: 1, expected: 511)" computerName="redacted" duration="00:00:00.3183531" startTime="2026-10-06T01:32:06.1833405+02:00" endTime="2026-10-06T01:32:06.1833407+02:00" testType="13cdc9d9-ddb5-4fa4-a97d-d965ccfc6d4b" outcome="Passed" testListId="8c84fa94-04c1-424b-9868-57a2d4851a1d" relativeResultsDirectory="f18cb5ec-e919-48a5-a8b6-08ca54a82cf4" />
    <UnitTestResult executionId="2c80ce89-8a78-4bcb-8d23-edfe7047d25d" testId="40b10bc0-d2f0-87ca-64dc-06870152ecf6" testName="Ubytec.Tests.LoopReductionTests.AliasedOneByteReadHasAnIndependentExpectedResult(offset: -48, expected: 84)" computerName="redacted" duration="00:00:00.0694816" startTime="2026-10-06T01:32:02.1842199+02:00" endTime="2026-10-06T01:32:02.1842200+02:00" testType="13cdc9d9-ddb5-4fa4-a97d-d965ccfc6d4b" outcome="Passed" testListId="8c84fa94-04c1-424b-9868-57a2d4851a1d" relativeResultsDirectory="2c80ce89-8a78-4bcb-8d23-edfe7047d25d" />
    <UnitTestResult executionId="a8b2380c-0f25-45d3-8970-1a56a58ce0e1" testId="158c9ff0-d16f-43f8-b420-328084bf177e" testName="Ubytec.Tests.LoopReductionTests.EmptyReductionDoesNotReadItsInvalidInputOrWriteDeeperCells(profile: 5)" computerName="redacted" duration="00:00:00.0379845" startTime="2026-10-06T01:32:03.2031605+02:00" endTime="2026-10-06T01:32:03.2031606+02:00" testType="13cdc9d9-ddb5-4fa4-a97d-d965ccfc6d4b" outcome="Passed" testListId="8c84fa94-04c1-424b-9868-57a2d4851a1d" relativeResultsDirectory="a8b2380c-0f25-45d3-8970-1a56a58ce0e1" />
    <UnitTestResult executionId="806445b5-605b-46df-9d0d-20b64a7bab87" testId="942a6829-f8ee-d907-f149-8f953a65e071" testName="Ubytec.Tests.LoopReductionTests.EmptyReductionDoesNotReadItsInvalidInputOrWriteDeeperCells(profile: 4)" computerName="redacted" duration="00:00:00.0640724" startTime="2026-10-06T01:32:02.7170942+02:00" endTime="2026-10-06T01:32:02.7170944+02:00" testType="13cdc9d9-ddb5-4fa4-a97d-d965ccfc6d4b" outcome="Passed" testListId="8c84fa94-04c1-424b-9868-57a2d4851a1d" relativeResultsDirectory="806445b5-605b-46df-9d0d-20b64a7bab87" />
    <UnitTestResult executionId="6a3eef1b-c548-4751-a8ab-a3dce6f418d7" testId="7721792a-0078-f62e-6f03-09e2c91fa2c3" testName="Ubytec.Tests.LoopReductionTests.OtherWidthsConditionsOrEffectsUseTheReferenceBackend(original: &quot;t_uint64 cursor 0&quot;, change: &quot;t_uint32 cursor 0&quot;, count: 1, expected: 255)" computerName="redacted" duration="00:00:00.0709420" startTime="2026-10-06T01:32:05.8645665+02:00" endTime="2026-10-06T01:32:05.8645667+02:00" testType="13cdc9d9-ddb5-4fa4-a97d-d965ccfc6d4b" outcome="Passed" testListId="8c84fa94-04c1-424b-9868-57a2d4851a1d" relativeResultsDirectory="6a3eef1b-c548-4751-a8ab-a3dce6f418d7" />
    <UnitTestResult executionId="ff14caa9-dfd4-4b79-9b5f-934f96675fa4" testId="dda3a10c-6223-ab60-d9ce-aef7218e9dcc" testName="Ubytec.Tests.LoopReductionTests.NativeResultsPreserveUnsignedWrapNonzeroStartAndExactBytes(profile: 6)" computerName="redacted" duration="00:00:00.0635131" startTime="2026-10-06T01:32:06.4756608+02:00" endTime="2026-10-06T01:32:06.4756610+02:00" testType="13cdc9d9-ddb5-4fa4-a97d-d965ccfc6d4b" outcome="Passed" testListId="8c84fa94-04c1-424b-9868-57a2d4851a1d" relativeResultsDirectory="ff14caa9-dfd4-4b79-9b5f-934f96675fa4" />
    <UnitTestResult executionId="94ff6539-6b5a-406a-985e-f14d4c0d9a1f" testId="63c462a1-907e-dc56-fc9f-34b2a0a5c8d0" testName="Ubytec.Tests.LoopReductionTests.SuccessfulReturnPreservesTheEntireWrittenFrameAndResidualStack(profile: 4)" computerName="redacted" duration="00:00:00.0627164" startTime="2026-10-06T01:32:05.7039566+02:00" endTime="2026-10-06T01:32:05.7039567+02:00" testType="13cdc9d9-ddb5-4fa4-a97d-d965ccfc6d4b" outcome="Passed" testListId="8c84fa94-04c1-424b-9868-57a2d4851a1d" relativeResultsDirectory="94ff6539-6b5a-406a-985e-f14d4c0d9a1f" />
    <UnitTestResult executionId="c0b72c0a-f0aa-430f-bf61-bdf3aee1708a" testId="5fca5b10-1e65-fc6e-a542-638dcfe44d73" testName="Ubytec.Tests.LoopReductionTests.NativeResultsPreserveUnsignedWrapNonzeroStartAndExactBytes(profile: 5)" computerName="redacted" duration="00:00:00.0448816" startTime="2026-10-06T01:32:06.7434331+02:00" endTime="2026-10-06T01:32:06.7434332+02:00" testType="13cdc9d9-ddb5-4fa4-a97d-d965ccfc6d4b" outcome="Passed" testListId="8c84fa94-04c1-424b-9868-57a2d4851a1d" relativeResultsDirectory="c0b72c0a-f0aa-430f-bf61-bdf3aee1708a" />
    <UnitTestResult executionId="8c172a86-e0b9-4c2c-b151-2074e936f249" testId="f9b75dc2-7571-e23c-61ce-b77a8dcf99fc" testName="Ubytec.Tests.LoopReductionTests.RawInputCanAliasLocalsAndLiveOrConsumedEvaluationCells(profile: 6)" computerName="redacted" duration="00:00:00.1768391" startTime="2026-10-06T01:32:04.5425999+02:00" endTime="2026-10-06T01:32:04.5426000+02:00" testType="13cdc9d9-ddb5-4fa4-a97d-d965ccfc6d4b" outcome="Passed" testListId="8c84fa94-04c1-424b-9868-57a2d4851a1d" relativeResultsDirectory="8c172a86-e0b9-4c2c-b151-2074e936f249" />
    <UnitTestResult executionId="bb5591fd-e342-47d7-bf39-f949f2403597" testId="d0f03a20-a3a5-c94c-f89f-e80091e4daf1" testName="Ubytec.Tests.LoopReductionTests.SuccessfulReturnPreservesTheEntireWrittenFrameAndResidualStack(profile: 7)" computerName="redacted" duration="00:00:00.0564948" startTime="2026-10-06T01:32:05.6411363+02:00" endTime="2026-10-06T01:32:05.6411364+02:00" testType="13cdc9d9-ddb5-4fa4-a97d-d965ccfc6d4b" outcome="Passed" testListId="8c84fa94-04c1-424b-9868-57a2d4851a1d" relativeResultsDirectory="bb5591fd-e342-47d7-bf39-f949f2403597" />
  </Results>
  <TestDefinitions>
    <UnitTest name="Ubytec.Tests.LoopReductionTests.RawInputCanAliasLocalsAndLiveOrConsumedEvaluationCells(profile: 6)" storage="REDACTED_LOCAL_ROOT/ubytec.tests/bin/release/net10.0/ubytec.tests.dll" id="f9b75dc2-7571-e23c-61ce-b77a8dcf99fc">
      <Execution id="8c172a86-e0b9-4c2c-b151-2074e936f249" />
      <TestMethod codeBase="REDACTED_LOCAL_ROOT/Ubytec.Tests/bin/Release/net10.0/Ubytec.Tests.dll" adapterTypeName="executor://xunit/VsTestRunner2/netcoreapp" className="Ubytec.Tests.LoopReductionTests" name="RawInputCanAliasLocalsAndLiveOrConsumedEvaluationCells" />
    </UnitTest>
    <UnitTest name="Ubytec.Tests.LoopReductionTests.EmptyReductionDoesNotReadItsInvalidInputOrWriteDeeperCells(profile: 7)" storage="REDACTED_LOCAL_ROOT/ubytec.tests/bin/release/net10.0/ubytec.tests.dll" id="5edc80ec-2102-5d1f-e8a1-767e7067f0b2">
      <Execution id="1106a3e0-983b-404f-bc4c-7099f8d8fe82" />
      <TestMethod codeBase="REDACTED_LOCAL_ROOT/Ubytec.Tests/bin/Release/net10.0/Ubytec.Tests.dll" adapterTypeName="executor://xunit/VsTestRunner2/netcoreapp" className="Ubytec.Tests.LoopReductionTests" name="EmptyReductionDoesNotReadItsInvalidInputOrWriteDeeperCells" />
    </UnitTest>
    <UnitTest name="Ubytec.Tests.LoopReductionTests.SuccessfulReturnPreservesTheEntireWrittenFrameAndResidualStack(profile: 4)" storage="REDACTED_LOCAL_ROOT/ubytec.tests/bin/release/net10.0/ubytec.tests.dll" id="63c462a1-907e-dc56-fc9f-34b2a0a5c8d0">
      <Execution id="94ff6539-6b5a-406a-985e-f14d4c0d9a1f" />
      <TestMethod codeBase="REDACTED_LOCAL_ROOT/Ubytec.Tests/bin/Release/net10.0/Ubytec.Tests.dll" adapterTypeName="executor://xunit/VsTestRunner2/netcoreapp" className="Ubytec.Tests.LoopReductionTests" name="SuccessfulReturnPreservesTheEntireWrittenFrameAndResidualStack" />
    </UnitTest>
    <UnitTest name="Ubytec.Tests.LoopReductionTests.SuccessfulReturnPreservesTheEntireWrittenFrameAndResidualStack(profile: 5)" storage="REDACTED_LOCAL_ROOT/ubytec.tests/bin/release/net10.0/ubytec.tests.dll" id="737b2854-8add-9753-7945-8d74fba842b1">
      <Execution id="fb6bc865-0657-402d-9ff1-ce9201670fc0" />
      <TestMethod codeBase="REDACTED_LOCAL_ROOT/Ubytec.Tests/bin/Release/net10.0/Ubytec.Tests.dll" adapterTypeName="executor://xunit/VsTestRunner2/netcoreapp" className="Ubytec.Tests.LoopReductionTests" name="SuccessfulReturnPreservesTheEntireWrittenFrameAndResidualStack" />
    </UnitTest>
    <UnitTest name="Ubytec.Tests.LoopReductionTests.SuccessfulReturnPreservesTheEntireWrittenFrameAndResidualStack(profile: 1)" storage="REDACTED_LOCAL_ROOT/ubytec.tests/bin/release/net10.0/ubytec.tests.dll" id="a149f67e-e6fa-95f8-6e27-49cf673f2079">
      <Execution id="cf76ba1e-5746-458b-8be8-10a07d53d532" />
      <TestMethod codeBase="REDACTED_LOCAL_ROOT/Ubytec.Tests/bin/Release/net10.0/Ubytec.Tests.dll" adapterTypeName="executor://xunit/VsTestRunner2/netcoreapp" className="Ubytec.Tests.LoopReductionTests" name="SuccessfulReturnPreservesTheEntireWrittenFrameAndResidualStack" />
    </UnitTest>
    <UnitTest name="Ubytec.Tests.LoopReductionTests.OptimizationIsDisabledByDefault" storage="REDACTED_LOCAL_ROOT/ubytec.tests/bin/release/net10.0/ubytec.tests.dll" id="b042d9ab-3585-4e6f-a0ee-ca019fcb183a">
      <Execution id="3bac881a-2146-4f35-8f56-376b7e82de3b" />
      <TestMethod codeBase="REDACTED_LOCAL_ROOT/Ubytec.Tests/bin/Release/net10.0/Ubytec.Tests.dll" adapterTypeName="executor://xunit/VsTestRunner2/netcoreapp" className="Ubytec.Tests.LoopReductionTests" name="OptimizationIsDisabledByDefault" />
    </UnitTest>
    <UnitTest name="Ubytec.Tests.LoopReductionTests.NativeResultsPreserveUnsignedWrapNonzeroStartAndExactBytes(profile: 5)" storage="REDACTED_LOCAL_ROOT/ubytec.tests/bin/release/net10.0/ubytec.tests.dll" id="5fca5b10-1e65-fc6e-a542-638dcfe44d73">
      <Execution id="c0b72c0a-f0aa-430f-bf61-bdf3aee1708a" />
      <TestMethod codeBase="REDACTED_LOCAL_ROOT/Ubytec.Tests/bin/Release/net10.0/Ubytec.Tests.dll" adapterTypeName="executor://xunit/VsTestRunner2/netcoreapp" className="Ubytec.Tests.LoopReductionTests" name="NativeResultsPreserveUnsignedWrapNonzeroStartAndExactBytes" />
    </UnitTest>
    <UnitTest name="Ubytec.Tests.LoopReductionTests.NativeResultsPreserveUnsignedWrapNonzeroStartAndExactBytes(profile: 6)" storage="REDACTED_LOCAL_ROOT/ubytec.tests/bin/release/net10.0/ubytec.tests.dll" id="dda3a10c-6223-ab60-d9ce-aef7218e9dcc">
      <Execution id="ff14caa9-dfd4-4b79-9b5f-934f96675fa4" />
      <TestMethod codeBase="REDACTED_LOCAL_ROOT/Ubytec.Tests/bin/Release/net10.0/Ubytec.Tests.dll" adapterTypeName="executor://xunit/VsTestRunner2/netcoreapp" className="Ubytec.Tests.LoopReductionTests" name="NativeResultsPreserveUnsignedWrapNonzeroStartAndExactBytes" />
    </UnitTest>
    <UnitTest name="Ubytec.Tests.LoopReductionTests.OtherWidthsConditionsOrEffectsUseTheReferenceBackend(original: &quot;load @total\nreturn&quot;, change: &quot;load @total\npush 1\nadd\nreturn&quot;, count: 1, expected: 256)" storage="REDACTED_LOCAL_ROOT/ubytec.tests/bin/release/net10.0/ubytec.tests.dll" id="21478145-91e7-92db-ef84-945f4f92a425">
      <Execution id="891fb6ef-f148-4d9a-b7f0-7013dd721a6d" />
      <TestMethod codeBase="REDACTED_LOCAL_ROOT/Ubytec.Tests/bin/Release/net10.0/Ubytec.Tests.dll" adapterTypeName="executor://xunit/VsTestRunner2/netcoreapp" className="Ubytec.Tests.LoopReductionTests" name="OtherWidthsConditionsOrEffectsUseTheReferenceBackend" />
    </UnitTest>
    <UnitTest name="Ubytec.Tests.LoopReductionTests.RawInputCanAliasLocalsAndLiveOrConsumedEvaluationCells(profile: 7)" storage="REDACTED_LOCAL_ROOT/ubytec.tests/bin/release/net10.0/ubytec.tests.dll" id="4bf622d5-aec9-0560-95f2-0c1c857a28cf">
      <Execution id="8804211b-fa63-4c3d-bf78-3b0bdb896f09" />
      <TestMethod codeBase="REDACTED_LOCAL_ROOT/Ubytec.Tests/bin/Release/net10.0/Ubytec.Tests.dll" adapterTypeName="executor://xunit/VsTestRunner2/netcoreapp" className="Ubytec.Tests.LoopReductionTests" name="RawInputCanAliasLocalsAndLiveOrConsumedEvaluationCells" />
    </UnitTest>
    <UnitTest name="Ubytec.Tests.LoopReductionTests.OtherWidthsConditionsOrEffectsUseTheReferenceBackend(original: &quot;load t_byte&quot;, change: &quot;load t_uint16&quot;, count: 1, expected: 511)" storage="REDACTED_LOCAL_ROOT/ubytec.tests/bin/release/net10.0/ubytec.tests.dll" id="c99b41ed-8432-ecd2-9b4f-51ab3f2a766d">
      <Execution id="f18cb5ec-e919-48a5-a8b6-08ca54a82cf4" />
      <TestMethod codeBase="REDACTED_LOCAL_ROOT/Ubytec.Tests/bin/Release/net10.0/Ubytec.Tests.dll" adapterTypeName="executor://xunit/VsTestRunner2/netcoreapp" className="Ubytec.Tests.LoopReductionTests" name="OtherWidthsConditionsOrEffectsUseTheReferenceBackend" />
    </UnitTest>
    <UnitTest name="Ubytec.Tests.LoopReductionTests.EmptyReductionDoesNotReadItsInvalidInputOrWriteDeeperCells(profile: 3)" storage="REDACTED_LOCAL_ROOT/ubytec.tests/bin/release/net10.0/ubytec.tests.dll" id="9f940926-dfd2-b3ff-43c8-a3d662e9029f">
      <Execution id="5d12d9a6-6ceb-4b89-90ef-c03d324543ba" />
      <TestMethod codeBase="REDACTED_LOCAL_ROOT/Ubytec.Tests/bin/Release/net10.0/Ubytec.Tests.dll" adapterTypeName="executor://xunit/VsTestRunner2/netcoreapp" className="Ubytec.Tests.LoopReductionTests" name="EmptyReductionDoesNotReadItsInvalidInputOrWriteDeeperCells" />
    </UnitTest>
    <UnitTest name="Ubytec.Tests.LoopReductionTests.EmptyReductionDoesNotReadItsInvalidInputOrWriteDeeperCells(profile: 5)" storage="REDACTED_LOCAL_ROOT/ubytec.tests/bin/release/net10.0/ubytec.tests.dll" id="158c9ff0-d16f-43f8-b420-328084bf177e">
      <Execution id="a8b2380c-0f25-45d3-8970-1a56a58ce0e1" />
      <TestMethod codeBase="REDACTED_LOCAL_ROOT/Ubytec.Tests/bin/Release/net10.0/Ubytec.Tests.dll" adapterTypeName="executor://xunit/VsTestRunner2/netcoreapp" className="Ubytec.Tests.LoopReductionTests" name="EmptyReductionDoesNotReadItsInvalidInputOrWriteDeeperCells" />
    </UnitTest>
    <UnitTest name="Ubytec.Tests.LoopReductionTests.SuccessfulReturnPreservesTheEntireWrittenFrameAndResidualStack(profile: 2)" storage="REDACTED_LOCAL_ROOT/ubytec.tests/bin/release/net10.0/ubytec.tests.dll" id="f54ff13b-2f43-28e1-bba2-e3c85a235ea4">
      <Execution id="3f42668f-430f-45f0-8c5e-9950b09cf000" />
      <TestMethod codeBase="REDACTED_LOCAL_ROOT/Ubytec.Tests/bin/Release/net10.0/Ubytec.Tests.dll" adapterTypeName="executor://xunit/VsTestRunner2/netcoreapp" className="Ubytec.Tests.LoopReductionTests" name="SuccessfulReturnPreservesTheEntireWrittenFrameAndResidualStack" />
    </UnitTest>
    <UnitTest name="Ubytec.Tests.LoopReductionTests.RawInputCanAliasLocalsAndLiveOrConsumedEvaluationCells(profile: 3)" storage="REDACTED_LOCAL_ROOT/ubytec.tests/bin/release/net10.0/ubytec.tests.dll" id="24344afb-83e8-f493-6f46-b24ffd6d29fc">
      <Execution id="6616bd3a-d84e-41fb-abce-e5eaa83546b1" />
      <TestMethod codeBase="REDACTED_LOCAL_ROOT/Ubytec.Tests/bin/Release/net10.0/Ubytec.Tests.dll" adapterTypeName="executor://xunit/VsTestRunner2/netcoreapp" className="Ubytec.Tests.LoopReductionTests" name="RawInputCanAliasLocalsAndLiveOrConsumedEvaluationCells" />
    </UnitTest>
    <UnitTest name="Ubytec.Tests.LoopReductionTests.RawInputCanAliasLocalsAndLiveOrConsumedEvaluationCells(profile: 4)" storage="REDACTED_LOCAL_ROOT/ubytec.tests/bin/release/net10.0/ubytec.tests.dll" id="9724610c-1539-2608-520a-df9455307a7d">
      <Execution id="2c92f8bc-aa81-4a9b-969d-6004fc9d7e62" />
      <TestMethod codeBase="REDACTED_LOCAL_ROOT/Ubytec.Tests/bin/Release/net10.0/Ubytec.Tests.dll" adapterTypeName="executor://xunit/VsTestRunner2/netcoreapp" className="Ubytec.Tests.LoopReductionTests" name="RawInputCanAliasLocalsAndLiveOrConsumedEvaluationCells" />
    </UnitTest>
    <UnitTest name="Ubytec.Tests.LoopReductionTests.AliasedOneByteReadHasAnIndependentExpectedResult(offset: -40, expected: 42)" storage="REDACTED_LOCAL_ROOT/ubytec.tests/bin/release/net10.0/ubytec.tests.dll" id="4cf8db37-bd7a-fa9f-6957-c0441d0f8a94">
      <Execution id="ae325254-e218-4b53-b2b0-c60ded16ed23" />
      <TestMethod codeBase="REDACTED_LOCAL_ROOT/Ubytec.Tests/bin/Release/net10.0/Ubytec.Tests.dll" adapterTypeName="executor://xunit/VsTestRunner2/netcoreapp" className="Ubytec.Tests.LoopReductionTests" name="AliasedOneByteReadHasAnIndependentExpectedResult" />
    </UnitTest>
    <UnitTest name="Ubytec.Tests.LoopReductionTests.OtherWidthsConditionsOrEffectsUseTheReferenceBackend(original: &quot;while @cursor &lt; @size&quot;, change: &quot;while t_int64 @cursor &lt; @size&quot;, count: 1, expected: 255)" storage="REDACTED_LOCAL_ROOT/ubytec.tests/bin/release/net10.0/ubytec.tests.dll" id="2bb1baf2-c812-a501-5a28-7102b6601638">
      <Execution id="3a9012fc-c703-4c2c-a2be-659b21a944cf" />
      <TestMethod codeBase="REDACTED_LOCAL_ROOT/Ubytec.Tests/bin/Release/net10.0/Ubytec.Tests.dll" adapterTypeName="executor://xunit/VsTestRunner2/netcoreapp" className="Ubytec.Tests.LoopReductionTests" name="OtherWidthsConditionsOrEffectsUseTheReferenceBackend" />
    </UnitTest>
    <UnitTest name="Ubytec.Tests.LoopReductionTests.AliasedOneByteReadHasAnIndependentExpectedResult(offset: -72, expected: 42)" storage="REDACTED_LOCAL_ROOT/ubytec.tests/bin/release/net10.0/ubytec.tests.dll" id="41076293-6f98-7b68-b815-c3db31ad5df2">
      <Execution id="1340205f-3e7c-4093-9f5c-00c8e219aa28" />
      <TestMethod codeBase="REDACTED_LOCAL_ROOT/Ubytec.Tests/bin/Release/net10.0/Ubytec.Tests.dll" adapterTypeName="executor://xunit/VsTestRunner2/netcoreapp" className="Ubytec.Tests.LoopReductionTests" name="AliasedOneByteReadHasAnIndependentExpectedResult" />
    </UnitTest>
    <UnitTest name="Ubytec.Tests.LoopReductionTests.RawInputCanAliasLocalsAndLiveOrConsumedEvaluationCells(profile: 1)" storage="REDACTED_LOCAL_ROOT/ubytec.tests/bin/release/net10.0/ubytec.tests.dll" id="7c5ca256-986e-9ebf-1688-af5fb6849702">
      <Execution id="2e1c001a-7d36-4341-9694-b59d733c7ceb" />
      <TestMethod codeBase="REDACTED_LOCAL_ROOT/Ubytec.Tests/bin/Release/net10.0/Ubytec.Tests.dll" adapterTypeName="executor://xunit/VsTestRunner2/netcoreapp" className="Ubytec.Tests.LoopReductionTests" name="RawInputCanAliasLocalsAndLiveOrConsumedEvaluationCells" />
    </UnitTest>
    <UnitTest name="Ubytec.Tests.LoopReductionTests.SuccessfulReturnPreservesTheEntireWrittenFrameAndResidualStack(profile: 6)" storage="REDACTED_LOCAL_ROOT/ubytec.tests/bin/release/net10.0/ubytec.tests.dll" id="7c198f6b-a0a5-0e51-c840-e8099723b9db">
      <Execution id="9c9fa715-3781-4f9e-8950-e80d2489630f" />
      <TestMethod codeBase="REDACTED_LOCAL_ROOT/Ubytec.Tests/bin/Release/net10.0/Ubytec.Tests.dll" adapterTypeName="executor://xunit/VsTestRunner2/netcoreapp" className="Ubytec.Tests.LoopReductionTests" name="SuccessfulReturnPreservesTheEntireWrittenFrameAndResidualStack" />
    </UnitTest>
    <UnitTest name="Ubytec.Tests.LoopReductionTests.AliasedOneByteReadHasAnIndependentExpectedResult(offset: -56, expected: 84)" storage="REDACTED_LOCAL_ROOT/ubytec.tests/bin/release/net10.0/ubytec.tests.dll" id="f6b7c615-4642-78c0-9218-e72a84a87138">
      <Execution id="346d6afe-6521-4c60-bcde-11b1fc0efa45" />
      <TestMethod codeBase="REDACTED_LOCAL_ROOT/Ubytec.Tests/bin/Release/net10.0/Ubytec.Tests.dll" adapterTypeName="executor://xunit/VsTestRunner2/netcoreapp" className="Ubytec.Tests.LoopReductionTests" name="AliasedOneByteReadHasAnIndependentExpectedResult" />
    </UnitTest>
    <UnitTest name="Ubytec.Tests.LoopReductionTests.NativeResultsPreserveUnsignedWrapNonzeroStartAndExactBytes(profile: 7)" storage="REDACTED_LOCAL_ROOT/ubytec.tests/bin/release/net10.0/ubytec.tests.dll" id="843ed04b-fe18-8091-320c-86ad3204330d">
      <Execution id="d1471bda-f63d-47b6-9667-5be2072ad4f5" />
      <TestMethod codeBase="REDACTED_LOCAL_ROOT/Ubytec.Tests/bin/Release/net10.0/Ubytec.Tests.dll" adapterTypeName="executor://xunit/VsTestRunner2/netcoreapp" className="Ubytec.Tests.LoopReductionTests" name="NativeResultsPreserveUnsignedWrapNonzeroStartAndExactBytes" />
    </UnitTest>
    <UnitTest name="Ubytec.Tests.LoopReductionTests.RawInputCanAliasLocalsAndLiveOrConsumedEvaluationCells(profile: 5)" storage="REDACTED_LOCAL_ROOT/ubytec.tests/bin/release/net10.0/ubytec.tests.dll" id="6fe33c6f-d669-4179-e561-fb26bbfe8745">
      <Execution id="b8446115-2d80-416f-aebb-4c60f3ea9032" />
      <TestMethod codeBase="REDACTED_LOCAL_ROOT/Ubytec.Tests/bin/Release/net10.0/Ubytec.Tests.dll" adapterTypeName="executor://xunit/VsTestRunner2/netcoreapp" className="Ubytec.Tests.LoopReductionTests" name="RawInputCanAliasLocalsAndLiveOrConsumedEvaluationCells" />
    </UnitTest>
    <UnitTest name="Ubytec.Tests.LoopReductionTests.AliasedOneByteReadHasAnIndependentExpectedResult(offset: -48, expected: 84)" storage="REDACTED_LOCAL_ROOT/ubytec.tests/bin/release/net10.0/ubytec.tests.dll" id="40b10bc0-d2f0-87ca-64dc-06870152ecf6">
      <Execution id="2c80ce89-8a78-4bcb-8d23-edfe7047d25d" />
      <TestMethod codeBase="REDACTED_LOCAL_ROOT/Ubytec.Tests/bin/Release/net10.0/Ubytec.Tests.dll" adapterTypeName="executor://xunit/VsTestRunner2/netcoreapp" className="Ubytec.Tests.LoopReductionTests" name="AliasedOneByteReadHasAnIndependentExpectedResult" />
    </UnitTest>
    <UnitTest name="Ubytec.Tests.LoopReductionTests.OtherWidthsConditionsOrEffectsUseTheReferenceBackend(original: &quot;t_uint64 cursor 0&quot;, change: &quot;t_uint32 cursor 0&quot;, count: 1, expected: 255)" storage="REDACTED_LOCAL_ROOT/ubytec.tests/bin/release/net10.0/ubytec.tests.dll" id="7721792a-0078-f62e-6f03-09e2c91fa2c3">
      <Execution id="6a3eef1b-c548-4751-a8ab-a3dce6f418d7" />
      <TestMethod codeBase="REDACTED_LOCAL_ROOT/Ubytec.Tests/bin/Release/net10.0/Ubytec.Tests.dll" adapterTypeName="executor://xunit/VsTestRunner2/netcoreapp" className="Ubytec.Tests.LoopReductionTests" name="OtherWidthsConditionsOrEffectsUseTheReferenceBackend" />
    </UnitTest>
    <UnitTest name="Ubytec.Tests.LoopReductionTests.EmptyReductionDoesNotReadItsInvalidInputOrWriteDeeperCells(profile: 4)" storage="REDACTED_LOCAL_ROOT/ubytec.tests/bin/release/net10.0/ubytec.tests.dll" id="942a6829-f8ee-d907-f149-8f953a65e071">
      <Execution id="806445b5-605b-46df-9d0d-20b64a7bab87" />
      <TestMethod codeBase="REDACTED_LOCAL_ROOT/Ubytec.Tests/bin/Release/net10.0/Ubytec.Tests.dll" adapterTypeName="executor://xunit/VsTestRunner2/netcoreapp" className="Ubytec.Tests.LoopReductionTests" name="EmptyReductionDoesNotReadItsInvalidInputOrWriteDeeperCells" />
    </UnitTest>
    <UnitTest name="Ubytec.Tests.LoopReductionTests.ReferenceValidationStillRejectsAnExplicitWrongReturnType" storage="REDACTED_LOCAL_ROOT/ubytec.tests/bin/release/net10.0/ubytec.tests.dll" id="a2fa4a05-6d10-18c1-cf94-e8a0db870b6f">
      <Execution id="1cbf075f-7699-4d27-a6fc-e364f60be4ee" />
      <TestMethod codeBase="REDACTED_LOCAL_ROOT/Ubytec.Tests/bin/Release/net10.0/Ubytec.Tests.dll" adapterTypeName="executor://xunit/VsTestRunner2/netcoreapp" className="Ubytec.Tests.LoopReductionTests" name="ReferenceValidationStillRejectsAnExplicitWrongReturnType" />
    </UnitTest>
    <UnitTest name="Ubytec.Tests.LoopReductionTests.NativeResultsPreserveUnsignedWrapNonzeroStartAndExactBytes(profile: 3)" storage="REDACTED_LOCAL_ROOT/ubytec.tests/bin/release/net10.0/ubytec.tests.dll" id="3f6cbc6e-98dc-0af9-a6c0-da0b4dc89802">
      <Execution id="7de23ee3-66ca-4a42-809d-40d6b9f8d00b" />
      <TestMethod codeBase="REDACTED_LOCAL_ROOT/Ubytec.Tests/bin/Release/net10.0/Ubytec.Tests.dll" adapterTypeName="executor://xunit/VsTestRunner2/netcoreapp" className="Ubytec.Tests.LoopReductionTests" name="NativeResultsPreserveUnsignedWrapNonzeroStartAndExactBytes" />
    </UnitTest>
    <UnitTest name="Ubytec.Tests.LoopReductionTests.SuccessfulReturnPreservesTheEntireWrittenFrameAndResidualStack(profile: 7)" storage="REDACTED_LOCAL_ROOT/ubytec.tests/bin/release/net10.0/ubytec.tests.dll" id="d0f03a20-a3a5-c94c-f89f-e80091e4daf1">
      <Execution id="bb5591fd-e342-47d7-bf39-f949f2403597" />
      <TestMethod codeBase="REDACTED_LOCAL_ROOT/Ubytec.Tests/bin/Release/net10.0/Ubytec.Tests.dll" adapterTypeName="executor://xunit/VsTestRunner2/netcoreapp" className="Ubytec.Tests.LoopReductionTests" name="SuccessfulReturnPreservesTheEntireWrittenFrameAndResidualStack" />
    </UnitTest>
    <UnitTest name="Ubytec.Tests.LoopReductionTests.EmptyReductionDoesNotReadItsInvalidInputOrWriteDeeperCells(profile: 1)" storage="REDACTED_LOCAL_ROOT/ubytec.tests/bin/release/net10.0/ubytec.tests.dll" id="258e75b2-243d-8952-14f3-0f6626987a2d">
      <Execution id="be9afcc6-ab76-4db0-85ca-a58bf40993aa" />
      <TestMethod codeBase="REDACTED_LOCAL_ROOT/Ubytec.Tests/bin/Release/net10.0/Ubytec.Tests.dll" adapterTypeName="executor://xunit/VsTestRunner2/netcoreapp" className="Ubytec.Tests.LoopReductionTests" name="EmptyReductionDoesNotReadItsInvalidInputOrWriteDeeperCells" />
    </UnitTest>
    <UnitTest name="Ubytec.Tests.LoopReductionTests.OtherWidthsConditionsOrEffectsUseTheReferenceBackend(original: &quot;while @cursor &lt; @size&quot;, change: &quot;while @cursor &lt;= @size&quot;, count: 1, expected: 256)" storage="REDACTED_LOCAL_ROOT/ubytec.tests/bin/release/net10.0/ubytec.tests.dll" id="a49cc7c3-9615-113a-1ec5-d2684ce84b40">
      <Execution id="edf67ffa-9884-4503-8d7b-6617c4ddf494" />
      <TestMethod codeBase="REDACTED_LOCAL_ROOT/Ubytec.Tests/bin/Release/net10.0/Ubytec.Tests.dll" adapterTypeName="executor://xunit/VsTestRunner2/netcoreapp" className="Ubytec.Tests.LoopReductionTests" name="OtherWidthsConditionsOrEffectsUseTheReferenceBackend" />
    </UnitTest>
    <UnitTest name="Ubytec.Tests.LoopReductionTests.RawInputCanAliasLocalsAndLiveOrConsumedEvaluationCells(profile: 2)" storage="REDACTED_LOCAL_ROOT/ubytec.tests/bin/release/net10.0/ubytec.tests.dll" id="749cde8e-07b8-2de3-0e38-61844eac1cbc">
      <Execution id="c4909f85-df3f-49e6-9ea5-1cc1570afa27" />
      <TestMethod codeBase="REDACTED_LOCAL_ROOT/Ubytec.Tests/bin/Release/net10.0/Ubytec.Tests.dll" adapterTypeName="executor://xunit/VsTestRunner2/netcoreapp" className="Ubytec.Tests.LoopReductionTests" name="RawInputCanAliasLocalsAndLiveOrConsumedEvaluationCells" />
    </UnitTest>
    <UnitTest name="Ubytec.Tests.LoopReductionTests.RawInputCanAliasLocalsAndLiveOrConsumedEvaluationCells(profile: 0)" storage="REDACTED_LOCAL_ROOT/ubytec.tests/bin/release/net10.0/ubytec.tests.dll" id="d97e6a9d-8260-342c-488b-19a5429fb3cb">
      <Execution id="523db639-3a71-41fa-9fdb-90aa78c89049" />
      <TestMethod codeBase="REDACTED_LOCAL_ROOT/Ubytec.Tests/bin/Release/net10.0/Ubytec.Tests.dll" adapterTypeName="executor://xunit/VsTestRunner2/netcoreapp" className="Ubytec.Tests.LoopReductionTests" name="RawInputCanAliasLocalsAndLiveOrConsumedEvaluationCells" />
    </UnitTest>
    <UnitTest name="Ubytec.Tests.LoopReductionTests.SuccessfulReturnPreservesTheEntireWrittenFrameAndResidualStack(profile: 0)" storage="REDACTED_LOCAL_ROOT/ubytec.tests/bin/release/net10.0/ubytec.tests.dll" id="50d83801-03bc-ceac-5253-323d6e1dc6ab">
      <Execution id="0c8d36f0-238c-4028-a3f9-18f073c42f45" />
      <TestMethod codeBase="REDACTED_LOCAL_ROOT/Ubytec.Tests/bin/Release/net10.0/Ubytec.Tests.dll" adapterTypeName="executor://xunit/VsTestRunner2/netcoreapp" className="Ubytec.Tests.LoopReductionTests" name="SuccessfulReturnPreservesTheEntireWrittenFrameAndResidualStack" />
    </UnitTest>
    <UnitTest name="Ubytec.Tests.LoopReductionTests.EmptyReductionDoesNotReadItsInvalidInputOrWriteDeeperCells(profile: 2)" storage="REDACTED_LOCAL_ROOT/ubytec.tests/bin/release/net10.0/ubytec.tests.dll" id="060fd3f5-500d-805c-7e6a-df07b0eb5de4">
      <Execution id="59ead205-edd6-4529-bf6b-f589afedea3f" />
      <TestMethod codeBase="REDACTED_LOCAL_ROOT/Ubytec.Tests/bin/Release/net10.0/Ubytec.Tests.dll" adapterTypeName="executor://xunit/VsTestRunner2/netcoreapp" className="Ubytec.Tests.LoopReductionTests" name="EmptyReductionDoesNotReadItsInvalidInputOrWriteDeeperCells" />
    </UnitTest>
    <UnitTest name="Ubytec.Tests.LoopReductionTests.NativeResultsPreserveUnsignedWrapNonzeroStartAndExactBytes(profile: 0)" storage="REDACTED_LOCAL_ROOT/ubytec.tests/bin/release/net10.0/ubytec.tests.dll" id="97fb4992-0a79-e871-8475-63ce71bd85c1">
      <Execution id="65836a68-71dc-4bb1-b4ca-a6d99433ed70" />
      <TestMethod codeBase="REDACTED_LOCAL_ROOT/Ubytec.Tests/bin/Release/net10.0/Ubytec.Tests.dll" adapterTypeName="executor://xunit/VsTestRunner2/netcoreapp" className="Ubytec.Tests.LoopReductionTests" name="NativeResultsPreserveUnsignedWrapNonzeroStartAndExactBytes" />
    </UnitTest>
    <UnitTest name="Ubytec.Tests.LoopReductionTests.EmptyReductionDoesNotReadItsInvalidInputOrWriteDeeperCells(profile: 0)" storage="REDACTED_LOCAL_ROOT/ubytec.tests/bin/release/net10.0/ubytec.tests.dll" id="4ebf3c22-3d54-2d83-5781-b2cc83da345e">
      <Execution id="a9b68735-f622-407f-8a05-49ee076cf049" />
      <TestMethod codeBase="REDACTED_LOCAL_ROOT/Ubytec.Tests/bin/Release/net10.0/Ubytec.Tests.dll" adapterTypeName="executor://xunit/VsTestRunner2/netcoreapp" className="Ubytec.Tests.LoopReductionTests" name="EmptyReductionDoesNotReadItsInvalidInputOrWriteDeeperCells" />
    </UnitTest>
    <UnitTest name="Ubytec.Tests.LoopReductionTests.NativeResultsPreserveUnsignedWrapNonzeroStartAndExactBytes(profile: 1)" storage="REDACTED_LOCAL_ROOT/ubytec.tests/bin/release/net10.0/ubytec.tests.dll" id="1f51da1e-6317-6ba2-28e9-fbcbb716b096">
      <Execution id="adec369c-9514-4f41-bbec-6e6890aa448f" />
      <TestMethod codeBase="REDACTED_LOCAL_ROOT/Ubytec.Tests/bin/Release/net10.0/Ubytec.Tests.dll" adapterTypeName="executor://xunit/VsTestRunner2/netcoreapp" className="Ubytec.Tests.LoopReductionTests" name="NativeResultsPreserveUnsignedWrapNonzeroStartAndExactBytes" />
    </UnitTest>
    <UnitTest name="Ubytec.Tests.LoopReductionTests.NativeResultsPreserveUnsignedWrapNonzeroStartAndExactBytes(profile: 2)" storage="REDACTED_LOCAL_ROOT/ubytec.tests/bin/release/net10.0/ubytec.tests.dll" id="ac9ba960-6d44-3642-803a-3b9ec534c850">
      <Execution id="daf52ab2-b6c5-4992-8056-6ce563edc389" />
      <TestMethod codeBase="REDACTED_LOCAL_ROOT/Ubytec.Tests/bin/Release/net10.0/Ubytec.Tests.dll" adapterTypeName="executor://xunit/VsTestRunner2/netcoreapp" className="Ubytec.Tests.LoopReductionTests" name="NativeResultsPreserveUnsignedWrapNonzeroStartAndExactBytes" />
    </UnitTest>
    <UnitTest name="Ubytec.Tests.LoopReductionTests.NativeResultsPreserveUnsignedWrapNonzeroStartAndExactBytes(profile: 4)" storage="REDACTED_LOCAL_ROOT/ubytec.tests/bin/release/net10.0/ubytec.tests.dll" id="6218d33e-a769-d4d2-3f66-62e8dab78e4d">
      <Execution id="8cb87b20-3df3-461c-b9cd-fd519482667b" />
      <TestMethod codeBase="REDACTED_LOCAL_ROOT/Ubytec.Tests/bin/Release/net10.0/Ubytec.Tests.dll" adapterTypeName="executor://xunit/VsTestRunner2/netcoreapp" className="Ubytec.Tests.LoopReductionTests" name="NativeResultsPreserveUnsignedWrapNonzeroStartAndExactBytes" />
    </UnitTest>
    <UnitTest name="Ubytec.Tests.LoopReductionTests.RecognitionUsesBindingsWithEitherArgumentAndLocalOrder" storage="REDACTED_LOCAL_ROOT/ubytec.tests/bin/release/net10.0/ubytec.tests.dll" id="d6747320-0dd7-d3e3-677d-55bb079ee430">
      <Execution id="dd96628f-fd49-4335-adf6-23c509c8360d" />
      <TestMethod codeBase="REDACTED_LOCAL_ROOT/Ubytec.Tests/bin/Release/net10.0/Ubytec.Tests.dll" adapterTypeName="executor://xunit/VsTestRunner2/netcoreapp" className="Ubytec.Tests.LoopReductionTests" name="RecognitionUsesBindingsWithEitherArgumentAndLocalOrder" />
    </UnitTest>
    <UnitTest name="Ubytec.Tests.LoopReductionTests.EmptyReductionDoesNotReadItsInvalidInputOrWriteDeeperCells(profile: 6)" storage="REDACTED_LOCAL_ROOT/ubytec.tests/bin/release/net10.0/ubytec.tests.dll" id="7fc99389-8ab3-4a54-d57b-c1839ce2bd6a">
      <Execution id="5b9a9114-823f-4fff-9c4a-60baf1f256f7" />
      <TestMethod codeBase="REDACTED_LOCAL_ROOT/Ubytec.Tests/bin/Release/net10.0/Ubytec.Tests.dll" adapterTypeName="executor://xunit/VsTestRunner2/netcoreapp" className="Ubytec.Tests.LoopReductionTests" name="EmptyReductionDoesNotReadItsInvalidInputOrWriteDeeperCells" />
    </UnitTest>
    <UnitTest name="Ubytec.Tests.LoopReductionTests.OtherWidthsConditionsOrEffectsUseTheReferenceBackend(original: &quot;load t_byte&quot;, change: &quot;load t_sbyte&quot;, count: 1, expected: -1)" storage="REDACTED_LOCAL_ROOT/ubytec.tests/bin/release/net10.0/ubytec.tests.dll" id="f8f66256-2ce0-d996-66b3-ff94ed2e9ee1">
      <Execution id="8cd9d6f1-31c6-46a9-bca0-8605af964616" />
      <TestMethod codeBase="REDACTED_LOCAL_ROOT/Ubytec.Tests/bin/Release/net10.0/Ubytec.Tests.dll" adapterTypeName="executor://xunit/VsTestRunner2/netcoreapp" className="Ubytec.Tests.LoopReductionTests" name="OtherWidthsConditionsOrEffectsUseTheReferenceBackend" />
    </UnitTest>
    <UnitTest name="Ubytec.Tests.LoopReductionTests.SuccessfulReturnPreservesTheEntireWrittenFrameAndResidualStack(profile: 3)" storage="REDACTED_LOCAL_ROOT/ubytec.tests/bin/release/net10.0/ubytec.tests.dll" id="8154cb41-b8a1-29bf-8b1e-4ab3e87cf42e">
      <Execution id="ef2f21ff-9ce8-4b2f-8476-16d81e569eca" />
      <TestMethod codeBase="REDACTED_LOCAL_ROOT/Ubytec.Tests/bin/Release/net10.0/Ubytec.Tests.dll" adapterTypeName="executor://xunit/VsTestRunner2/netcoreapp" className="Ubytec.Tests.LoopReductionTests" name="SuccessfulReturnPreservesTheEntireWrittenFrameAndResidualStack" />
    </UnitTest>
  </TestDefinitions>
  <TestEntries>
    <TestEntry testId="9f940926-dfd2-b3ff-43c8-a3d662e9029f" executionId="5d12d9a6-6ceb-4b89-90ef-c03d324543ba" testListId="8c84fa94-04c1-424b-9868-57a2d4851a1d" />
    <TestEntry testId="5edc80ec-2102-5d1f-e8a1-767e7067f0b2" executionId="1106a3e0-983b-404f-bc4c-7099f8d8fe82" testListId="8c84fa94-04c1-424b-9868-57a2d4851a1d" />
    <TestEntry testId="737b2854-8add-9753-7945-8d74fba842b1" executionId="fb6bc865-0657-402d-9ff1-ce9201670fc0" testListId="8c84fa94-04c1-424b-9868-57a2d4851a1d" />
    <TestEntry testId="060fd3f5-500d-805c-7e6a-df07b0eb5de4" executionId="59ead205-edd6-4529-bf6b-f589afedea3f" testListId="8c84fa94-04c1-424b-9868-57a2d4851a1d" />
    <TestEntry testId="9724610c-1539-2608-520a-df9455307a7d" executionId="2c92f8bc-aa81-4a9b-969d-6004fc9d7e62" testListId="8c84fa94-04c1-424b-9868-57a2d4851a1d" />
    <TestEntry testId="a2fa4a05-6d10-18c1-cf94-e8a0db870b6f" executionId="1cbf075f-7699-4d27-a6fc-e364f60be4ee" testListId="8c84fa94-04c1-424b-9868-57a2d4851a1d" />
    <TestEntry testId="6fe33c6f-d669-4179-e561-fb26bbfe8745" executionId="b8446115-2d80-416f-aebb-4c60f3ea9032" testListId="8c84fa94-04c1-424b-9868-57a2d4851a1d" />
    <TestEntry testId="f54ff13b-2f43-28e1-bba2-e3c85a235ea4" executionId="3f42668f-430f-45f0-8c5e-9950b09cf000" testListId="8c84fa94-04c1-424b-9868-57a2d4851a1d" />
    <TestEntry testId="ac9ba960-6d44-3642-803a-3b9ec534c850" executionId="daf52ab2-b6c5-4992-8056-6ce563edc389" testListId="8c84fa94-04c1-424b-9868-57a2d4851a1d" />
    <TestEntry testId="4bf622d5-aec9-0560-95f2-0c1c857a28cf" executionId="8804211b-fa63-4c3d-bf78-3b0bdb896f09" testListId="8c84fa94-04c1-424b-9868-57a2d4851a1d" />
    <TestEntry testId="f6b7c615-4642-78c0-9218-e72a84a87138" executionId="346d6afe-6521-4c60-bcde-11b1fc0efa45" testListId="8c84fa94-04c1-424b-9868-57a2d4851a1d" />
    <TestEntry testId="4cf8db37-bd7a-fa9f-6957-c0441d0f8a94" executionId="ae325254-e218-4b53-b2b0-c60ded16ed23" testListId="8c84fa94-04c1-424b-9868-57a2d4851a1d" />
    <TestEntry testId="21478145-91e7-92db-ef84-945f4f92a425" executionId="891fb6ef-f148-4d9a-b7f0-7013dd721a6d" testListId="8c84fa94-04c1-424b-9868-57a2d4851a1d" />
    <TestEntry testId="8154cb41-b8a1-29bf-8b1e-4ab3e87cf42e" executionId="ef2f21ff-9ce8-4b2f-8476-16d81e569eca" testListId="8c84fa94-04c1-424b-9868-57a2d4851a1d" />
    <TestEntry testId="1f51da1e-6317-6ba2-28e9-fbcbb716b096" executionId="adec369c-9514-4f41-bbec-6e6890aa448f" testListId="8c84fa94-04c1-424b-9868-57a2d4851a1d" />
    <TestEntry testId="97fb4992-0a79-e871-8475-63ce71bd85c1" executionId="65836a68-71dc-4bb1-b4ca-a6d99433ed70" testListId="8c84fa94-04c1-424b-9868-57a2d4851a1d" />
    <TestEntry testId="749cde8e-07b8-2de3-0e38-61844eac1cbc" executionId="c4909f85-df3f-49e6-9ea5-1cc1570afa27" testListId="8c84fa94-04c1-424b-9868-57a2d4851a1d" />
    <TestEntry testId="7c5ca256-986e-9ebf-1688-af5fb6849702" executionId="2e1c001a-7d36-4341-9694-b59d733c7ceb" testListId="8c84fa94-04c1-424b-9868-57a2d4851a1d" />
    <TestEntry testId="41076293-6f98-7b68-b815-c3db31ad5df2" executionId="1340205f-3e7c-4093-9f5c-00c8e219aa28" testListId="8c84fa94-04c1-424b-9868-57a2d4851a1d" />
    <TestEntry testId="b042d9ab-3585-4e6f-a0ee-ca019fcb183a" executionId="3bac881a-2146-4f35-8f56-376b7e82de3b" testListId="8c84fa94-04c1-424b-9868-57a2d4851a1d" />
    <TestEntry testId="258e75b2-243d-8952-14f3-0f6626987a2d" executionId="be9afcc6-ab76-4db0-85ca-a58bf40993aa" testListId="8c84fa94-04c1-424b-9868-57a2d4851a1d" />
    <TestEntry testId="2bb1baf2-c812-a501-5a28-7102b6601638" executionId="3a9012fc-c703-4c2c-a2be-659b21a944cf" testListId="8c84fa94-04c1-424b-9868-57a2d4851a1d" />
    <TestEntry testId="3f6cbc6e-98dc-0af9-a6c0-da0b4dc89802" executionId="7de23ee3-66ca-4a42-809d-40d6b9f8d00b" testListId="8c84fa94-04c1-424b-9868-57a2d4851a1d" />
    <TestEntry testId="24344afb-83e8-f493-6f46-b24ffd6d29fc" executionId="6616bd3a-d84e-41fb-abce-e5eaa83546b1" testListId="8c84fa94-04c1-424b-9868-57a2d4851a1d" />
    <TestEntry testId="6218d33e-a769-d4d2-3f66-62e8dab78e4d" executionId="8cb87b20-3df3-461c-b9cd-fd519482667b" testListId="8c84fa94-04c1-424b-9868-57a2d4851a1d" />
    <TestEntry testId="7fc99389-8ab3-4a54-d57b-c1839ce2bd6a" executionId="5b9a9114-823f-4fff-9c4a-60baf1f256f7" testListId="8c84fa94-04c1-424b-9868-57a2d4851a1d" />
    <TestEntry testId="d6747320-0dd7-d3e3-677d-55bb079ee430" executionId="dd96628f-fd49-4335-adf6-23c509c8360d" testListId="8c84fa94-04c1-424b-9868-57a2d4851a1d" />
    <TestEntry testId="a149f67e-e6fa-95f8-6e27-49cf673f2079" executionId="cf76ba1e-5746-458b-8be8-10a07d53d532" testListId="8c84fa94-04c1-424b-9868-57a2d4851a1d" />
    <TestEntry testId="4ebf3c22-3d54-2d83-5781-b2cc83da345e" executionId="a9b68735-f622-407f-8a05-49ee076cf049" testListId="8c84fa94-04c1-424b-9868-57a2d4851a1d" />
    <TestEntry testId="a49cc7c3-9615-113a-1ec5-d2684ce84b40" executionId="edf67ffa-9884-4503-8d7b-6617c4ddf494" testListId="8c84fa94-04c1-424b-9868-57a2d4851a1d" />
    <TestEntry testId="f8f66256-2ce0-d996-66b3-ff94ed2e9ee1" executionId="8cd9d6f1-31c6-46a9-bca0-8605af964616" testListId="8c84fa94-04c1-424b-9868-57a2d4851a1d" />
    <TestEntry testId="7c198f6b-a0a5-0e51-c840-e8099723b9db" executionId="9c9fa715-3781-4f9e-8950-e80d2489630f" testListId="8c84fa94-04c1-424b-9868-57a2d4851a1d" />
    <TestEntry testId="843ed04b-fe18-8091-320c-86ad3204330d" executionId="d1471bda-f63d-47b6-9667-5be2072ad4f5" testListId="8c84fa94-04c1-424b-9868-57a2d4851a1d" />
    <TestEntry testId="d97e6a9d-8260-342c-488b-19a5429fb3cb" executionId="523db639-3a71-41fa-9fdb-90aa78c89049" testListId="8c84fa94-04c1-424b-9868-57a2d4851a1d" />
    <TestEntry testId="50d83801-03bc-ceac-5253-323d6e1dc6ab" executionId="0c8d36f0-238c-4028-a3f9-18f073c42f45" testListId="8c84fa94-04c1-424b-9868-57a2d4851a1d" />
    <TestEntry testId="c99b41ed-8432-ecd2-9b4f-51ab3f2a766d" executionId="f18cb5ec-e919-48a5-a8b6-08ca54a82cf4" testListId="8c84fa94-04c1-424b-9868-57a2d4851a1d" />
    <TestEntry testId="40b10bc0-d2f0-87ca-64dc-06870152ecf6" executionId="2c80ce89-8a78-4bcb-8d23-edfe7047d25d" testListId="8c84fa94-04c1-424b-9868-57a2d4851a1d" />
    <TestEntry testId="158c9ff0-d16f-43f8-b420-328084bf177e" executionId="a8b2380c-0f25-45d3-8970-1a56a58ce0e1" testListId="8c84fa94-04c1-424b-9868-57a2d4851a1d" />
    <TestEntry testId="942a6829-f8ee-d907-f149-8f953a65e071" executionId="806445b5-605b-46df-9d0d-20b64a7bab87" testListId="8c84fa94-04c1-424b-9868-57a2d4851a1d" />
    <TestEntry testId="7721792a-0078-f62e-6f03-09e2c91fa2c3" executionId="6a3eef1b-c548-4751-a8ab-a3dce6f418d7" testListId="8c84fa94-04c1-424b-9868-57a2d4851a1d" />
    <TestEntry testId="dda3a10c-6223-ab60-d9ce-aef7218e9dcc" executionId="ff14caa9-dfd4-4b79-9b5f-934f96675fa4" testListId="8c84fa94-04c1-424b-9868-57a2d4851a1d" />
    <TestEntry testId="63c462a1-907e-dc56-fc9f-34b2a0a5c8d0" executionId="94ff6539-6b5a-406a-985e-f14d4c0d9a1f" testListId="8c84fa94-04c1-424b-9868-57a2d4851a1d" />
    <TestEntry testId="5fca5b10-1e65-fc6e-a542-638dcfe44d73" executionId="c0b72c0a-f0aa-430f-bf61-bdf3aee1708a" testListId="8c84fa94-04c1-424b-9868-57a2d4851a1d" />
    <TestEntry testId="f9b75dc2-7571-e23c-61ce-b77a8dcf99fc" executionId="8c172a86-e0b9-4c2c-b151-2074e936f249" testListId="8c84fa94-04c1-424b-9868-57a2d4851a1d" />
    <TestEntry testId="d0f03a20-a3a5-c94c-f89f-e80091e4daf1" executionId="bb5591fd-e342-47d7-bf39-f949f2403597" testListId="8c84fa94-04c1-424b-9868-57a2d4851a1d" />
  </TestEntries>
  <TestLists>
    <TestList name="Results Not in a List" id="8c84fa94-04c1-424b-9868-57a2d4851a1d" />
    <TestList name="All Loaded Results" id="19431567-8539-422a-85d7-44ee4e166bda" />
  </TestLists>
  <ResultSummary outcome="Completed">
    <Counters total="45" executed="45" passed="45" failed="0" error="0" timeout="0" aborted="0" inconclusive="0" passedButRunAborted="0" notRunnable="0" notExecuted="0" disconnected="0" warning="0" completed="0" inProgress="0" pending="0" />
    <Output>
      <StdOut>[xUnit.net 00:00:00.00] xUnit.net VSTest Adapter v2.8.2+699d445a1a (64-bit .NET 10.0.12)
[xUnit.net 00:00:00.28]   Discovering: Ubytec.Tests
[xUnit.net 00:00:00.58]   Discovered:  Ubytec.Tests
[xUnit.net 00:00:00.59]   Starting:    Ubytec.Tests
[xUnit.net 00:00:06.89]   Finished:    Ubytec.Tests
</StdOut>
    </Output>
  </ResultSummary>
</TestRun>
