<?xml version="1.0" encoding="utf-8"?>
<TestRun xmlns="http://microsoft.com/schemas/VisualStudio/TeamTest/2010" id="ae628545-d526-475f-8f34-b2a9ce74a6c4" name="Ubytec archived test run">
  <Times creation="2026-10-06T03:56:30.8490848+02:00" queuing="2026-10-06T03:56:30.8490849+02:00" start="2026-10-06T03:56:27.2853684+02:00" finish="2026-10-06T03:56:49.2493120+02:00" />
  <TestSettings name="default" id="f9f25960-fbd9-4c7d-9c0f-285dbb1666e3">
    <Deployment runDeploymentRoot="ubytec-test-run" />
  </TestSettings>
  <Results>
    <UnitTestResult executionId="db93f99d-b8b0-4feb-bb7b-e0c587f7394d" testId="8ae576b0-e3b4-8b7b-598b-7cf5a3cda068" testName="Ubytec.Tests.LookupReductionTests.EmptyInputsAndEmptyNamesDoNotReadFabricatedPointers(profile: 4)" computerName="redacted" duration="00:00:00.0638416" startTime="2026-10-06T03:56:31.1024595+02:00" endTime="2026-10-06T03:56:31.1024596+02:00" testType="13cdc9d9-ddb5-4fa4-a97d-d965ccfc6d4b" outcome="Passed" testListId="8c84fa94-04c1-424b-9868-57a2d4851a1d" relativeResultsDirectory="db93f99d-b8b0-4feb-bb7b-e0c587f7394d" />
    <UnitTestResult executionId="3d4a919f-2ce8-4f38-967f-1ec7c6089909" testId="b6de2bdc-2453-c65f-e1bf-d2f384d35a77" testName="Ubytec.Tests.LookupReductionTests.RawRecordAndKeyPointersMayReadTheEvaluationLedgerAndFrame(profile: 4)" computerName="redacted" duration="00:00:01.4956396" startTime="2026-10-06T03:56:39.2068693+02:00" endTime="2026-10-06T03:56:39.2068694+02:00" testType="13cdc9d9-ddb5-4fa4-a97d-d965ccfc6d4b" outcome="Passed" testListId="8c84fa94-04c1-424b-9868-57a2d4851a1d" relativeResultsDirectory="3d4a919f-2ce8-4f38-967f-1ec7c6089909" />
    <UnitTestResult executionId="eae3c329-56d8-48d7-a185-f2bc057d8afb" testId="ff3b17a4-d992-259b-2138-ea3c20c9521e" testName="Ubytec.Tests.LookupReductionTests.BranchesReturnsAndAllWrittenFrameResidualCellsMatchReference(profile: 7)" computerName="redacted" duration="00:00:00.6590360" startTime="2026-10-06T03:56:44.7578318+02:00" endTime="2026-10-06T03:56:44.7578319+02:00" testType="13cdc9d9-ddb5-4fa4-a97d-d965ccfc6d4b" outcome="Passed" testListId="8c84fa94-04c1-424b-9868-57a2d4851a1d" relativeResultsDirectory="eae3c329-56d8-48d7-a185-f2bc057d8afb" />
    <UnitTestResult executionId="55d911a1-a835-4ba6-8fe6-35d972f0b924" testId="b1b05503-6c0a-e2f0-637c-e27446f543ba" testName="Ubytec.Tests.LookupReductionTests.RawRecordAndKeyPointersMayReadTheEvaluationLedgerAndFrame(profile: 5)" computerName="redacted" duration="00:00:01.1391849" startTime="2026-10-06T03:56:33.8018415+02:00" endTime="2026-10-06T03:56:33.8018416+02:00" testType="13cdc9d9-ddb5-4fa4-a97d-d965ccfc6d4b" outcome="Passed" testListId="8c84fa94-04c1-424b-9868-57a2d4851a1d" relativeResultsDirectory="55d911a1-a835-4ba6-8fe6-35d972f0b924" />
    <UnitTestResult executionId="eec35b3c-f1f2-4de7-be35-71e0f649d5c4" testId="caa8554f-db48-af67-28ba-9486e6a98ad9" testName="Ubytec.Tests.LookupReductionTests.DifferentConditionsWidthsAndEffectsRemainOnReference(before: &quot;while @i &lt; @count&quot;, after: &quot;while @i &lt;= @count&quot;)" computerName="redacted" duration="00:00:00.0704983" startTime="2026-10-06T03:56:48.5493863+02:00" endTime="2026-10-06T03:56:48.5493864+02:00" testType="13cdc9d9-ddb5-4fa4-a97d-d965ccfc6d4b" outcome="Passed" testListId="8c84fa94-04c1-424b-9868-57a2d4851a1d" relativeResultsDirectory="eec35b3c-f1f2-4de7-be35-71e0f649d5c4" />
    <UnitTestResult executionId="baa05066-afda-4416-ac15-e972636d4982" testId="60aaaf1a-99a0-0fd2-8f50-c29602259463" testName="Ubytec.Tests.LookupReductionTests.EmptyInputsAndEmptyNamesDoNotReadFabricatedPointers(profile: 1)" computerName="redacted" duration="00:00:00.0447610" startTime="2026-10-06T03:56:30.9436413+02:00" endTime="2026-10-06T03:56:30.9436415+02:00" testType="13cdc9d9-ddb5-4fa4-a97d-d965ccfc6d4b" outcome="Passed" testListId="8c84fa94-04c1-424b-9868-57a2d4851a1d" relativeResultsDirectory="baa05066-afda-4416-ac15-e972636d4982" />
    <UnitTestResult executionId="76b791ae-1eab-4f1e-8738-d113ef09d646" testId="13dcf1c2-7dca-a768-6058-8d29b0298e23" testName="Ubytec.Tests.LookupReductionTests.BranchesReturnsAndAllWrittenFrameResidualCellsMatchReference(profile: 3)" computerName="redacted" duration="00:00:00.7655083" startTime="2026-10-06T03:56:42.3547125+02:00" endTime="2026-10-06T03:56:42.3547126+02:00" testType="13cdc9d9-ddb5-4fa4-a97d-d965ccfc6d4b" outcome="Passed" testListId="8c84fa94-04c1-424b-9868-57a2d4851a1d" relativeResultsDirectory="76b791ae-1eab-4f1e-8738-d113ef09d646" />
    <UnitTestResult executionId="fa3a2a6a-0b94-49d6-87c1-ce8966bf1d6d" testId="114c761f-52a3-93b8-36cc-ec8271948cf1" testName="Ubytec.Tests.LookupReductionTests.DifferentConditionsWidthsAndEffectsRemainOnReference(before: &quot;push 0\nstore @j&quot;, after: &quot;push 1\nstore @j&quot;)" computerName="redacted" duration="00:00:00.0634671" startTime="2026-10-06T03:56:48.8108981+02:00" endTime="2026-10-06T03:56:48.8108982+02:00" testType="13cdc9d9-ddb5-4fa4-a97d-d965ccfc6d4b" outcome="Passed" testListId="8c84fa94-04c1-424b-9868-57a2d4851a1d" relativeResultsDirectory="fa3a2a6a-0b94-49d6-87c1-ce8966bf1d6d" />
    <UnitTestResult executionId="659e10b7-3656-4022-a2e0-941b060db2df" testId="60d30d42-e37f-58fa-60de-43632e8fd85e" testName="Ubytec.Tests.LookupReductionTests.BranchesReturnsAndAllWrittenFrameResidualCellsMatchReference(profile: 4)" computerName="redacted" duration="00:00:00.7942599" startTime="2026-10-06T03:56:43.1491125+02:00" endTime="2026-10-06T03:56:43.1491127+02:00" testType="13cdc9d9-ddb5-4fa4-a97d-d965ccfc6d4b" outcome="Passed" testListId="8c84fa94-04c1-424b-9868-57a2d4851a1d" relativeResultsDirectory="659e10b7-3656-4022-a2e0-941b060db2df" />
    <UnitTestResult executionId="37b2888f-28b4-4550-9765-f6da1b27a9ed" testId="eee6c167-2782-2fb5-2ade-daf226f3035c" testName="Ubytec.Tests.LookupReductionTests.OtherLayoutsAndBindingOrdersKeepOrdinalResults(profile: 3)" computerName="redacted" duration="00:00:00.0466958" startTime="2026-10-06T03:56:30.2285589+02:00" endTime="2026-10-06T03:56:30.2285590+02:00" testType="13cdc9d9-ddb5-4fa4-a97d-d965ccfc6d4b" outcome="Passed" testListId="8c84fa94-04c1-424b-9868-57a2d4851a1d" relativeResultsDirectory="37b2888f-28b4-4550-9765-f6da1b27a9ed" />
    <UnitTestResult executionId="83a94dde-1e15-46a5-9966-7ca5580fc094" testId="cd77a33b-f54a-42d3-ce7a-95393d184e39" testName="Ubytec.Tests.LookupReductionTests.OtherLayoutsAndBindingOrdersKeepOrdinalResults(profile: 7)" computerName="redacted" duration="00:00:00.9552862" startTime="2026-10-06T03:56:30.1830958+02:00" endTime="2026-10-06T03:56:30.1831313+02:00" testType="13cdc9d9-ddb5-4fa4-a97d-d965ccfc6d4b" outcome="Passed" testListId="8c84fa94-04c1-424b-9868-57a2d4851a1d" relativeResultsDirectory="83a94dde-1e15-46a5-9966-7ca5580fc094" />
    <UnitTestResult executionId="6cf8681c-5850-4c4c-84f0-bf1335beda0d" testId="f12c5e74-ca12-37d6-9862-58aecca33daf" testName="Ubytec.Tests.LookupReductionTests.DifferentConditionsWidthsAndEffectsRemainOnReference(before: &quot;load @i\ninc\nreturn&quot;, after: &quot;load @i\nreturn&quot;)" computerName="redacted" duration="00:00:00.0633775" startTime="2026-10-06T03:56:48.7473606+02:00" endTime="2026-10-06T03:56:48.7473617+02:00" testType="13cdc9d9-ddb5-4fa4-a97d-d965ccfc6d4b" outcome="Passed" testListId="8c84fa94-04c1-424b-9868-57a2d4851a1d" relativeResultsDirectory="6cf8681c-5850-4c4c-84f0-bf1335beda0d" />
    <UnitTestResult executionId="434ab861-7429-4ef4-a66f-5b9931c30f28" testId="3299c4a0-02aa-a4cc-e5e1-47302255701d" testName="Ubytec.Tests.LookupReductionTests.RawRecordAndKeyPointersMayReadTheEvaluationLedgerAndFrame(profile: 1)" computerName="redacted" duration="00:00:01.2385409" startTime="2026-10-06T03:56:35.0405283+02:00" endTime="2026-10-06T03:56:35.0405284+02:00" testType="13cdc9d9-ddb5-4fa4-a97d-d965ccfc6d4b" outcome="Passed" testListId="8c84fa94-04c1-424b-9868-57a2d4851a1d" relativeResultsDirectory="434ab861-7429-4ef4-a66f-5b9931c30f28" />
    <UnitTestResult executionId="4a7ee7a0-d4f3-4066-a6da-54c086bb66e6" testId="97c78017-21f0-463b-8ae9-df95eae1f67a" testName="Ubytec.Tests.LookupReductionTests.RawRecordAndKeyPointersMayReadTheEvaluationLedgerAndFrame(profile: 7)" computerName="redacted" duration="00:00:01.2409960" startTime="2026-10-06T03:56:41.5890102+02:00" endTime="2026-10-06T03:56:41.5890103+02:00" testType="13cdc9d9-ddb5-4fa4-a97d-d965ccfc6d4b" outcome="Passed" testListId="8c84fa94-04c1-424b-9868-57a2d4851a1d" relativeResultsDirectory="4a7ee7a0-d4f3-4066-a6da-54c086bb66e6" />
    <UnitTestResult executionId="3a34a72f-d0b5-4c08-b2e8-72dd24a58b0c" testId="a27f4b89-bb47-6343-2a4d-089f7701cc5e" testName="Ubytec.Tests.LookupReductionTests.BranchesReturnsAndAllWrittenFrameResidualCellsMatchReference(profile: 0)" computerName="redacted" duration="00:00:01.0800526" startTime="2026-10-06T03:56:48.4786571+02:00" endTime="2026-10-06T03:56:48.4786572+02:00" testType="13cdc9d9-ddb5-4fa4-a97d-d965ccfc6d4b" outcome="Passed" testListId="8c84fa94-04c1-424b-9868-57a2d4851a1d" relativeResultsDirectory="3a34a72f-d0b5-4c08-b2e8-72dd24a58b0c" />
    <UnitTestResult executionId="5f304311-a478-4830-8154-685edc5a66f7" testId="9b1ebfe1-eb2c-6a8d-86c2-5f177b502c22" testName="Ubytec.Tests.LookupReductionTests.DifferentConditionsWidthsAndEffectsRemainOnReference(before: &quot;if @j == @length&quot;, after: &quot;if @j != @length&quot;)" computerName="redacted" duration="00:00:00.0495450" startTime="2026-10-06T03:56:48.8605833+02:00" endTime="2026-10-06T03:56:48.8605834+02:00" testType="13cdc9d9-ddb5-4fa4-a97d-d965ccfc6d4b" outcome="Passed" testListId="8c84fa94-04c1-424b-9868-57a2d4851a1d" relativeResultsDirectory="5f304311-a478-4830-8154-685edc5a66f7" />
    <UnitTestResult executionId="8a230149-1ee7-466d-8863-f1c5c7b1a1ee" testId="e2a588c9-43da-a5b9-d1d2-403509cd6f1b" testName="Ubytec.Tests.LookupReductionTests.EmptyInputsAndEmptyNamesDoNotReadFabricatedPointers(profile: 5)" computerName="redacted" duration="00:00:00.0476200" startTime="2026-10-06T03:56:30.9914020+02:00" endTime="2026-10-06T03:56:30.9914022+02:00" testType="13cdc9d9-ddb5-4fa4-a97d-d965ccfc6d4b" outcome="Passed" testListId="8c84fa94-04c1-424b-9868-57a2d4851a1d" relativeResultsDirectory="8a230149-1ee7-466d-8863-f1c5c7b1a1ee" />
    <UnitTestResult executionId="c0496c1f-a0a9-449e-8b1f-3aa26556d255" testId="fa1c270a-34ef-0246-5b0f-91b6aa551058" testName="Ubytec.Tests.LookupReductionTests.RawRecordAndKeyPointersMayReadTheEvaluationLedgerAndFrame(profile: 0)" computerName="redacted" duration="00:00:01.2020952" startTime="2026-10-06T03:56:37.7110535+02:00" endTime="2026-10-06T03:56:37.7110536+02:00" testType="13cdc9d9-ddb5-4fa4-a97d-d965ccfc6d4b" outcome="Passed" testListId="8c84fa94-04c1-424b-9868-57a2d4851a1d" relativeResultsDirectory="c0496c1f-a0a9-449e-8b1f-3aa26556d255" />
    <UnitTestResult executionId="d1bb1384-bd81-4cd9-a35b-887ab785a035" testId="f0837910-1d97-db4e-35e4-a856886bd89b" testName="Ubytec.Tests.LookupReductionTests.BranchesReturnsAndAllWrittenFrameResidualCellsMatchReference(profile: 1)" computerName="redacted" duration="00:00:00.9404855" startTime="2026-10-06T03:56:45.6985022+02:00" endTime="2026-10-06T03:56:45.6985026+02:00" testType="13cdc9d9-ddb5-4fa4-a97d-d965ccfc6d4b" outcome="Passed" testListId="8c84fa94-04c1-424b-9868-57a2d4851a1d" relativeResultsDirectory="d1bb1384-bd81-4cd9-a35b-887ab785a035" />
    <UnitTestResult executionId="57550652-8026-4a37-b0a4-fd2829aaa5a3" testId="5c48f610-a94c-44f2-a8a0-cb6b5ddf3261" testName="Ubytec.Tests.LookupReductionTests.EmptyInputsAndEmptyNamesDoNotReadFabricatedPointers(profile: 2)" computerName="redacted" duration="00:00:00.0478412" startTime="2026-10-06T03:56:30.8175224+02:00" endTime="2026-10-06T03:56:30.8175226+02:00" testType="13cdc9d9-ddb5-4fa4-a97d-d965ccfc6d4b" outcome="Passed" testListId="8c84fa94-04c1-424b-9868-57a2d4851a1d" relativeResultsDirectory="57550652-8026-4a37-b0a4-fd2829aaa5a3" />
    <UnitTestResult executionId="29676d21-7312-4cd5-86fa-ebd4edf5bb61" testId="552459ce-5a3e-0246-a1ad-25d0074825fc" testName="Ubytec.Tests.LookupReductionTests.EmptyInputsAndEmptyNamesDoNotReadFabricatedPointers(profile: 0)" computerName="redacted" duration="00:00:00.0603093" startTime="2026-10-06T03:56:31.1629066+02:00" endTime="2026-10-06T03:56:31.1629067+02:00" testType="13cdc9d9-ddb5-4fa4-a97d-d965ccfc6d4b" outcome="Passed" testListId="8c84fa94-04c1-424b-9868-57a2d4851a1d" relativeResultsDirectory="29676d21-7312-4cd5-86fa-ebd4edf5bb61" />
    <UnitTestResult executionId="b9e00bef-18ee-4bda-afb3-0b728c195359" testId="3cda54a7-f3a6-65fb-4c8b-28abbaa4a8b8" testName="Ubytec.Tests.LookupReductionTests.RawRecordAndKeyPointersMayReadTheEvaluationLedgerAndFrame(profile: 6)" computerName="redacted" duration="00:00:01.1407053" startTime="2026-10-06T03:56:40.3477930+02:00" endTime="2026-10-06T03:56:40.3477931+02:00" testType="13cdc9d9-ddb5-4fa4-a97d-d965ccfc6d4b" outcome="Passed" testListId="8c84fa94-04c1-424b-9868-57a2d4851a1d" relativeResultsDirectory="b9e00bef-18ee-4bda-afb3-0b728c195359" />
    <UnitTestResult executionId="501467c6-392b-4e78-b04c-93c103536242" testId="d9776d53-fd70-646f-24cb-d882bf311c3a" testName="Ubytec.Tests.LookupReductionTests.EmptyInputsAndEmptyNamesDoNotReadFabricatedPointers(profile: 6)" computerName="redacted" duration="00:00:00.0810722" startTime="2026-10-06T03:56:30.8987797+02:00" endTime="2026-10-06T03:56:30.8987799+02:00" testType="13cdc9d9-ddb5-4fa4-a97d-d965ccfc6d4b" outcome="Passed" testListId="8c84fa94-04c1-424b-9868-57a2d4851a1d" relativeResultsDirectory="501467c6-392b-4e78-b04c-93c103536242" />
    <UnitTestResult executionId="cff29006-fb0b-44b4-97df-c87fb9950c27" testId="8f26ccbd-fe6c-5b02-1d1c-29749e2d9b97" testName="Ubytec.Tests.LookupReductionTests.RawRecordAndKeyPointersMayReadTheEvaluationLedgerAndFrame(profile: 2)" computerName="redacted" duration="00:00:01.4408057" startTime="2026-10-06T03:56:32.6624221+02:00" endTime="2026-10-06T03:56:32.6624223+02:00" testType="13cdc9d9-ddb5-4fa4-a97d-d965ccfc6d4b" outcome="Passed" testListId="8c84fa94-04c1-424b-9868-57a2d4851a1d" relativeResultsDirectory="cff29006-fb0b-44b4-97df-c87fb9950c27" />
    <UnitTestResult executionId="69ade856-2f78-4699-9b28-ee29092d169b" testId="1c69da60-9493-bded-8bcb-b74eb1668c9e" testName="Ubytec.Tests.LookupReductionTests.OtherLayoutsAndBindingOrdersKeepOrdinalResults(profile: 0)" computerName="redacted" duration="00:00:00.0646928" startTime="2026-10-06T03:56:30.2934123+02:00" endTime="2026-10-06T03:56:30.2934125+02:00" testType="13cdc9d9-ddb5-4fa4-a97d-d965ccfc6d4b" outcome="Passed" testListId="8c84fa94-04c1-424b-9868-57a2d4851a1d" relativeResultsDirectory="69ade856-2f78-4699-9b28-ee29092d169b" />
    <UnitTestResult executionId="74b11575-6966-4cea-9a1a-ce106f9745f6" testId="90e21a88-a3fc-340f-f072-3a3950e78a70" testName="Ubytec.Tests.LookupReductionTests.BranchesReturnsAndAllWrittenFrameResidualCellsMatchReference(profile: 5)" computerName="redacted" duration="00:00:00.8057701" startTime="2026-10-06T03:56:46.5046464+02:00" endTime="2026-10-06T03:56:46.5046465+02:00" testType="13cdc9d9-ddb5-4fa4-a97d-d965ccfc6d4b" outcome="Passed" testListId="8c84fa94-04c1-424b-9868-57a2d4851a1d" relativeResultsDirectory="74b11575-6966-4cea-9a1a-ce106f9745f6" />
    <UnitTestResult executionId="aee9a0fb-9baa-430c-b9dd-41b6121f1d84" testId="1d9221c4-63d6-462e-018a-b64ffd0dae1b" testName="Ubytec.Tests.LookupReductionTests.OtherLayoutsAndBindingOrdersKeepOrdinalResults(profile: 2)" computerName="redacted" duration="00:00:00.0679251" startTime="2026-10-06T03:56:30.5008864+02:00" endTime="2026-10-06T03:56:30.5008866+02:00" testType="13cdc9d9-ddb5-4fa4-a97d-d965ccfc6d4b" outcome="Passed" testListId="8c84fa94-04c1-424b-9868-57a2d4851a1d" relativeResultsDirectory="aee9a0fb-9baa-430c-b9dd-41b6121f1d84" />
    <UnitTestResult executionId="9f4375b2-a759-4265-80a1-36d30ca93593" testId="31075c64-d360-c6b7-6d15-ebc21bf23ea6" testName="Ubytec.Tests.LookupReductionTests.OtherLayoutsAndBindingOrdersKeepOrdinalResults(profile: 4)" computerName="redacted" duration="00:00:00.0453170" startTime="2026-10-06T03:56:30.4327755+02:00" endTime="2026-10-06T03:56:30.4327756+02:00" testType="13cdc9d9-ddb5-4fa4-a97d-d965ccfc6d4b" outcome="Passed" testListId="8c84fa94-04c1-424b-9868-57a2d4851a1d" relativeResultsDirectory="9f4375b2-a759-4265-80a1-36d30ca93593" />
    <UnitTestResult executionId="6f86cb88-72f0-465f-8655-e7b12476af05" testId="d5726832-379b-a427-d0c8-e8583f850034" testName="Ubytec.Tests.LookupReductionTests.DifferentConditionsWidthsAndEffectsRemainOnReference(before: &quot;load t_byte&quot;, after: &quot;load t_sbyte&quot;)" computerName="redacted" duration="00:00:00.0689430" startTime="2026-10-06T03:56:48.6836252+02:00" endTime="2026-10-06T03:56:48.6836254+02:00" testType="13cdc9d9-ddb5-4fa4-a97d-d965ccfc6d4b" outcome="Passed" testListId="8c84fa94-04c1-424b-9868-57a2d4851a1d" relativeResultsDirectory="6f86cb88-72f0-465f-8655-e7b12476af05" />
    <UnitTestResult executionId="e87086a9-1228-4673-a53b-3c38ff4ad6e9" testId="0232ba61-fd34-946f-5663-2f5d810a3894" testName="Ubytec.Tests.LookupReductionTests.DifferentConditionsWidthsAndEffectsRemainOnReference(before: &quot;push 24\nmul&quot;, after: &quot;push 0\nmul&quot;)" computerName="redacted" duration="00:00:00.0650124" startTime="2026-10-06T03:56:48.6145250+02:00" endTime="2026-10-06T03:56:48.6145252+02:00" testType="13cdc9d9-ddb5-4fa4-a97d-d965ccfc6d4b" outcome="Passed" testListId="8c84fa94-04c1-424b-9868-57a2d4851a1d" relativeResultsDirectory="e87086a9-1228-4673-a53b-3c38ff4ad6e9" />
    <UnitTestResult executionId="52469a22-0f3d-49b0-86a2-c6732696f0b9" testId="d35bab47-9ef5-4a8e-fe69-4c5308cf4dec" testName="Ubytec.Tests.LookupReductionTests.DefaultValidationAndOtherOptimizationsRemainIndependent" computerName="redacted" duration="00:00:00.2052631" startTime="2026-10-06T03:56:49.1131907+02:00" endTime="2026-10-06T03:56:49.1131908+02:00" testType="13cdc9d9-ddb5-4fa4-a97d-d965ccfc6d4b" outcome="Passed" testListId="8c84fa94-04c1-424b-9868-57a2d4851a1d" relativeResultsDirectory="52469a22-0f3d-49b0-86a2-c6732696f0b9" />
    <UnitTestResult executionId="92d02a17-7344-41dc-add7-6766a1e47e85" testId="3238cbca-df19-d2b1-0ef5-87b16a600431" testName="Ubytec.Tests.LookupReductionTests.OtherLayoutsAndBindingOrdersKeepOrdinalResults(profile: 5)" computerName="redacted" duration="00:00:00.0479456" startTime="2026-10-06T03:56:30.3414677+02:00" endTime="2026-10-06T03:56:30.3414678+02:00" testType="13cdc9d9-ddb5-4fa4-a97d-d965ccfc6d4b" outcome="Passed" testListId="8c84fa94-04c1-424b-9868-57a2d4851a1d" relativeResultsDirectory="92d02a17-7344-41dc-add7-6766a1e47e85" />
    <UnitTestResult executionId="1a3ce72d-7cfd-499b-a75c-f1523af8a0b9" testId="c27d6413-dcc9-f221-fbda-be99e916a030" testName="Ubytec.Tests.LookupReductionTests.UnsignedOrdinalAndWrappingAddressKeepOneRecord" computerName="redacted" duration="00:00:00.0470015" startTime="2026-10-06T03:56:48.9077027+02:00" endTime="2026-10-06T03:56:48.9077029+02:00" testType="13cdc9d9-ddb5-4fa4-a97d-d965ccfc6d4b" outcome="Passed" testListId="8c84fa94-04c1-424b-9868-57a2d4851a1d" relativeResultsDirectory="1a3ce72d-7cfd-499b-a75c-f1523af8a0b9" />
    <UnitTestResult executionId="275d579d-ed09-4387-942f-a671e53f5b4b" testId="ac6330a3-6f5e-d670-23f8-8f0766db1ac8" testName="Ubytec.Tests.LookupReductionTests.OtherLayoutsAndBindingOrdersKeepOrdinalResults(profile: 1)" computerName="redacted" duration="00:00:00.2680469" startTime="2026-10-06T03:56:30.7690495+02:00" endTime="2026-10-06T03:56:30.7690497+02:00" testType="13cdc9d9-ddb5-4fa4-a97d-d965ccfc6d4b" outcome="Passed" testListId="8c84fa94-04c1-424b-9868-57a2d4851a1d" relativeResultsDirectory="275d579d-ed09-4387-942f-a671e53f5b4b" />
    <UnitTestResult executionId="b6488bee-fe7d-4243-9baa-007836269e6a" testId="b6c38b9f-20da-0d90-7fc7-4ffb1d651692" testName="Ubytec.Tests.LookupReductionTests.OtherLayoutsAndBindingOrdersKeepOrdinalResults(profile: 6)" computerName="redacted" duration="00:00:00.0454954" startTime="2026-10-06T03:56:30.3872963+02:00" endTime="2026-10-06T03:56:30.3872965+02:00" testType="13cdc9d9-ddb5-4fa4-a97d-d965ccfc6d4b" outcome="Passed" testListId="8c84fa94-04c1-424b-9868-57a2d4851a1d" relativeResultsDirectory="b6488bee-fe7d-4243-9baa-007836269e6a" />
    <UnitTestResult executionId="7ae0ab4a-be6d-4a10-85ae-81b2908955bb" testId="5bafe680-2a30-0484-eb35-a8e0b2e0cbf8" testName="Ubytec.Tests.LookupReductionTests.RawRecordAndKeyPointersMayReadTheEvaluationLedgerAndFrame(profile: 3)" computerName="redacted" duration="00:00:01.4680428" startTime="2026-10-06T03:56:36.5087887+02:00" endTime="2026-10-06T03:56:36.5087889+02:00" testType="13cdc9d9-ddb5-4fa4-a97d-d965ccfc6d4b" outcome="Passed" testListId="8c84fa94-04c1-424b-9868-57a2d4851a1d" relativeResultsDirectory="7ae0ab4a-be6d-4a10-85ae-81b2908955bb" />
    <UnitTestResult executionId="4fcfe2f4-d513-40ec-91af-8491b8724e47" testId="df912d9d-7a12-c134-c7dc-5711fc437810" testName="Ubytec.Tests.LookupReductionTests.EmptyInputsAndEmptyNamesDoNotReadFabricatedPointers(profile: 3)" computerName="redacted" duration="00:00:00.0579878" startTime="2026-10-06T03:56:31.2210802+02:00" endTime="2026-10-06T03:56:31.2210803+02:00" testType="13cdc9d9-ddb5-4fa4-a97d-d965ccfc6d4b" outcome="Passed" testListId="8c84fa94-04c1-424b-9868-57a2d4851a1d" relativeResultsDirectory="4fcfe2f4-d513-40ec-91af-8491b8724e47" />
    <UnitTestResult executionId="b20b0750-87ae-4ed7-8bbc-524a2f7011c5" testId="d1b5adb2-3cd5-11e6-40bd-88897e7e0bea" testName="Ubytec.Tests.LookupReductionTests.EmptyInputsAndEmptyNamesDoNotReadFabricatedPointers(profile: 7)" computerName="redacted" duration="00:00:00.0468651" startTime="2026-10-06T03:56:31.0384483+02:00" endTime="2026-10-06T03:56:31.0384484+02:00" testType="13cdc9d9-ddb5-4fa4-a97d-d965ccfc6d4b" outcome="Passed" testListId="8c84fa94-04c1-424b-9868-57a2d4851a1d" relativeResultsDirectory="b20b0750-87ae-4ed7-8bbc-524a2f7011c5" />
    <UnitTestResult executionId="177dd820-1be8-4208-adca-b5c6f9213e11" testId="c16cd05f-d1d6-c4e2-9911-53b8a32d7a99" testName="Ubytec.Tests.LookupReductionTests.BranchesReturnsAndAllWrittenFrameResidualCellsMatchReference(profile: 2)" computerName="redacted" duration="00:00:00.8934978" startTime="2026-10-06T03:56:47.3983795+02:00" endTime="2026-10-06T03:56:47.3983796+02:00" testType="13cdc9d9-ddb5-4fa4-a97d-d965ccfc6d4b" outcome="Passed" testListId="8c84fa94-04c1-424b-9868-57a2d4851a1d" relativeResultsDirectory="177dd820-1be8-4208-adca-b5c6f9213e11" />
    <UnitTestResult executionId="6069c3cc-a54a-49ed-82a7-fbbe28f9377d" testId="0213c808-14bf-255b-61d4-a609c424c7b1" testName="Ubytec.Tests.LookupReductionTests.BranchesReturnsAndAllWrittenFrameResidualCellsMatchReference(profile: 6)" computerName="redacted" duration="00:00:00.9492754" startTime="2026-10-06T03:56:44.0986611+02:00" endTime="2026-10-06T03:56:44.0986612+02:00" testType="13cdc9d9-ddb5-4fa4-a97d-d965ccfc6d4b" outcome="Passed" testListId="8c84fa94-04c1-424b-9868-57a2d4851a1d" relativeResultsDirectory="6069c3cc-a54a-49ed-82a7-fbbe28f9377d" />
  </Results>
  <TestDefinitions>
    <UnitTest name="Ubytec.Tests.LookupReductionTests.DifferentConditionsWidthsAndEffectsRemainOnReference(before: &quot;push 0\nstore @j&quot;, after: &quot;push 1\nstore @j&quot;)" storage="REDACTED_LOCAL_ROOT/ubytec.tests/bin/release/net10.0/ubytec.tests.dll" id="114c761f-52a3-93b8-36cc-ec8271948cf1">
      <Execution id="fa3a2a6a-0b94-49d6-87c1-ce8966bf1d6d" />
      <TestMethod codeBase="REDACTED_LOCAL_ROOT/Ubytec.Tests/bin/Release/net10.0/Ubytec.Tests.dll" adapterTypeName="executor://xunit/VsTestRunner2/netcoreapp" className="Ubytec.Tests.LookupReductionTests" name="DifferentConditionsWidthsAndEffectsRemainOnReference" />
    </UnitTest>
    <UnitTest name="Ubytec.Tests.LookupReductionTests.RawRecordAndKeyPointersMayReadTheEvaluationLedgerAndFrame(profile: 7)" storage="REDACTED_LOCAL_ROOT/ubytec.tests/bin/release/net10.0/ubytec.tests.dll" id="97c78017-21f0-463b-8ae9-df95eae1f67a">
      <Execution id="4a7ee7a0-d4f3-4066-a6da-54c086bb66e6" />
      <TestMethod codeBase="REDACTED_LOCAL_ROOT/Ubytec.Tests/bin/Release/net10.0/Ubytec.Tests.dll" adapterTypeName="executor://xunit/VsTestRunner2/netcoreapp" className="Ubytec.Tests.LookupReductionTests" name="RawRecordAndKeyPointersMayReadTheEvaluationLedgerAndFrame" />
    </UnitTest>
    <UnitTest name="Ubytec.Tests.LookupReductionTests.OtherLayoutsAndBindingOrdersKeepOrdinalResults(profile: 2)" storage="REDACTED_LOCAL_ROOT/ubytec.tests/bin/release/net10.0/ubytec.tests.dll" id="1d9221c4-63d6-462e-018a-b64ffd0dae1b">
      <Execution id="aee9a0fb-9baa-430c-b9dd-41b6121f1d84" />
      <TestMethod codeBase="REDACTED_LOCAL_ROOT/Ubytec.Tests/bin/Release/net10.0/Ubytec.Tests.dll" adapterTypeName="executor://xunit/VsTestRunner2/netcoreapp" className="Ubytec.Tests.LookupReductionTests" name="OtherLayoutsAndBindingOrdersKeepOrdinalResults" />
    </UnitTest>
    <UnitTest name="Ubytec.Tests.LookupReductionTests.DifferentConditionsWidthsAndEffectsRemainOnReference(before: &quot;if @j == @length&quot;, after: &quot;if @j != @length&quot;)" storage="REDACTED_LOCAL_ROOT/ubytec.tests/bin/release/net10.0/ubytec.tests.dll" id="9b1ebfe1-eb2c-6a8d-86c2-5f177b502c22">
      <Execution id="5f304311-a478-4830-8154-685edc5a66f7" />
      <TestMethod codeBase="REDACTED_LOCAL_ROOT/Ubytec.Tests/bin/Release/net10.0/Ubytec.Tests.dll" adapterTypeName="executor://xunit/VsTestRunner2/netcoreapp" className="Ubytec.Tests.LookupReductionTests" name="DifferentConditionsWidthsAndEffectsRemainOnReference" />
    </UnitTest>
    <UnitTest name="Ubytec.Tests.LookupReductionTests.RawRecordAndKeyPointersMayReadTheEvaluationLedgerAndFrame(profile: 2)" storage="REDACTED_LOCAL_ROOT/ubytec.tests/bin/release/net10.0/ubytec.tests.dll" id="8f26ccbd-fe6c-5b02-1d1c-29749e2d9b97">
      <Execution id="cff29006-fb0b-44b4-97df-c87fb9950c27" />
      <TestMethod codeBase="REDACTED_LOCAL_ROOT/Ubytec.Tests/bin/Release/net10.0/Ubytec.Tests.dll" adapterTypeName="executor://xunit/VsTestRunner2/netcoreapp" className="Ubytec.Tests.LookupReductionTests" name="RawRecordAndKeyPointersMayReadTheEvaluationLedgerAndFrame" />
    </UnitTest>
    <UnitTest name="Ubytec.Tests.LookupReductionTests.OtherLayoutsAndBindingOrdersKeepOrdinalResults(profile: 0)" storage="REDACTED_LOCAL_ROOT/ubytec.tests/bin/release/net10.0/ubytec.tests.dll" id="1c69da60-9493-bded-8bcb-b74eb1668c9e">
      <Execution id="69ade856-2f78-4699-9b28-ee29092d169b" />
      <TestMethod codeBase="REDACTED_LOCAL_ROOT/Ubytec.Tests/bin/Release/net10.0/Ubytec.Tests.dll" adapterTypeName="executor://xunit/VsTestRunner2/netcoreapp" className="Ubytec.Tests.LookupReductionTests" name="OtherLayoutsAndBindingOrdersKeepOrdinalResults" />
    </UnitTest>
    <UnitTest name="Ubytec.Tests.LookupReductionTests.BranchesReturnsAndAllWrittenFrameResidualCellsMatchReference(profile: 0)" storage="REDACTED_LOCAL_ROOT/ubytec.tests/bin/release/net10.0/ubytec.tests.dll" id="a27f4b89-bb47-6343-2a4d-089f7701cc5e">
      <Execution id="3a34a72f-d0b5-4c08-b2e8-72dd24a58b0c" />
      <TestMethod codeBase="REDACTED_LOCAL_ROOT/Ubytec.Tests/bin/Release/net10.0/Ubytec.Tests.dll" adapterTypeName="executor://xunit/VsTestRunner2/netcoreapp" className="Ubytec.Tests.LookupReductionTests" name="BranchesReturnsAndAllWrittenFrameResidualCellsMatchReference" />
    </UnitTest>
    <UnitTest name="Ubytec.Tests.LookupReductionTests.EmptyInputsAndEmptyNamesDoNotReadFabricatedPointers(profile: 1)" storage="REDACTED_LOCAL_ROOT/ubytec.tests/bin/release/net10.0/ubytec.tests.dll" id="60aaaf1a-99a0-0fd2-8f50-c29602259463">
      <Execution id="baa05066-afda-4416-ac15-e972636d4982" />
      <TestMethod codeBase="REDACTED_LOCAL_ROOT/Ubytec.Tests/bin/Release/net10.0/Ubytec.Tests.dll" adapterTypeName="executor://xunit/VsTestRunner2/netcoreapp" className="Ubytec.Tests.LookupReductionTests" name="EmptyInputsAndEmptyNamesDoNotReadFabricatedPointers" />
    </UnitTest>
    <UnitTest name="Ubytec.Tests.LookupReductionTests.EmptyInputsAndEmptyNamesDoNotReadFabricatedPointers(profile: 7)" storage="REDACTED_LOCAL_ROOT/ubytec.tests/bin/release/net10.0/ubytec.tests.dll" id="d1b5adb2-3cd5-11e6-40bd-88897e7e0bea">
      <Execution id="b20b0750-87ae-4ed7-8bbc-524a2f7011c5" />
      <TestMethod codeBase="REDACTED_LOCAL_ROOT/Ubytec.Tests/bin/Release/net10.0/Ubytec.Tests.dll" adapterTypeName="executor://xunit/VsTestRunner2/netcoreapp" className="Ubytec.Tests.LookupReductionTests" name="EmptyInputsAndEmptyNamesDoNotReadFabricatedPointers" />
    </UnitTest>
    <UnitTest name="Ubytec.Tests.LookupReductionTests.BranchesReturnsAndAllWrittenFrameResidualCellsMatchReference(profile: 2)" storage="REDACTED_LOCAL_ROOT/ubytec.tests/bin/release/net10.0/ubytec.tests.dll" id="c16cd05f-d1d6-c4e2-9911-53b8a32d7a99">
      <Execution id="177dd820-1be8-4208-adca-b5c6f9213e11" />
      <TestMethod codeBase="REDACTED_LOCAL_ROOT/Ubytec.Tests/bin/Release/net10.0/Ubytec.Tests.dll" adapterTypeName="executor://xunit/VsTestRunner2/netcoreapp" className="Ubytec.Tests.LookupReductionTests" name="BranchesReturnsAndAllWrittenFrameResidualCellsMatchReference" />
    </UnitTest>
    <UnitTest name="Ubytec.Tests.LookupReductionTests.RawRecordAndKeyPointersMayReadTheEvaluationLedgerAndFrame(profile: 6)" storage="REDACTED_LOCAL_ROOT/ubytec.tests/bin/release/net10.0/ubytec.tests.dll" id="3cda54a7-f3a6-65fb-4c8b-28abbaa4a8b8">
      <Execution id="b9e00bef-18ee-4bda-afb3-0b728c195359" />
      <TestMethod codeBase="REDACTED_LOCAL_ROOT/Ubytec.Tests/bin/Release/net10.0/Ubytec.Tests.dll" adapterTypeName="executor://xunit/VsTestRunner2/netcoreapp" className="Ubytec.Tests.LookupReductionTests" name="RawRecordAndKeyPointersMayReadTheEvaluationLedgerAndFrame" />
    </UnitTest>
    <UnitTest name="Ubytec.Tests.LookupReductionTests.DifferentConditionsWidthsAndEffectsRemainOnReference(before: &quot;load @i\ninc\nreturn&quot;, after: &quot;load @i\nreturn&quot;)" storage="REDACTED_LOCAL_ROOT/ubytec.tests/bin/release/net10.0/ubytec.tests.dll" id="f12c5e74-ca12-37d6-9862-58aecca33daf">
      <Execution id="6cf8681c-5850-4c4c-84f0-bf1335beda0d" />
      <TestMethod codeBase="REDACTED_LOCAL_ROOT/Ubytec.Tests/bin/Release/net10.0/Ubytec.Tests.dll" adapterTypeName="executor://xunit/VsTestRunner2/netcoreapp" className="Ubytec.Tests.LookupReductionTests" name="DifferentConditionsWidthsAndEffectsRemainOnReference" />
    </UnitTest>
    <UnitTest name="Ubytec.Tests.LookupReductionTests.OtherLayoutsAndBindingOrdersKeepOrdinalResults(profile: 1)" storage="REDACTED_LOCAL_ROOT/ubytec.tests/bin/release/net10.0/ubytec.tests.dll" id="ac6330a3-6f5e-d670-23f8-8f0766db1ac8">
      <Execution id="275d579d-ed09-4387-942f-a671e53f5b4b" />
      <TestMethod codeBase="REDACTED_LOCAL_ROOT/Ubytec.Tests/bin/Release/net10.0/Ubytec.Tests.dll" adapterTypeName="executor://xunit/VsTestRunner2/netcoreapp" className="Ubytec.Tests.LookupReductionTests" name="OtherLayoutsAndBindingOrdersKeepOrdinalResults" />
    </UnitTest>
    <UnitTest name="Ubytec.Tests.LookupReductionTests.RawRecordAndKeyPointersMayReadTheEvaluationLedgerAndFrame(profile: 5)" storage="REDACTED_LOCAL_ROOT/ubytec.tests/bin/release/net10.0/ubytec.tests.dll" id="b1b05503-6c0a-e2f0-637c-e27446f543ba">
      <Execution id="55d911a1-a835-4ba6-8fe6-35d972f0b924" />
      <TestMethod codeBase="REDACTED_LOCAL_ROOT/Ubytec.Tests/bin/Release/net10.0/Ubytec.Tests.dll" adapterTypeName="executor://xunit/VsTestRunner2/netcoreapp" className="Ubytec.Tests.LookupReductionTests" name="RawRecordAndKeyPointersMayReadTheEvaluationLedgerAndFrame" />
    </UnitTest>
    <UnitTest name="Ubytec.Tests.LookupReductionTests.BranchesReturnsAndAllWrittenFrameResidualCellsMatchReference(profile: 7)" storage="REDACTED_LOCAL_ROOT/ubytec.tests/bin/release/net10.0/ubytec.tests.dll" id="ff3b17a4-d992-259b-2138-ea3c20c9521e">
      <Execution id="eae3c329-56d8-48d7-a185-f2bc057d8afb" />
      <TestMethod codeBase="REDACTED_LOCAL_ROOT/Ubytec.Tests/bin/Release/net10.0/Ubytec.Tests.dll" adapterTypeName="executor://xunit/VsTestRunner2/netcoreapp" className="Ubytec.Tests.LookupReductionTests" name="BranchesReturnsAndAllWrittenFrameResidualCellsMatchReference" />
    </UnitTest>
    <UnitTest name="Ubytec.Tests.LookupReductionTests.RawRecordAndKeyPointersMayReadTheEvaluationLedgerAndFrame(profile: 0)" storage="REDACTED_LOCAL_ROOT/ubytec.tests/bin/release/net10.0/ubytec.tests.dll" id="fa1c270a-34ef-0246-5b0f-91b6aa551058">
      <Execution id="c0496c1f-a0a9-449e-8b1f-3aa26556d255" />
      <TestMethod codeBase="REDACTED_LOCAL_ROOT/Ubytec.Tests/bin/Release/net10.0/Ubytec.Tests.dll" adapterTypeName="executor://xunit/VsTestRunner2/netcoreapp" className="Ubytec.Tests.LookupReductionTests" name="RawRecordAndKeyPointersMayReadTheEvaluationLedgerAndFrame" />
    </UnitTest>
    <UnitTest name="Ubytec.Tests.LookupReductionTests.OtherLayoutsAndBindingOrdersKeepOrdinalResults(profile: 5)" storage="REDACTED_LOCAL_ROOT/ubytec.tests/bin/release/net10.0/ubytec.tests.dll" id="3238cbca-df19-d2b1-0ef5-87b16a600431">
      <Execution id="92d02a17-7344-41dc-add7-6766a1e47e85" />
      <TestMethod codeBase="REDACTED_LOCAL_ROOT/Ubytec.Tests/bin/Release/net10.0/Ubytec.Tests.dll" adapterTypeName="executor://xunit/VsTestRunner2/netcoreapp" className="Ubytec.Tests.LookupReductionTests" name="OtherLayoutsAndBindingOrdersKeepOrdinalResults" />
    </UnitTest>
    <UnitTest name="Ubytec.Tests.LookupReductionTests.BranchesReturnsAndAllWrittenFrameResidualCellsMatchReference(profile: 6)" storage="REDACTED_LOCAL_ROOT/ubytec.tests/bin/release/net10.0/ubytec.tests.dll" id="0213c808-14bf-255b-61d4-a609c424c7b1">
      <Execution id="6069c3cc-a54a-49ed-82a7-fbbe28f9377d" />
      <TestMethod codeBase="REDACTED_LOCAL_ROOT/Ubytec.Tests/bin/Release/net10.0/Ubytec.Tests.dll" adapterTypeName="executor://xunit/VsTestRunner2/netcoreapp" className="Ubytec.Tests.LookupReductionTests" name="BranchesReturnsAndAllWrittenFrameResidualCellsMatchReference" />
    </UnitTest>
    <UnitTest name="Ubytec.Tests.LookupReductionTests.RawRecordAndKeyPointersMayReadTheEvaluationLedgerAndFrame(profile: 1)" storage="REDACTED_LOCAL_ROOT/ubytec.tests/bin/release/net10.0/ubytec.tests.dll" id="3299c4a0-02aa-a4cc-e5e1-47302255701d">
      <Execution id="434ab861-7429-4ef4-a66f-5b9931c30f28" />
      <TestMethod codeBase="REDACTED_LOCAL_ROOT/Ubytec.Tests/bin/Release/net10.0/Ubytec.Tests.dll" adapterTypeName="executor://xunit/VsTestRunner2/netcoreapp" className="Ubytec.Tests.LookupReductionTests" name="RawRecordAndKeyPointersMayReadTheEvaluationLedgerAndFrame" />
    </UnitTest>
    <UnitTest name="Ubytec.Tests.LookupReductionTests.OtherLayoutsAndBindingOrdersKeepOrdinalResults(profile: 6)" storage="REDACTED_LOCAL_ROOT/ubytec.tests/bin/release/net10.0/ubytec.tests.dll" id="b6c38b9f-20da-0d90-7fc7-4ffb1d651692">
      <Execution id="b6488bee-fe7d-4243-9baa-007836269e6a" />
      <TestMethod codeBase="REDACTED_LOCAL_ROOT/Ubytec.Tests/bin/Release/net10.0/Ubytec.Tests.dll" adapterTypeName="executor://xunit/VsTestRunner2/netcoreapp" className="Ubytec.Tests.LookupReductionTests" name="OtherLayoutsAndBindingOrdersKeepOrdinalResults" />
    </UnitTest>
    <UnitTest name="Ubytec.Tests.LookupReductionTests.UnsignedOrdinalAndWrappingAddressKeepOneRecord" storage="REDACTED_LOCAL_ROOT/ubytec.tests/bin/release/net10.0/ubytec.tests.dll" id="c27d6413-dcc9-f221-fbda-be99e916a030">
      <Execution id="1a3ce72d-7cfd-499b-a75c-f1523af8a0b9" />
      <TestMethod codeBase="REDACTED_LOCAL_ROOT/Ubytec.Tests/bin/Release/net10.0/Ubytec.Tests.dll" adapterTypeName="executor://xunit/VsTestRunner2/netcoreapp" className="Ubytec.Tests.LookupReductionTests" name="UnsignedOrdinalAndWrappingAddressKeepOneRecord" />
    </UnitTest>
    <UnitTest name="Ubytec.Tests.LookupReductionTests.EmptyInputsAndEmptyNamesDoNotReadFabricatedPointers(profile: 0)" storage="REDACTED_LOCAL_ROOT/ubytec.tests/bin/release/net10.0/ubytec.tests.dll" id="552459ce-5a3e-0246-a1ad-25d0074825fc">
      <Execution id="29676d21-7312-4cd5-86fa-ebd4edf5bb61" />
      <TestMethod codeBase="REDACTED_LOCAL_ROOT/Ubytec.Tests/bin/Release/net10.0/Ubytec.Tests.dll" adapterTypeName="executor://xunit/VsTestRunner2/netcoreapp" className="Ubytec.Tests.LookupReductionTests" name="EmptyInputsAndEmptyNamesDoNotReadFabricatedPointers" />
    </UnitTest>
    <UnitTest name="Ubytec.Tests.LookupReductionTests.OtherLayoutsAndBindingOrdersKeepOrdinalResults(profile: 7)" storage="REDACTED_LOCAL_ROOT/ubytec.tests/bin/release/net10.0/ubytec.tests.dll" id="cd77a33b-f54a-42d3-ce7a-95393d184e39">
      <Execution id="83a94dde-1e15-46a5-9966-7ca5580fc094" />
      <TestMethod codeBase="REDACTED_LOCAL_ROOT/Ubytec.Tests/bin/Release/net10.0/Ubytec.Tests.dll" adapterTypeName="executor://xunit/VsTestRunner2/netcoreapp" className="Ubytec.Tests.LookupReductionTests" name="OtherLayoutsAndBindingOrdersKeepOrdinalResults" />
    </UnitTest>
    <UnitTest name="Ubytec.Tests.LookupReductionTests.OtherLayoutsAndBindingOrdersKeepOrdinalResults(profile: 3)" storage="REDACTED_LOCAL_ROOT/ubytec.tests/bin/release/net10.0/ubytec.tests.dll" id="eee6c167-2782-2fb5-2ade-daf226f3035c">
      <Execution id="37b2888f-28b4-4550-9765-f6da1b27a9ed" />
      <TestMethod codeBase="REDACTED_LOCAL_ROOT/Ubytec.Tests/bin/Release/net10.0/Ubytec.Tests.dll" adapterTypeName="executor://xunit/VsTestRunner2/netcoreapp" className="Ubytec.Tests.LookupReductionTests" name="OtherLayoutsAndBindingOrdersKeepOrdinalResults" />
    </UnitTest>
    <UnitTest name="Ubytec.Tests.LookupReductionTests.DifferentConditionsWidthsAndEffectsRemainOnReference(before: &quot;push 24\nmul&quot;, after: &quot;push 0\nmul&quot;)" storage="REDACTED_LOCAL_ROOT/ubytec.tests/bin/release/net10.0/ubytec.tests.dll" id="0232ba61-fd34-946f-5663-2f5d810a3894">
      <Execution id="e87086a9-1228-4673-a53b-3c38ff4ad6e9" />
      <TestMethod codeBase="REDACTED_LOCAL_ROOT/Ubytec.Tests/bin/Release/net10.0/Ubytec.Tests.dll" adapterTypeName="executor://xunit/VsTestRunner2/netcoreapp" className="Ubytec.Tests.LookupReductionTests" name="DifferentConditionsWidthsAndEffectsRemainOnReference" />
    </UnitTest>
    <UnitTest name="Ubytec.Tests.LookupReductionTests.EmptyInputsAndEmptyNamesDoNotReadFabricatedPointers(profile: 5)" storage="REDACTED_LOCAL_ROOT/ubytec.tests/bin/release/net10.0/ubytec.tests.dll" id="e2a588c9-43da-a5b9-d1d2-403509cd6f1b">
      <Execution id="8a230149-1ee7-466d-8863-f1c5c7b1a1ee" />
      <TestMethod codeBase="REDACTED_LOCAL_ROOT/Ubytec.Tests/bin/Release/net10.0/Ubytec.Tests.dll" adapterTypeName="executor://xunit/VsTestRunner2/netcoreapp" className="Ubytec.Tests.LookupReductionTests" name="EmptyInputsAndEmptyNamesDoNotReadFabricatedPointers" />
    </UnitTest>
    <UnitTest name="Ubytec.Tests.LookupReductionTests.DefaultValidationAndOtherOptimizationsRemainIndependent" storage="REDACTED_LOCAL_ROOT/ubytec.tests/bin/release/net10.0/ubytec.tests.dll" id="d35bab47-9ef5-4a8e-fe69-4c5308cf4dec">
      <Execution id="52469a22-0f3d-49b0-86a2-c6732696f0b9" />
      <TestMethod codeBase="REDACTED_LOCAL_ROOT/Ubytec.Tests/bin/Release/net10.0/Ubytec.Tests.dll" adapterTypeName="executor://xunit/VsTestRunner2/netcoreapp" className="Ubytec.Tests.LookupReductionTests" name="DefaultValidationAndOtherOptimizationsRemainIndependent" />
    </UnitTest>
    <UnitTest name="Ubytec.Tests.LookupReductionTests.BranchesReturnsAndAllWrittenFrameResidualCellsMatchReference(profile: 4)" storage="REDACTED_LOCAL_ROOT/ubytec.tests/bin/release/net10.0/ubytec.tests.dll" id="60d30d42-e37f-58fa-60de-43632e8fd85e">
      <Execution id="659e10b7-3656-4022-a2e0-941b060db2df" />
      <TestMethod codeBase="REDACTED_LOCAL_ROOT/Ubytec.Tests/bin/Release/net10.0/Ubytec.Tests.dll" adapterTypeName="executor://xunit/VsTestRunner2/netcoreapp" className="Ubytec.Tests.LookupReductionTests" name="BranchesReturnsAndAllWrittenFrameResidualCellsMatchReference" />
    </UnitTest>
    <UnitTest name="Ubytec.Tests.LookupReductionTests.OtherLayoutsAndBindingOrdersKeepOrdinalResults(profile: 4)" storage="REDACTED_LOCAL_ROOT/ubytec.tests/bin/release/net10.0/ubytec.tests.dll" id="31075c64-d360-c6b7-6d15-ebc21bf23ea6">
      <Execution id="9f4375b2-a759-4265-80a1-36d30ca93593" />
      <TestMethod codeBase="REDACTED_LOCAL_ROOT/Ubytec.Tests/bin/Release/net10.0/Ubytec.Tests.dll" adapterTypeName="executor://xunit/VsTestRunner2/netcoreapp" className="Ubytec.Tests.LookupReductionTests" name="OtherLayoutsAndBindingOrdersKeepOrdinalResults" />
    </UnitTest>
    <UnitTest name="Ubytec.Tests.LookupReductionTests.BranchesReturnsAndAllWrittenFrameResidualCellsMatchReference(profile: 3)" storage="REDACTED_LOCAL_ROOT/ubytec.tests/bin/release/net10.0/ubytec.tests.dll" id="13dcf1c2-7dca-a768-6058-8d29b0298e23">
      <Execution id="76b791ae-1eab-4f1e-8738-d113ef09d646" />
      <TestMethod codeBase="REDACTED_LOCAL_ROOT/Ubytec.Tests/bin/Release/net10.0/Ubytec.Tests.dll" adapterTypeName="executor://xunit/VsTestRunner2/netcoreapp" className="Ubytec.Tests.LookupReductionTests" name="BranchesReturnsAndAllWrittenFrameResidualCellsMatchReference" />
    </UnitTest>
    <UnitTest name="Ubytec.Tests.LookupReductionTests.RawRecordAndKeyPointersMayReadTheEvaluationLedgerAndFrame(profile: 3)" storage="REDACTED_LOCAL_ROOT/ubytec.tests/bin/release/net10.0/ubytec.tests.dll" id="5bafe680-2a30-0484-eb35-a8e0b2e0cbf8">
      <Execution id="7ae0ab4a-be6d-4a10-85ae-81b2908955bb" />
      <TestMethod codeBase="REDACTED_LOCAL_ROOT/Ubytec.Tests/bin/Release/net10.0/Ubytec.Tests.dll" adapterTypeName="executor://xunit/VsTestRunner2/netcoreapp" className="Ubytec.Tests.LookupReductionTests" name="RawRecordAndKeyPointersMayReadTheEvaluationLedgerAndFrame" />
    </UnitTest>
    <UnitTest name="Ubytec.Tests.LookupReductionTests.EmptyInputsAndEmptyNamesDoNotReadFabricatedPointers(profile: 6)" storage="REDACTED_LOCAL_ROOT/ubytec.tests/bin/release/net10.0/ubytec.tests.dll" id="d9776d53-fd70-646f-24cb-d882bf311c3a">
      <Execution id="501467c6-392b-4e78-b04c-93c103536242" />
      <TestMethod codeBase="REDACTED_LOCAL_ROOT/Ubytec.Tests/bin/Release/net10.0/Ubytec.Tests.dll" adapterTypeName="executor://xunit/VsTestRunner2/netcoreapp" className="Ubytec.Tests.LookupReductionTests" name="EmptyInputsAndEmptyNamesDoNotReadFabricatedPointers" />
    </UnitTest>
    <UnitTest name="Ubytec.Tests.LookupReductionTests.EmptyInputsAndEmptyNamesDoNotReadFabricatedPointers(profile: 3)" storage="REDACTED_LOCAL_ROOT/ubytec.tests/bin/release/net10.0/ubytec.tests.dll" id="df912d9d-7a12-c134-c7dc-5711fc437810">
      <Execution id="4fcfe2f4-d513-40ec-91af-8491b8724e47" />
      <TestMethod codeBase="REDACTED_LOCAL_ROOT/Ubytec.Tests/bin/Release/net10.0/Ubytec.Tests.dll" adapterTypeName="executor://xunit/VsTestRunner2/netcoreapp" className="Ubytec.Tests.LookupReductionTests" name="EmptyInputsAndEmptyNamesDoNotReadFabricatedPointers" />
    </UnitTest>
    <UnitTest name="Ubytec.Tests.LookupReductionTests.DifferentConditionsWidthsAndEffectsRemainOnReference(before: &quot;load t_byte&quot;, after: &quot;load t_sbyte&quot;)" storage="REDACTED_LOCAL_ROOT/ubytec.tests/bin/release/net10.0/ubytec.tests.dll" id="d5726832-379b-a427-d0c8-e8583f850034">
      <Execution id="6f86cb88-72f0-465f-8655-e7b12476af05" />
      <TestMethod codeBase="REDACTED_LOCAL_ROOT/Ubytec.Tests/bin/Release/net10.0/Ubytec.Tests.dll" adapterTypeName="executor://xunit/VsTestRunner2/netcoreapp" className="Ubytec.Tests.LookupReductionTests" name="DifferentConditionsWidthsAndEffectsRemainOnReference" />
    </UnitTest>
    <UnitTest name="Ubytec.Tests.LookupReductionTests.EmptyInputsAndEmptyNamesDoNotReadFabricatedPointers(profile: 4)" storage="REDACTED_LOCAL_ROOT/ubytec.tests/bin/release/net10.0/ubytec.tests.dll" id="8ae576b0-e3b4-8b7b-598b-7cf5a3cda068">
      <Execution id="db93f99d-b8b0-4feb-bb7b-e0c587f7394d" />
      <TestMethod codeBase="REDACTED_LOCAL_ROOT/Ubytec.Tests/bin/Release/net10.0/Ubytec.Tests.dll" adapterTypeName="executor://xunit/VsTestRunner2/netcoreapp" className="Ubytec.Tests.LookupReductionTests" name="EmptyInputsAndEmptyNamesDoNotReadFabricatedPointers" />
    </UnitTest>
    <UnitTest name="Ubytec.Tests.LookupReductionTests.BranchesReturnsAndAllWrittenFrameResidualCellsMatchReference(profile: 5)" storage="REDACTED_LOCAL_ROOT/ubytec.tests/bin/release/net10.0/ubytec.tests.dll" id="90e21a88-a3fc-340f-f072-3a3950e78a70">
      <Execution id="74b11575-6966-4cea-9a1a-ce106f9745f6" />
      <TestMethod codeBase="REDACTED_LOCAL_ROOT/Ubytec.Tests/bin/Release/net10.0/Ubytec.Tests.dll" adapterTypeName="executor://xunit/VsTestRunner2/netcoreapp" className="Ubytec.Tests.LookupReductionTests" name="BranchesReturnsAndAllWrittenFrameResidualCellsMatchReference" />
    </UnitTest>
    <UnitTest name="Ubytec.Tests.LookupReductionTests.BranchesReturnsAndAllWrittenFrameResidualCellsMatchReference(profile: 1)" storage="REDACTED_LOCAL_ROOT/ubytec.tests/bin/release/net10.0/ubytec.tests.dll" id="f0837910-1d97-db4e-35e4-a856886bd89b">
      <Execution id="d1bb1384-bd81-4cd9-a35b-887ab785a035" />
      <TestMethod codeBase="REDACTED_LOCAL_ROOT/Ubytec.Tests/bin/Release/net10.0/Ubytec.Tests.dll" adapterTypeName="executor://xunit/VsTestRunner2/netcoreapp" className="Ubytec.Tests.LookupReductionTests" name="BranchesReturnsAndAllWrittenFrameResidualCellsMatchReference" />
    </UnitTest>
    <UnitTest name="Ubytec.Tests.LookupReductionTests.RawRecordAndKeyPointersMayReadTheEvaluationLedgerAndFrame(profile: 4)" storage="REDACTED_LOCAL_ROOT/ubytec.tests/bin/release/net10.0/ubytec.tests.dll" id="b6de2bdc-2453-c65f-e1bf-d2f384d35a77">
      <Execution id="3d4a919f-2ce8-4f38-967f-1ec7c6089909" />
      <TestMethod codeBase="REDACTED_LOCAL_ROOT/Ubytec.Tests/bin/Release/net10.0/Ubytec.Tests.dll" adapterTypeName="executor://xunit/VsTestRunner2/netcoreapp" className="Ubytec.Tests.LookupReductionTests" name="RawRecordAndKeyPointersMayReadTheEvaluationLedgerAndFrame" />
    </UnitTest>
    <UnitTest name="Ubytec.Tests.LookupReductionTests.EmptyInputsAndEmptyNamesDoNotReadFabricatedPointers(profile: 2)" storage="REDACTED_LOCAL_ROOT/ubytec.tests/bin/release/net10.0/ubytec.tests.dll" id="5c48f610-a94c-44f2-a8a0-cb6b5ddf3261">
      <Execution id="57550652-8026-4a37-b0a4-fd2829aaa5a3" />
      <TestMethod codeBase="REDACTED_LOCAL_ROOT/Ubytec.Tests/bin/Release/net10.0/Ubytec.Tests.dll" adapterTypeName="executor://xunit/VsTestRunner2/netcoreapp" className="Ubytec.Tests.LookupReductionTests" name="EmptyInputsAndEmptyNamesDoNotReadFabricatedPointers" />
    </UnitTest>
    <UnitTest name="Ubytec.Tests.LookupReductionTests.DifferentConditionsWidthsAndEffectsRemainOnReference(before: &quot;while @i &lt; @count&quot;, after: &quot;while @i &lt;= @count&quot;)" storage="REDACTED_LOCAL_ROOT/ubytec.tests/bin/release/net10.0/ubytec.tests.dll" id="caa8554f-db48-af67-28ba-9486e6a98ad9">
      <Execution id="eec35b3c-f1f2-4de7-be35-71e0f649d5c4" />
      <TestMethod codeBase="REDACTED_LOCAL_ROOT/Ubytec.Tests/bin/Release/net10.0/Ubytec.Tests.dll" adapterTypeName="executor://xunit/VsTestRunner2/netcoreapp" className="Ubytec.Tests.LookupReductionTests" name="DifferentConditionsWidthsAndEffectsRemainOnReference" />
    </UnitTest>
  </TestDefinitions>
  <TestEntries>
    <TestEntry testId="8ae576b0-e3b4-8b7b-598b-7cf5a3cda068" executionId="db93f99d-b8b0-4feb-bb7b-e0c587f7394d" testListId="8c84fa94-04c1-424b-9868-57a2d4851a1d" />
    <TestEntry testId="b6de2bdc-2453-c65f-e1bf-d2f384d35a77" executionId="3d4a919f-2ce8-4f38-967f-1ec7c6089909" testListId="8c84fa94-04c1-424b-9868-57a2d4851a1d" />
    <TestEntry testId="ff3b17a4-d992-259b-2138-ea3c20c9521e" executionId="eae3c329-56d8-48d7-a185-f2bc057d8afb" testListId="8c84fa94-04c1-424b-9868-57a2d4851a1d" />
    <TestEntry testId="b1b05503-6c0a-e2f0-637c-e27446f543ba" executionId="55d911a1-a835-4ba6-8fe6-35d972f0b924" testListId="8c84fa94-04c1-424b-9868-57a2d4851a1d" />
    <TestEntry testId="caa8554f-db48-af67-28ba-9486e6a98ad9" executionId="eec35b3c-f1f2-4de7-be35-71e0f649d5c4" testListId="8c84fa94-04c1-424b-9868-57a2d4851a1d" />
    <TestEntry testId="60aaaf1a-99a0-0fd2-8f50-c29602259463" executionId="baa05066-afda-4416-ac15-e972636d4982" testListId="8c84fa94-04c1-424b-9868-57a2d4851a1d" />
    <TestEntry testId="13dcf1c2-7dca-a768-6058-8d29b0298e23" executionId="76b791ae-1eab-4f1e-8738-d113ef09d646" testListId="8c84fa94-04c1-424b-9868-57a2d4851a1d" />
    <TestEntry testId="114c761f-52a3-93b8-36cc-ec8271948cf1" executionId="fa3a2a6a-0b94-49d6-87c1-ce8966bf1d6d" testListId="8c84fa94-04c1-424b-9868-57a2d4851a1d" />
    <TestEntry testId="60d30d42-e37f-58fa-60de-43632e8fd85e" executionId="659e10b7-3656-4022-a2e0-941b060db2df" testListId="8c84fa94-04c1-424b-9868-57a2d4851a1d" />
    <TestEntry testId="eee6c167-2782-2fb5-2ade-daf226f3035c" executionId="37b2888f-28b4-4550-9765-f6da1b27a9ed" testListId="8c84fa94-04c1-424b-9868-57a2d4851a1d" />
    <TestEntry testId="cd77a33b-f54a-42d3-ce7a-95393d184e39" executionId="83a94dde-1e15-46a5-9966-7ca5580fc094" testListId="8c84fa94-04c1-424b-9868-57a2d4851a1d" />
    <TestEntry testId="f12c5e74-ca12-37d6-9862-58aecca33daf" executionId="6cf8681c-5850-4c4c-84f0-bf1335beda0d" testListId="8c84fa94-04c1-424b-9868-57a2d4851a1d" />
    <TestEntry testId="3299c4a0-02aa-a4cc-e5e1-47302255701d" executionId="434ab861-7429-4ef4-a66f-5b9931c30f28" testListId="8c84fa94-04c1-424b-9868-57a2d4851a1d" />
    <TestEntry testId="97c78017-21f0-463b-8ae9-df95eae1f67a" executionId="4a7ee7a0-d4f3-4066-a6da-54c086bb66e6" testListId="8c84fa94-04c1-424b-9868-57a2d4851a1d" />
    <TestEntry testId="a27f4b89-bb47-6343-2a4d-089f7701cc5e" executionId="3a34a72f-d0b5-4c08-b2e8-72dd24a58b0c" testListId="8c84fa94-04c1-424b-9868-57a2d4851a1d" />
    <TestEntry testId="9b1ebfe1-eb2c-6a8d-86c2-5f177b502c22" executionId="5f304311-a478-4830-8154-685edc5a66f7" testListId="8c84fa94-04c1-424b-9868-57a2d4851a1d" />
    <TestEntry testId="e2a588c9-43da-a5b9-d1d2-403509cd6f1b" executionId="8a230149-1ee7-466d-8863-f1c5c7b1a1ee" testListId="8c84fa94-04c1-424b-9868-57a2d4851a1d" />
    <TestEntry testId="fa1c270a-34ef-0246-5b0f-91b6aa551058" executionId="c0496c1f-a0a9-449e-8b1f-3aa26556d255" testListId="8c84fa94-04c1-424b-9868-57a2d4851a1d" />
    <TestEntry testId="f0837910-1d97-db4e-35e4-a856886bd89b" executionId="d1bb1384-bd81-4cd9-a35b-887ab785a035" testListId="8c84fa94-04c1-424b-9868-57a2d4851a1d" />
    <TestEntry testId="5c48f610-a94c-44f2-a8a0-cb6b5ddf3261" executionId="57550652-8026-4a37-b0a4-fd2829aaa5a3" testListId="8c84fa94-04c1-424b-9868-57a2d4851a1d" />
    <TestEntry testId="552459ce-5a3e-0246-a1ad-25d0074825fc" executionId="29676d21-7312-4cd5-86fa-ebd4edf5bb61" testListId="8c84fa94-04c1-424b-9868-57a2d4851a1d" />
    <TestEntry testId="3cda54a7-f3a6-65fb-4c8b-28abbaa4a8b8" executionId="b9e00bef-18ee-4bda-afb3-0b728c195359" testListId="8c84fa94-04c1-424b-9868-57a2d4851a1d" />
    <TestEntry testId="d9776d53-fd70-646f-24cb-d882bf311c3a" executionId="501467c6-392b-4e78-b04c-93c103536242" testListId="8c84fa94-04c1-424b-9868-57a2d4851a1d" />
    <TestEntry testId="8f26ccbd-fe6c-5b02-1d1c-29749e2d9b97" executionId="cff29006-fb0b-44b4-97df-c87fb9950c27" testListId="8c84fa94-04c1-424b-9868-57a2d4851a1d" />
    <TestEntry testId="1c69da60-9493-bded-8bcb-b74eb1668c9e" executionId="69ade856-2f78-4699-9b28-ee29092d169b" testListId="8c84fa94-04c1-424b-9868-57a2d4851a1d" />
    <TestEntry testId="90e21a88-a3fc-340f-f072-3a3950e78a70" executionId="74b11575-6966-4cea-9a1a-ce106f9745f6" testListId="8c84fa94-04c1-424b-9868-57a2d4851a1d" />
    <TestEntry testId="1d9221c4-63d6-462e-018a-b64ffd0dae1b" executionId="aee9a0fb-9baa-430c-b9dd-41b6121f1d84" testListId="8c84fa94-04c1-424b-9868-57a2d4851a1d" />
    <TestEntry testId="31075c64-d360-c6b7-6d15-ebc21bf23ea6" executionId="9f4375b2-a759-4265-80a1-36d30ca93593" testListId="8c84fa94-04c1-424b-9868-57a2d4851a1d" />
    <TestEntry testId="d5726832-379b-a427-d0c8-e8583f850034" executionId="6f86cb88-72f0-465f-8655-e7b12476af05" testListId="8c84fa94-04c1-424b-9868-57a2d4851a1d" />
    <TestEntry testId="0232ba61-fd34-946f-5663-2f5d810a3894" executionId="e87086a9-1228-4673-a53b-3c38ff4ad6e9" testListId="8c84fa94-04c1-424b-9868-57a2d4851a1d" />
    <TestEntry testId="d35bab47-9ef5-4a8e-fe69-4c5308cf4dec" executionId="52469a22-0f3d-49b0-86a2-c6732696f0b9" testListId="8c84fa94-04c1-424b-9868-57a2d4851a1d" />
    <TestEntry testId="3238cbca-df19-d2b1-0ef5-87b16a600431" executionId="92d02a17-7344-41dc-add7-6766a1e47e85" testListId="8c84fa94-04c1-424b-9868-57a2d4851a1d" />
    <TestEntry testId="c27d6413-dcc9-f221-fbda-be99e916a030" executionId="1a3ce72d-7cfd-499b-a75c-f1523af8a0b9" testListId="8c84fa94-04c1-424b-9868-57a2d4851a1d" />
    <TestEntry testId="ac6330a3-6f5e-d670-23f8-8f0766db1ac8" executionId="275d579d-ed09-4387-942f-a671e53f5b4b" testListId="8c84fa94-04c1-424b-9868-57a2d4851a1d" />
    <TestEntry testId="b6c38b9f-20da-0d90-7fc7-4ffb1d651692" executionId="b6488bee-fe7d-4243-9baa-007836269e6a" testListId="8c84fa94-04c1-424b-9868-57a2d4851a1d" />
    <TestEntry testId="5bafe680-2a30-0484-eb35-a8e0b2e0cbf8" executionId="7ae0ab4a-be6d-4a10-85ae-81b2908955bb" testListId="8c84fa94-04c1-424b-9868-57a2d4851a1d" />
    <TestEntry testId="df912d9d-7a12-c134-c7dc-5711fc437810" executionId="4fcfe2f4-d513-40ec-91af-8491b8724e47" testListId="8c84fa94-04c1-424b-9868-57a2d4851a1d" />
    <TestEntry testId="d1b5adb2-3cd5-11e6-40bd-88897e7e0bea" executionId="b20b0750-87ae-4ed7-8bbc-524a2f7011c5" testListId="8c84fa94-04c1-424b-9868-57a2d4851a1d" />
    <TestEntry testId="c16cd05f-d1d6-c4e2-9911-53b8a32d7a99" executionId="177dd820-1be8-4208-adca-b5c6f9213e11" testListId="8c84fa94-04c1-424b-9868-57a2d4851a1d" />
    <TestEntry testId="0213c808-14bf-255b-61d4-a609c424c7b1" executionId="6069c3cc-a54a-49ed-82a7-fbbe28f9377d" testListId="8c84fa94-04c1-424b-9868-57a2d4851a1d" />
  </TestEntries>
  <TestLists>
    <TestList name="Results Not in a List" id="8c84fa94-04c1-424b-9868-57a2d4851a1d" />
    <TestList name="All Loaded Results" id="19431567-8539-422a-85d7-44ee4e166bda" />
  </TestLists>
  <ResultSummary outcome="Completed">
    <Counters total="40" executed="40" passed="40" failed="0" error="0" timeout="0" aborted="0" inconclusive="0" passedButRunAborted="0" notRunnable="0" notExecuted="0" disconnected="0" warning="0" completed="0" inProgress="0" pending="0" />
    <Output>
      <StdOut>[xUnit.net 00:00:00.00] xUnit.net VSTest Adapter v2.8.2+699d445a1a (64-bit .NET 10.0.12)
[xUnit.net 00:00:00.27]   Discovering: Ubytec.Tests
[xUnit.net 00:00:00.58]   Discovered:  Ubytec.Tests
[xUnit.net 00:00:00.59]   Starting:    Ubytec.Tests
[xUnit.net 00:00:20.54]   Finished:    Ubytec.Tests
</StdOut>
    </Output>
  </ResultSummary>
</TestRun>
