<?xml version="1.0" encoding="utf-8"?>
<TestRun xmlns="http://microsoft.com/schemas/VisualStudio/TeamTest/2010" id="2165bbf4-20ec-467d-8cb0-f2387a18505e" name="Ubytec archived test run">
  <Times creation="2026-10-06T11:52:41.9984259+02:00" queuing="2026-10-06T11:52:41.9984260+02:00" start="2026-10-06T11:52:38.5106236+02:00" finish="2026-10-06T11:52:45.1520615+02:00" />
  <TestSettings name="default" id="754d1edf-0305-4cec-981c-b9ca5a0f8bba">
    <Deployment runDeploymentRoot="ubytec-test-run" />
  </TestSettings>
  <Results>
    <UnitTestResult executionId="2ddc528e-0e47-4d32-887b-bad04d9f2e79" testId="e3c0d1e0-b01b-9c91-85f6-3c7b7250849b" testName="Ubytec.Tests.EffectRegisterTests.DirectCallsMutateCallerAndClobberVolatileCopies(profile: 0)" computerName="redacted" duration="00:00:00.0665025" startTime="2026-10-06T11:52:42.9315056+02:00" endTime="2026-10-06T11:52:42.9315057+02:00" testType="13cdc9d9-ddb5-4fa4-a97d-d965ccfc6d4b" outcome="Passed" testListId="8c84fa94-04c1-424b-9868-57a2d4851a1d" relativeResultsDirectory="2ddc528e-0e47-4d32-887b-bad04d9f2e79" />
    <UnitTestResult executionId="0762fb35-4b31-468f-8fae-793210dc493c" testId="f68992e2-555e-dac7-c768-c23f519b0062" testName="Ubytec.Tests.EffectRegisterTests.DirectCallsMutateCallerAndClobberVolatileCopies(profile: 1)" computerName="redacted" duration="00:00:00.0758239" startTime="2026-10-06T11:52:43.4663686+02:00" endTime="2026-10-06T11:52:43.4663687+02:00" testType="13cdc9d9-ddb5-4fa4-a97d-d965ccfc6d4b" outcome="Passed" testListId="8c84fa94-04c1-424b-9868-57a2d4851a1d" relativeResultsDirectory="0762fb35-4b31-468f-8fae-793210dc493c" />
    <UnitTestResult executionId="f9c3cfb9-dc14-4d62-ba27-cf9418c2a8f9" testId="494cdfbe-52c7-97e0-abf1-8d31eaa6a668" testName="Ubytec.Tests.EffectRegisterTests.PartialUnalignedDwordWriteReloadsWholeCachedCell(profile: 3)" computerName="redacted" duration="00:00:00.0551147" startTime="2026-10-06T11:52:42.2376973+02:00" endTime="2026-10-06T11:52:42.2376974+02:00" testType="13cdc9d9-ddb5-4fa4-a97d-d965ccfc6d4b" outcome="Passed" testListId="8c84fa94-04c1-424b-9868-57a2d4851a1d" relativeResultsDirectory="f9c3cfb9-dc14-4d62-ba27-cf9418c2a8f9" />
    <UnitTestResult executionId="240bd653-54ff-4a9e-aede-3170bc236306" testId="8242d042-4e5b-5663-7cf9-b1369ee183f3" testName="Ubytec.Tests.EffectRegisterTests.RawWritesStayCoherentOnContinueBreakAndBranchJoin(profile: 7)" computerName="redacted" duration="00:00:00.0792312" startTime="2026-10-06T11:52:41.6216749+02:00" endTime="2026-10-06T11:52:41.6216750+02:00" testType="13cdc9d9-ddb5-4fa4-a97d-d965ccfc6d4b" outcome="Passed" testListId="8c84fa94-04c1-424b-9868-57a2d4851a1d" relativeResultsDirectory="240bd653-54ff-4a9e-aede-3170bc236306" />
    <UnitTestResult executionId="148bb6e4-5ad5-484d-95ea-c0a96f6b7e03" testId="6c19b761-b9c2-8b86-b679-2d6fe3f1c9ed" testName="Ubytec.Tests.EffectRegisterTests.PartialUnalignedWordWriteReloadsWholeCachedCell(profile: 6)" computerName="redacted" duration="00:00:00.0818354" startTime="2026-10-06T11:52:42.7358242+02:00" endTime="2026-10-06T11:52:42.7358243+02:00" testType="13cdc9d9-ddb5-4fa4-a97d-d965ccfc6d4b" outcome="Passed" testListId="8c84fa94-04c1-424b-9868-57a2d4851a1d" relativeResultsDirectory="148bb6e4-5ad5-484d-95ea-c0a96f6b7e03" />
    <UnitTestResult executionId="e3771c24-55c2-4bd9-92a3-0c18bea813e6" testId="caa4e9f5-aee6-9c0e-b60f-9b0af49e8748" testName="Ubytec.Tests.EffectRegisterTests.PartialUnalignedWordWriteReloadsWholeCachedCell(profile: 0)" computerName="redacted" duration="00:00:00.0486378" startTime="2026-10-06T11:52:42.5794937+02:00" endTime="2026-10-06T11:52:42.5794939+02:00" testType="13cdc9d9-ddb5-4fa4-a97d-d965ccfc6d4b" outcome="Passed" testListId="8c84fa94-04c1-424b-9868-57a2d4851a1d" relativeResultsDirectory="e3771c24-55c2-4bd9-92a3-0c18bea813e6" />
    <UnitTestResult executionId="225eb3a0-05c1-4d65-a950-8c3b79a07160" testId="1cf70a79-622b-5c3d-037f-541bc424324a" testName="Ubytec.Tests.EffectRegisterTests.PartialUnalignedByteWriteReloadsWholeCachedCell(profile: 6)" computerName="redacted" duration="00:00:00.0822272" startTime="2026-10-06T11:52:43.8715785+02:00" endTime="2026-10-06T11:52:43.8715787+02:00" testType="13cdc9d9-ddb5-4fa4-a97d-d965ccfc6d4b" outcome="Passed" testListId="8c84fa94-04c1-424b-9868-57a2d4851a1d" relativeResultsDirectory="225eb3a0-05c1-4d65-a950-8c3b79a07160" />
    <UnitTestResult executionId="4a7cdd0d-bf81-49f9-b29a-c059eefd9b33" testId="82ed55ad-09a2-a1fd-5499-7c07499f24be" testName="Ubytec.Tests.EffectRegisterTests.IndirectCallsMutateCallerAndClobberVolatileCopies(profile: 4)" computerName="redacted" duration="00:00:00.0674421" startTime="2026-10-06T11:52:44.2620097+02:00" endTime="2026-10-06T11:52:44.2620098+02:00" testType="13cdc9d9-ddb5-4fa4-a97d-d965ccfc6d4b" outcome="Passed" testListId="8c84fa94-04c1-424b-9868-57a2d4851a1d" relativeResultsDirectory="4a7cdd0d-bf81-49f9-b29a-c059eefd9b33" />
    <UnitTestResult executionId="bdf415ce-ef62-4de7-a157-b558f1599e79" testId="82ced479-f26a-602d-6450-6a4594b42abe" testName="Ubytec.Tests.EffectRegisterTests.RawWritesStayCoherentOnContinueBreakAndBranchJoin(profile: 4)" computerName="redacted" duration="00:00:00.0656642" startTime="2026-10-06T11:52:41.9156070+02:00" endTime="2026-10-06T11:52:41.9156071+02:00" testType="13cdc9d9-ddb5-4fa4-a97d-d965ccfc6d4b" outcome="Passed" testListId="8c84fa94-04c1-424b-9868-57a2d4851a1d" relativeResultsDirectory="bdf415ce-ef62-4de7-a157-b558f1599e79" />
    <UnitTestResult executionId="22f96b0e-f77e-4a42-875b-6a0d14983ce0" testId="7a3be680-3ea3-ee66-cade-6ad114eda193" testName="Ubytec.Tests.EffectRegisterTests.RawWritesStayCoherentOnContinueBreakAndBranchJoin(profile: 3)" computerName="redacted" duration="00:00:00.0852014" startTime="2026-10-06T11:52:41.7069706+02:00" endTime="2026-10-06T11:52:41.7069707+02:00" testType="13cdc9d9-ddb5-4fa4-a97d-d965ccfc6d4b" outcome="Passed" testListId="8c84fa94-04c1-424b-9868-57a2d4851a1d" relativeResultsDirectory="22f96b0e-f77e-4a42-875b-6a0d14983ce0" />
    <UnitTestResult executionId="6cb6ee5e-9a94-4160-a000-1e54792df625" testId="0f25ec9b-cc51-e4d5-5f54-5b99838091a7" testName="Ubytec.Tests.EffectRegisterTests.PartialUnalignedWordWriteReloadsWholeCachedCell(profile: 4)" computerName="redacted" duration="00:00:00.0607071" startTime="2026-10-06T11:52:42.4227347+02:00" endTime="2026-10-06T11:52:42.4227348+02:00" testType="13cdc9d9-ddb5-4fa4-a97d-d965ccfc6d4b" outcome="Passed" testListId="8c84fa94-04c1-424b-9868-57a2d4851a1d" relativeResultsDirectory="6cb6ee5e-9a94-4160-a000-1e54792df625" />
    <UnitTestResult executionId="4a86e0aa-c409-4f73-8acc-66d1b3755fec" testId="82a586ee-821b-1c5b-1368-d8894479a17c" testName="Ubytec.Tests.EffectRegisterTests.PartialUnalignedDwordWriteReloadsWholeCachedCell(profile: 0)" computerName="redacted" duration="00:00:00.0549082" startTime="2026-10-06T11:52:42.1824013+02:00" endTime="2026-10-06T11:52:42.1824014+02:00" testType="13cdc9d9-ddb5-4fa4-a97d-d965ccfc6d4b" outcome="Passed" testListId="8c84fa94-04c1-424b-9868-57a2d4851a1d" relativeResultsDirectory="4a86e0aa-c409-4f73-8acc-66d1b3755fec" />
    <UnitTestResult executionId="e2c54fca-9631-48fc-a7ca-927e68a79c14" testId="25bcaa5f-dcf7-6c65-0d54-a51a3103cf08" testName="Ubytec.Tests.EffectRegisterTests.RawWritesStayCoherentOnContinueBreakAndBranchJoin(profile: 1)" computerName="redacted" duration="00:00:00.2848994" startTime="2026-10-06T11:52:41.4542719+02:00" endTime="2026-10-06T11:52:41.4542721+02:00" testType="13cdc9d9-ddb5-4fa4-a97d-d965ccfc6d4b" outcome="Passed" testListId="8c84fa94-04c1-424b-9868-57a2d4851a1d" relativeResultsDirectory="e2c54fca-9631-48fc-a7ca-927e68a79c14" />
    <UnitTestResult executionId="c41a90aa-9a77-45f1-a6eb-9d848c94bd2a" testId="7f862dc1-fda4-78da-03b0-8758899ebf5b" testName="Ubytec.Tests.EffectRegisterTests.IndirectCallsMutateCallerAndClobberVolatileCopies(profile: 2)" computerName="redacted" duration="00:00:00.1006737" startTime="2026-10-06T11:52:44.9962779+02:00" endTime="2026-10-06T11:52:44.9962780+02:00" testType="13cdc9d9-ddb5-4fa4-a97d-d965ccfc6d4b" outcome="Passed" testListId="8c84fa94-04c1-424b-9868-57a2d4851a1d" relativeResultsDirectory="c41a90aa-9a77-45f1-a6eb-9d848c94bd2a" />
    <UnitTestResult executionId="9864b293-ca23-4dc0-a7cb-1e076469e89c" testId="23f6aa6b-0156-adac-afa8-e2552ed73e41" testName="Ubytec.Tests.EffectRegisterTests.RawWritesStayCoherentOnContinueBreakAndBranchJoin(profile: 5)" computerName="redacted" duration="00:00:00.7479287" startTime="2026-10-06T11:52:41.1699485+02:00" endTime="2026-10-06T11:52:41.1699845+02:00" testType="13cdc9d9-ddb5-4fa4-a97d-d965ccfc6d4b" outcome="Passed" testListId="8c84fa94-04c1-424b-9868-57a2d4851a1d" relativeResultsDirectory="9864b293-ca23-4dc0-a7cb-1e076469e89c" />
    <UnitTestResult executionId="01416642-eea6-419c-940f-b7e0029dfbbc" testId="c49a2954-1b59-2cea-6647-1b9ade4ecb6e" testName="Ubytec.Tests.EffectRegisterTests.RawWritesStayCoherentOnContinueBreakAndBranchJoin(profile: 2)" computerName="redacted" duration="00:00:00.0878183" startTime="2026-10-06T11:52:41.5421653+02:00" endTime="2026-10-06T11:52:41.5421654+02:00" testType="13cdc9d9-ddb5-4fa4-a97d-d965ccfc6d4b" outcome="Passed" testListId="8c84fa94-04c1-424b-9868-57a2d4851a1d" relativeResultsDirectory="01416642-eea6-419c-940f-b7e0029dfbbc" />
    <UnitTestResult executionId="ce012bce-2ed9-46c4-95e7-2c22588920d7" testId="bad180d3-f27b-cea8-0f63-9b436fe2b25e" testName="Ubytec.Tests.EffectRegisterTests.DefaultAndLegacyOptionsDoNotEnableEffectCopies" computerName="redacted" duration="00:00:00.0542910" startTime="2026-10-06T11:52:45.0507592+02:00" endTime="2026-10-06T11:52:45.0507593+02:00" testType="13cdc9d9-ddb5-4fa4-a97d-d965ccfc6d4b" outcome="Passed" testListId="8c84fa94-04c1-424b-9868-57a2d4851a1d" relativeResultsDirectory="ce012bce-2ed9-46c4-95e7-2c22588920d7" />
    <UnitTestResult executionId="278b42d6-b01c-4d5f-901f-bfa361355269" testId="ed3674c9-d0b1-aaf8-66ec-bce254af25ce" testName="Ubytec.Tests.EffectRegisterTests.PartialUnalignedByteWriteReloadsWholeCachedCell(profile: 1)" computerName="redacted" duration="00:00:00.0558608" startTime="2026-10-06T11:52:43.9967057+02:00" endTime="2026-10-06T11:52:43.9967058+02:00" testType="13cdc9d9-ddb5-4fa4-a97d-d965ccfc6d4b" outcome="Passed" testListId="8c84fa94-04c1-424b-9868-57a2d4851a1d" relativeResultsDirectory="278b42d6-b01c-4d5f-901f-bfa361355269" />
    <UnitTestResult executionId="8cad05ee-9604-40e8-a055-dedfea24516e" testId="324481a2-5db9-63d3-dc33-4c07645e91b2" testName="Ubytec.Tests.EffectRegisterTests.DirectCallsMutateCallerAndClobberVolatileCopies(profile: 4)" computerName="redacted" duration="00:00:00.0642335" startTime="2026-10-06T11:52:43.0549561+02:00" endTime="2026-10-06T11:52:43.0549562+02:00" testType="13cdc9d9-ddb5-4fa4-a97d-d965ccfc6d4b" outcome="Passed" testListId="8c84fa94-04c1-424b-9868-57a2d4851a1d" relativeResultsDirectory="8cad05ee-9604-40e8-a055-dedfea24516e" />
    <UnitTestResult executionId="79da5ae8-8f67-4cb3-bd67-82d53494ef31" testId="fa8b912c-4b86-709f-e41b-3d7ef189a46c" testName="Ubytec.Tests.EffectRegisterTests.PartialUnalignedByteWriteReloadsWholeCachedCell(profile: 2)" computerName="redacted" duration="00:00:00.0738791" startTime="2026-10-06T11:52:44.1262180+02:00" endTime="2026-10-06T11:52:44.1262182+02:00" testType="13cdc9d9-ddb5-4fa4-a97d-d965ccfc6d4b" outcome="Passed" testListId="8c84fa94-04c1-424b-9868-57a2d4851a1d" relativeResultsDirectory="79da5ae8-8f67-4cb3-bd67-82d53494ef31" />
    <UnitTestResult executionId="2b787302-970e-4387-ba8c-40f80dcd7e20" testId="ef9b99e5-fba2-74aa-e4f7-1ca101fdb5bd" testName="Ubytec.Tests.EffectRegisterTests.PartialUnalignedDwordWriteReloadsWholeCachedCell(profile: 4)" computerName="redacted" duration="00:00:00.0523496" startTime="2026-10-06T11:52:42.0796467+02:00" endTime="2026-10-06T11:52:42.0796469+02:00" testType="13cdc9d9-ddb5-4fa4-a97d-d965ccfc6d4b" outcome="Passed" testListId="8c84fa94-04c1-424b-9868-57a2d4851a1d" relativeResultsDirectory="2b787302-970e-4387-ba8c-40f80dcd7e20" />
    <UnitTestResult executionId="6653a9c6-632d-46f0-9d74-9457d8eef5db" testId="54295bee-cefa-b5c7-6313-2dabb772decb" testName="Ubytec.Tests.EffectRegisterTests.PartialUnalignedDwordWriteReloadsWholeCachedCell(profile: 5)" computerName="redacted" duration="00:00:00.0509771" startTime="2026-10-06T11:52:41.9672158+02:00" endTime="2026-10-06T11:52:41.9672160+02:00" testType="13cdc9d9-ddb5-4fa4-a97d-d965ccfc6d4b" outcome="Passed" testListId="8c84fa94-04c1-424b-9868-57a2d4851a1d" relativeResultsDirectory="6653a9c6-632d-46f0-9d74-9457d8eef5db" />
    <UnitTestResult executionId="31eda8a3-3213-4009-8cf6-55b79125362b" testId="71974267-3de9-1f83-bd57-ee91d95ab34c" testName="Ubytec.Tests.EffectRegisterTests.DirectCallsMutateCallerAndClobberVolatileCopies(profile: 6)" computerName="redacted" duration="00:00:00.0747980" startTime="2026-10-06T11:52:43.3902724+02:00" endTime="2026-10-06T11:52:43.3903086+02:00" testType="13cdc9d9-ddb5-4fa4-a97d-d965ccfc6d4b" outcome="Passed" testListId="8c84fa94-04c1-424b-9868-57a2d4851a1d" relativeResultsDirectory="31eda8a3-3213-4009-8cf6-55b79125362b" />
    <UnitTestResult executionId="f238dcdc-2c8f-48e0-8d85-2b81335463ad" testId="685c60e2-797b-acfa-6527-8ce50c4ac037" testName="Ubytec.Tests.EffectRegisterTests.PartialUnalignedDwordWriteReloadsWholeCachedCell(profile: 1)" computerName="redacted" duration="00:00:00.0752462" startTime="2026-10-06T11:52:42.3618850+02:00" endTime="2026-10-06T11:52:42.3618851+02:00" testType="13cdc9d9-ddb5-4fa4-a97d-d965ccfc6d4b" outcome="Passed" testListId="8c84fa94-04c1-424b-9868-57a2d4851a1d" relativeResultsDirectory="f238dcdc-2c8f-48e0-8d85-2b81335463ad" />
    <UnitTestResult executionId="20013085-efc7-4954-bc1a-482643842821" testId="a6b2b829-59e6-c6f7-0a41-850256aa6c2c" testName="Ubytec.Tests.EffectRegisterTests.PartialUnalignedWordWriteReloadsWholeCachedCell(profile: 1)" computerName="redacted" duration="00:00:00.0527667" startTime="2026-10-06T11:52:42.4756523+02:00" endTime="2026-10-06T11:52:42.4756524+02:00" testType="13cdc9d9-ddb5-4fa4-a97d-d965ccfc6d4b" outcome="Passed" testListId="8c84fa94-04c1-424b-9868-57a2d4851a1d" relativeResultsDirectory="20013085-efc7-4954-bc1a-482643842821" />
    <UnitTestResult executionId="298602fe-d67f-4575-b9ae-19acee45045c" testId="e21b043c-cfba-0147-c059-4163a5568780" testName="Ubytec.Tests.EffectRegisterTests.RawWritesStayCoherentOnContinueBreakAndBranchJoin(profile: 0)" computerName="redacted" duration="00:00:00.0696814" startTime="2026-10-06T11:52:41.8497458+02:00" endTime="2026-10-06T11:52:41.8497459+02:00" testType="13cdc9d9-ddb5-4fa4-a97d-d965ccfc6d4b" outcome="Passed" testListId="8c84fa94-04c1-424b-9868-57a2d4851a1d" relativeResultsDirectory="298602fe-d67f-4575-b9ae-19acee45045c" />
    <UnitTestResult executionId="587267d5-5346-4517-95d7-c641e608e9cb" testId="b941b87b-890b-cbd8-3c40-3b2f183494de" testName="Ubytec.Tests.EffectRegisterTests.IndirectCallsMutateCallerAndClobberVolatileCopies(profile: 1)" computerName="redacted" duration="00:00:00.0634794" startTime="2026-10-06T11:52:44.7534272+02:00" endTime="2026-10-06T11:52:44.7534273+02:00" testType="13cdc9d9-ddb5-4fa4-a97d-d965ccfc6d4b" outcome="Passed" testListId="8c84fa94-04c1-424b-9868-57a2d4851a1d" relativeResultsDirectory="587267d5-5346-4517-95d7-c641e608e9cb" />
    <UnitTestResult executionId="aafce1b5-7b6a-45b7-aba0-b6b36a7100ad" testId="6e0204cb-cf3c-a7b0-18a8-11f3f7a5f9d4" testName="Ubytec.Tests.EffectRegisterTests.PartialUnalignedByteWriteReloadsWholeCachedCell(profile: 0)" computerName="redacted" duration="00:00:00.0689429" startTime="2026-10-06T11:52:43.9407048+02:00" endTime="2026-10-06T11:52:43.9407049+02:00" testType="13cdc9d9-ddb5-4fa4-a97d-d965ccfc6d4b" outcome="Passed" testListId="8c84fa94-04c1-424b-9868-57a2d4851a1d" relativeResultsDirectory="aafce1b5-7b6a-45b7-aba0-b6b36a7100ad" />
    <UnitTestResult executionId="090e2680-b32c-48a8-9685-dce14b02ffa1" testId="14a3e40a-7d64-d0b2-51d1-2bdcbdb33445" testName="Ubytec.Tests.EffectRegisterTests.DirectCallsMutateCallerAndClobberVolatileCopies(profile: 5)" computerName="redacted" duration="00:00:00.0589478" startTime="2026-10-06T11:52:42.9905996+02:00" endTime="2026-10-06T11:52:42.9905997+02:00" testType="13cdc9d9-ddb5-4fa4-a97d-d965ccfc6d4b" outcome="Passed" testListId="8c84fa94-04c1-424b-9868-57a2d4851a1d" relativeResultsDirectory="090e2680-b32c-48a8-9685-dce14b02ffa1" />
    <UnitTestResult executionId="b49ea6fc-c514-490c-a658-6ecfb2add3d3" testId="caf0a554-b31f-5079-91bb-334ae5b7a7ff" testName="Ubytec.Tests.EffectRegisterTests.PartialUnalignedDwordWriteReloadsWholeCachedCell(profile: 6)" computerName="redacted" duration="00:00:00.0475866" startTime="2026-10-06T11:52:42.1273389+02:00" endTime="2026-10-06T11:52:42.1273390+02:00" testType="13cdc9d9-ddb5-4fa4-a97d-d965ccfc6d4b" outcome="Passed" testListId="8c84fa94-04c1-424b-9868-57a2d4851a1d" relativeResultsDirectory="b49ea6fc-c514-490c-a658-6ecfb2add3d3" />
    <UnitTestResult executionId="aa58b242-5186-443b-a4af-677937c40907" testId="d5398c79-ae56-26a4-4e58-3b819ea2df72" testName="Ubytec.Tests.EffectRegisterTests.PartialUnalignedByteWriteReloadsWholeCachedCell(profile: 3)" computerName="redacted" duration="00:00:00.0569795" startTime="2026-10-06T11:52:43.7892256+02:00" endTime="2026-10-06T11:52:43.7892258+02:00" testType="13cdc9d9-ddb5-4fa4-a97d-d965ccfc6d4b" outcome="Passed" testListId="8c84fa94-04c1-424b-9868-57a2d4851a1d" relativeResultsDirectory="aa58b242-5186-443b-a4af-677937c40907" />
    <UnitTestResult executionId="7e6227c3-6170-42b0-bd35-483e6e8f3242" testId="759303ab-1817-389b-575b-4d5c05c048e1" testName="Ubytec.Tests.EffectRegisterTests.DirectCallsMutateCallerAndClobberVolatileCopies(profile: 2)" computerName="redacted" duration="00:00:00.0850861" startTime="2026-10-06T11:52:43.2366474+02:00" endTime="2026-10-06T11:52:43.2366476+02:00" testType="13cdc9d9-ddb5-4fa4-a97d-d965ccfc6d4b" outcome="Passed" testListId="8c84fa94-04c1-424b-9868-57a2d4851a1d" relativeResultsDirectory="7e6227c3-6170-42b0-bd35-483e6e8f3242" />
    <UnitTestResult executionId="03ff12ee-35ec-40a9-b9c6-f243d4afde1e" testId="61596c8b-2258-469a-47fc-8bc771e5af0b" testName="Ubytec.Tests.EffectRegisterTests.IndirectCallsMutateCallerAndClobberVolatileCopies(profile: 6)" computerName="redacted" duration="00:00:00.0653814" startTime="2026-10-06T11:52:44.6204997+02:00" endTime="2026-10-06T11:52:44.6204999+02:00" testType="13cdc9d9-ddb5-4fa4-a97d-d965ccfc6d4b" outcome="Passed" testListId="8c84fa94-04c1-424b-9868-57a2d4851a1d" relativeResultsDirectory="03ff12ee-35ec-40a9-b9c6-f243d4afde1e" />
    <UnitTestResult executionId="b2018465-dff5-4ff2-8a9c-b7040be3b0f3" testId="00ad7f0f-34ee-e4fa-47ac-00c0dd784633" testName="Ubytec.Tests.EffectRegisterTests.PartialUnalignedByteWriteReloadsWholeCachedCell(profile: 7)" computerName="redacted" duration="00:00:00.0553307" startTime="2026-10-06T11:52:44.0521764+02:00" endTime="2026-10-06T11:52:44.0521765+02:00" testType="13cdc9d9-ddb5-4fa4-a97d-d965ccfc6d4b" outcome="Passed" testListId="8c84fa94-04c1-424b-9868-57a2d4851a1d" relativeResultsDirectory="b2018465-dff5-4ff2-8a9c-b7040be3b0f3" />
    <UnitTestResult executionId="81795aa1-baff-401f-9567-ecae81de7c1b" testId="1810262f-0837-3a02-85de-965d0baaaa03" testName="Ubytec.Tests.EffectRegisterTests.PartialUnalignedDwordWriteReloadsWholeCachedCell(profile: 2)" computerName="redacted" duration="00:00:00.0596743" startTime="2026-10-06T11:52:42.0271062+02:00" endTime="2026-10-06T11:52:42.0271063+02:00" testType="13cdc9d9-ddb5-4fa4-a97d-d965ccfc6d4b" outcome="Passed" testListId="8c84fa94-04c1-424b-9868-57a2d4851a1d" relativeResultsDirectory="81795aa1-baff-401f-9567-ecae81de7c1b" />
    <UnitTestResult executionId="3f68c3d1-d3e9-44d6-adae-68014d7a9b3c" testId="6485cce3-b95b-a7be-0ad8-e60d1f86edba" testName="Ubytec.Tests.EffectRegisterTests.DirectCallsMutateCallerAndClobberVolatileCopies(profile: 3)" computerName="redacted" duration="00:00:00.0962064" startTime="2026-10-06T11:52:43.1513517+02:00" endTime="2026-10-06T11:52:43.1513518+02:00" testType="13cdc9d9-ddb5-4fa4-a97d-d965ccfc6d4b" outcome="Passed" testListId="8c84fa94-04c1-424b-9868-57a2d4851a1d" relativeResultsDirectory="3f68c3d1-d3e9-44d6-adae-68014d7a9b3c" />
    <UnitTestResult executionId="34425f11-86b7-4148-ad0d-ba2b84159252" testId="ed49c436-ce3c-5bd9-b348-6a09470ea473" testName="Ubytec.Tests.EffectRegisterTests.PartialUnalignedDwordWriteReloadsWholeCachedCell(profile: 7)" computerName="redacted" duration="00:00:00.0486355" startTime="2026-10-06T11:52:42.2864938+02:00" endTime="2026-10-06T11:52:42.2864940+02:00" testType="13cdc9d9-ddb5-4fa4-a97d-d965ccfc6d4b" outcome="Passed" testListId="8c84fa94-04c1-424b-9868-57a2d4851a1d" relativeResultsDirectory="34425f11-86b7-4148-ad0d-ba2b84159252" />
    <UnitTestResult executionId="08344d99-b72a-4676-b3e9-3b940b556fa2" testId="d3e155df-e5e3-0941-5dcf-4bcd557bad2f" testName="Ubytec.Tests.EffectRegisterTests.PartialUnalignedWordWriteReloadsWholeCachedCell(profile: 2)" computerName="redacted" duration="00:00:00.0548199" startTime="2026-10-06T11:52:42.5307296+02:00" endTime="2026-10-06T11:52:42.5307298+02:00" testType="13cdc9d9-ddb5-4fa4-a97d-d965ccfc6d4b" outcome="Passed" testListId="8c84fa94-04c1-424b-9868-57a2d4851a1d" relativeResultsDirectory="08344d99-b72a-4676-b3e9-3b940b556fa2" />
    <UnitTestResult executionId="0adef4d5-c75b-47fe-9f5f-ac0472e52d89" testId="138822db-a970-a67d-dc06-bc0ab991a0f3" testName="Ubytec.Tests.EffectRegisterTests.DirectCallsMutateCallerAndClobberVolatileCopies(profile: 7)" computerName="redacted" duration="00:00:00.0784726" startTime="2026-10-06T11:52:43.3152404+02:00" endTime="2026-10-06T11:52:43.3152405+02:00" testType="13cdc9d9-ddb5-4fa4-a97d-d965ccfc6d4b" outcome="Passed" testListId="8c84fa94-04c1-424b-9868-57a2d4851a1d" relativeResultsDirectory="0adef4d5-c75b-47fe-9f5f-ac0472e52d89" />
    <UnitTestResult executionId="e0b5a77f-8ff6-4667-b5f8-d4909dd043a6" testId="0520a761-c81d-f594-fdff-c9ff760ca333" testName="Ubytec.Tests.EffectRegisterTests.IndirectCallsMutateCallerAndClobberVolatileCopies(profile: 0)" computerName="redacted" duration="00:00:00.0690955" startTime="2026-10-06T11:52:44.6897738+02:00" endTime="2026-10-06T11:52:44.6897739+02:00" testType="13cdc9d9-ddb5-4fa4-a97d-d965ccfc6d4b" outcome="Passed" testListId="8c84fa94-04c1-424b-9868-57a2d4851a1d" relativeResultsDirectory="e0b5a77f-8ff6-4667-b5f8-d4909dd043a6" />
    <UnitTestResult executionId="c6b413af-e864-4255-8e88-255887ada219" testId="f05c096f-6a72-4e52-230f-5d8a3eaff1af" testName="Ubytec.Tests.EffectRegisterTests.PartialUnalignedByteWriteReloadsWholeCachedCell(profile: 5)" computerName="redacted" duration="00:00:00.0679474" startTime="2026-10-06T11:52:44.1942768+02:00" endTime="2026-10-06T11:52:44.1942769+02:00" testType="13cdc9d9-ddb5-4fa4-a97d-d965ccfc6d4b" outcome="Passed" testListId="8c84fa94-04c1-424b-9868-57a2d4851a1d" relativeResultsDirectory="c6b413af-e864-4255-8e88-255887ada219" />
    <UnitTestResult executionId="197205d4-dd24-4920-9e71-3824bcb5171a" testId="ea6aa0c0-65ea-d32a-7e70-ec07438f10cc" testName="Ubytec.Tests.EffectRegisterTests.IndirectCallsMutateCallerAndClobberVolatileCopies(profile: 5)" computerName="redacted" duration="00:00:00.2926936" startTime="2026-10-06T11:52:44.5549133+02:00" endTime="2026-10-06T11:52:44.5549134+02:00" testType="13cdc9d9-ddb5-4fa4-a97d-d965ccfc6d4b" outcome="Passed" testListId="8c84fa94-04c1-424b-9868-57a2d4851a1d" relativeResultsDirectory="197205d4-dd24-4920-9e71-3824bcb5171a" />
    <UnitTestResult executionId="9064e5f3-76d6-44d5-903d-600338931465" testId="05e16d06-2abf-c176-af86-432a190fb336" testName="Ubytec.Tests.EffectRegisterTests.PartialUnalignedByteWriteReloadsWholeCachedCell(profile: 4)" computerName="redacted" duration="00:00:00.2654395" startTime="2026-10-06T11:52:43.7321162+02:00" endTime="2026-10-06T11:52:43.7321163+02:00" testType="13cdc9d9-ddb5-4fa4-a97d-d965ccfc6d4b" outcome="Passed" testListId="8c84fa94-04c1-424b-9868-57a2d4851a1d" relativeResultsDirectory="9064e5f3-76d6-44d5-903d-600338931465" />
    <UnitTestResult executionId="ba9be7c7-356f-4b73-a2c1-30d0164a56de" testId="07598b98-8997-671a-1bf9-da7661e8fd37" testName="Ubytec.Tests.EffectRegisterTests.PartialUnalignedWordWriteReloadsWholeCachedCell(profile: 7)" computerName="redacted" duration="00:00:00.0740518" startTime="2026-10-06T11:52:42.6537336+02:00" endTime="2026-10-06T11:52:42.6537339+02:00" testType="13cdc9d9-ddb5-4fa4-a97d-d965ccfc6d4b" outcome="Passed" testListId="8c84fa94-04c1-424b-9868-57a2d4851a1d" relativeResultsDirectory="ba9be7c7-356f-4b73-a2c1-30d0164a56de" />
    <UnitTestResult executionId="8bd93930-f8a5-435f-868b-566295bc6250" testId="242570ea-b6ce-ad55-4320-8770ec091cf4" testName="Ubytec.Tests.EffectRegisterTests.IndirectCallsMutateCallerAndClobberVolatileCopies(profile: 3)" computerName="redacted" duration="00:00:00.0675007" startTime="2026-10-06T11:52:44.8953885+02:00" endTime="2026-10-06T11:52:44.8953886+02:00" testType="13cdc9d9-ddb5-4fa4-a97d-d965ccfc6d4b" outcome="Passed" testListId="8c84fa94-04c1-424b-9868-57a2d4851a1d" relativeResultsDirectory="8bd93930-f8a5-435f-868b-566295bc6250" />
    <UnitTestResult executionId="a22bfd3d-7b66-44e2-9762-0939e2d76363" testId="26a04415-e8b3-faac-969b-d0353d8ac069" testName="Ubytec.Tests.EffectRegisterTests.RawWritesStayCoherentOnContinueBreakAndBranchJoin(profile: 6)" computerName="redacted" duration="00:00:00.0727010" startTime="2026-10-06T11:52:41.7798667+02:00" endTime="2026-10-06T11:52:41.7798668+02:00" testType="13cdc9d9-ddb5-4fa4-a97d-d965ccfc6d4b" outcome="Passed" testListId="8c84fa94-04c1-424b-9868-57a2d4851a1d" relativeResultsDirectory="a22bfd3d-7b66-44e2-9762-0939e2d76363" />
    <UnitTestResult executionId="2e909157-0d46-4bed-aa8d-588f9b5e2c70" testId="438496cb-b751-aa28-7871-6c7cfd1a5a60" testName="Ubytec.Tests.EffectRegisterTests.IndirectCallsMutateCallerAndClobberVolatileCopies(profile: 7)" computerName="redacted" duration="00:00:00.0740799" startTime="2026-10-06T11:52:44.8277353+02:00" endTime="2026-10-06T11:52:44.8277354+02:00" testType="13cdc9d9-ddb5-4fa4-a97d-d965ccfc6d4b" outcome="Passed" testListId="8c84fa94-04c1-424b-9868-57a2d4851a1d" relativeResultsDirectory="2e909157-0d46-4bed-aa8d-588f9b5e2c70" />
    <UnitTestResult executionId="de52aad3-0055-4ea5-a125-69a519155ffe" testId="27b59aba-dca4-55f2-8660-c613156a6e36" testName="Ubytec.Tests.EffectRegisterTests.PartialUnalignedWordWriteReloadsWholeCachedCell(profile: 3)" computerName="redacted" duration="00:00:00.0652563" startTime="2026-10-06T11:52:42.8012045+02:00" endTime="2026-10-06T11:52:42.8012046+02:00" testType="13cdc9d9-ddb5-4fa4-a97d-d965ccfc6d4b" outcome="Passed" testListId="8c84fa94-04c1-424b-9868-57a2d4851a1d" relativeResultsDirectory="de52aad3-0055-4ea5-a125-69a519155ffe" />
    <UnitTestResult executionId="13fd50d7-a1af-4ee0-b579-27452576164b" testId="b82023e8-b898-6b88-1807-216f3b5ff99e" testName="Ubytec.Tests.EffectRegisterTests.PartialUnalignedWordWriteReloadsWholeCachedCell(profile: 5)" computerName="redacted" duration="00:00:00.0634200" startTime="2026-10-06T11:52:42.8648723+02:00" endTime="2026-10-06T11:52:42.8648724+02:00" testType="13cdc9d9-ddb5-4fa4-a97d-d965ccfc6d4b" outcome="Passed" testListId="8c84fa94-04c1-424b-9868-57a2d4851a1d" relativeResultsDirectory="13fd50d7-a1af-4ee0-b579-27452576164b" />
  </Results>
  <TestDefinitions>
    <UnitTest name="Ubytec.Tests.EffectRegisterTests.PartialUnalignedByteWriteReloadsWholeCachedCell(profile: 2)" storage="REDACTED_LOCAL_ROOT/ubytec.tests/bin/release/net10.0/ubytec.tests.dll" id="fa8b912c-4b86-709f-e41b-3d7ef189a46c">
      <Execution id="79da5ae8-8f67-4cb3-bd67-82d53494ef31" />
      <TestMethod codeBase="REDACTED_LOCAL_ROOT/Ubytec.Tests/bin/Release/net10.0/Ubytec.Tests.dll" adapterTypeName="executor://xunit/VsTestRunner2/netcoreapp" className="Ubytec.Tests.EffectRegisterTests" name="PartialUnalignedByteWriteReloadsWholeCachedCell" />
    </UnitTest>
    <UnitTest name="Ubytec.Tests.EffectRegisterTests.RawWritesStayCoherentOnContinueBreakAndBranchJoin(profile: 0)" storage="REDACTED_LOCAL_ROOT/ubytec.tests/bin/release/net10.0/ubytec.tests.dll" id="e21b043c-cfba-0147-c059-4163a5568780">
      <Execution id="298602fe-d67f-4575-b9ae-19acee45045c" />
      <TestMethod codeBase="REDACTED_LOCAL_ROOT/Ubytec.Tests/bin/Release/net10.0/Ubytec.Tests.dll" adapterTypeName="executor://xunit/VsTestRunner2/netcoreapp" className="Ubytec.Tests.EffectRegisterTests" name="RawWritesStayCoherentOnContinueBreakAndBranchJoin" />
    </UnitTest>
    <UnitTest name="Ubytec.Tests.EffectRegisterTests.PartialUnalignedByteWriteReloadsWholeCachedCell(profile: 3)" storage="REDACTED_LOCAL_ROOT/ubytec.tests/bin/release/net10.0/ubytec.tests.dll" id="d5398c79-ae56-26a4-4e58-3b819ea2df72">
      <Execution id="aa58b242-5186-443b-a4af-677937c40907" />
      <TestMethod codeBase="REDACTED_LOCAL_ROOT/Ubytec.Tests/bin/Release/net10.0/Ubytec.Tests.dll" adapterTypeName="executor://xunit/VsTestRunner2/netcoreapp" className="Ubytec.Tests.EffectRegisterTests" name="PartialUnalignedByteWriteReloadsWholeCachedCell" />
    </UnitTest>
    <UnitTest name="Ubytec.Tests.EffectRegisterTests.DirectCallsMutateCallerAndClobberVolatileCopies(profile: 7)" storage="REDACTED_LOCAL_ROOT/ubytec.tests/bin/release/net10.0/ubytec.tests.dll" id="138822db-a970-a67d-dc06-bc0ab991a0f3">
      <Execution id="0adef4d5-c75b-47fe-9f5f-ac0472e52d89" />
      <TestMethod codeBase="REDACTED_LOCAL_ROOT/Ubytec.Tests/bin/Release/net10.0/Ubytec.Tests.dll" adapterTypeName="executor://xunit/VsTestRunner2/netcoreapp" className="Ubytec.Tests.EffectRegisterTests" name="DirectCallsMutateCallerAndClobberVolatileCopies" />
    </UnitTest>
    <UnitTest name="Ubytec.Tests.EffectRegisterTests.RawWritesStayCoherentOnContinueBreakAndBranchJoin(profile: 1)" storage="REDACTED_LOCAL_ROOT/ubytec.tests/bin/release/net10.0/ubytec.tests.dll" id="25bcaa5f-dcf7-6c65-0d54-a51a3103cf08">
      <Execution id="e2c54fca-9631-48fc-a7ca-927e68a79c14" />
      <TestMethod codeBase="REDACTED_LOCAL_ROOT/Ubytec.Tests/bin/Release/net10.0/Ubytec.Tests.dll" adapterTypeName="executor://xunit/VsTestRunner2/netcoreapp" className="Ubytec.Tests.EffectRegisterTests" name="RawWritesStayCoherentOnContinueBreakAndBranchJoin" />
    </UnitTest>
    <UnitTest name="Ubytec.Tests.EffectRegisterTests.IndirectCallsMutateCallerAndClobberVolatileCopies(profile: 7)" storage="REDACTED_LOCAL_ROOT/ubytec.tests/bin/release/net10.0/ubytec.tests.dll" id="438496cb-b751-aa28-7871-6c7cfd1a5a60">
      <Execution id="2e909157-0d46-4bed-aa8d-588f9b5e2c70" />
      <TestMethod codeBase="REDACTED_LOCAL_ROOT/Ubytec.Tests/bin/Release/net10.0/Ubytec.Tests.dll" adapterTypeName="executor://xunit/VsTestRunner2/netcoreapp" className="Ubytec.Tests.EffectRegisterTests" name="IndirectCallsMutateCallerAndClobberVolatileCopies" />
    </UnitTest>
    <UnitTest name="Ubytec.Tests.EffectRegisterTests.IndirectCallsMutateCallerAndClobberVolatileCopies(profile: 1)" storage="REDACTED_LOCAL_ROOT/ubytec.tests/bin/release/net10.0/ubytec.tests.dll" id="b941b87b-890b-cbd8-3c40-3b2f183494de">
      <Execution id="587267d5-5346-4517-95d7-c641e608e9cb" />
      <TestMethod codeBase="REDACTED_LOCAL_ROOT/Ubytec.Tests/bin/Release/net10.0/Ubytec.Tests.dll" adapterTypeName="executor://xunit/VsTestRunner2/netcoreapp" className="Ubytec.Tests.EffectRegisterTests" name="IndirectCallsMutateCallerAndClobberVolatileCopies" />
    </UnitTest>
    <UnitTest name="Ubytec.Tests.EffectRegisterTests.PartialUnalignedWordWriteReloadsWholeCachedCell(profile: 0)" storage="REDACTED_LOCAL_ROOT/ubytec.tests/bin/release/net10.0/ubytec.tests.dll" id="caa4e9f5-aee6-9c0e-b60f-9b0af49e8748">
      <Execution id="e3771c24-55c2-4bd9-92a3-0c18bea813e6" />
      <TestMethod codeBase="REDACTED_LOCAL_ROOT/Ubytec.Tests/bin/Release/net10.0/Ubytec.Tests.dll" adapterTypeName="executor://xunit/VsTestRunner2/netcoreapp" className="Ubytec.Tests.EffectRegisterTests" name="PartialUnalignedWordWriteReloadsWholeCachedCell" />
    </UnitTest>
    <UnitTest name="Ubytec.Tests.EffectRegisterTests.DirectCallsMutateCallerAndClobberVolatileCopies(profile: 2)" storage="REDACTED_LOCAL_ROOT/ubytec.tests/bin/release/net10.0/ubytec.tests.dll" id="759303ab-1817-389b-575b-4d5c05c048e1">
      <Execution id="7e6227c3-6170-42b0-bd35-483e6e8f3242" />
      <TestMethod codeBase="REDACTED_LOCAL_ROOT/Ubytec.Tests/bin/Release/net10.0/Ubytec.Tests.dll" adapterTypeName="executor://xunit/VsTestRunner2/netcoreapp" className="Ubytec.Tests.EffectRegisterTests" name="DirectCallsMutateCallerAndClobberVolatileCopies" />
    </UnitTest>
    <UnitTest name="Ubytec.Tests.EffectRegisterTests.RawWritesStayCoherentOnContinueBreakAndBranchJoin(profile: 7)" storage="REDACTED_LOCAL_ROOT/ubytec.tests/bin/release/net10.0/ubytec.tests.dll" id="8242d042-4e5b-5663-7cf9-b1369ee183f3">
      <Execution id="240bd653-54ff-4a9e-aede-3170bc236306" />
      <TestMethod codeBase="REDACTED_LOCAL_ROOT/Ubytec.Tests/bin/Release/net10.0/Ubytec.Tests.dll" adapterTypeName="executor://xunit/VsTestRunner2/netcoreapp" className="Ubytec.Tests.EffectRegisterTests" name="RawWritesStayCoherentOnContinueBreakAndBranchJoin" />
    </UnitTest>
    <UnitTest name="Ubytec.Tests.EffectRegisterTests.PartialUnalignedWordWriteReloadsWholeCachedCell(profile: 2)" storage="REDACTED_LOCAL_ROOT/ubytec.tests/bin/release/net10.0/ubytec.tests.dll" id="d3e155df-e5e3-0941-5dcf-4bcd557bad2f">
      <Execution id="08344d99-b72a-4676-b3e9-3b940b556fa2" />
      <TestMethod codeBase="REDACTED_LOCAL_ROOT/Ubytec.Tests/bin/Release/net10.0/Ubytec.Tests.dll" adapterTypeName="executor://xunit/VsTestRunner2/netcoreapp" className="Ubytec.Tests.EffectRegisterTests" name="PartialUnalignedWordWriteReloadsWholeCachedCell" />
    </UnitTest>
    <UnitTest name="Ubytec.Tests.EffectRegisterTests.RawWritesStayCoherentOnContinueBreakAndBranchJoin(profile: 3)" storage="REDACTED_LOCAL_ROOT/ubytec.tests/bin/release/net10.0/ubytec.tests.dll" id="7a3be680-3ea3-ee66-cade-6ad114eda193">
      <Execution id="22f96b0e-f77e-4a42-875b-6a0d14983ce0" />
      <TestMethod codeBase="REDACTED_LOCAL_ROOT/Ubytec.Tests/bin/Release/net10.0/Ubytec.Tests.dll" adapterTypeName="executor://xunit/VsTestRunner2/netcoreapp" className="Ubytec.Tests.EffectRegisterTests" name="RawWritesStayCoherentOnContinueBreakAndBranchJoin" />
    </UnitTest>
    <UnitTest name="Ubytec.Tests.EffectRegisterTests.PartialUnalignedDwordWriteReloadsWholeCachedCell(profile: 5)" storage="REDACTED_LOCAL_ROOT/ubytec.tests/bin/release/net10.0/ubytec.tests.dll" id="54295bee-cefa-b5c7-6313-2dabb772decb">
      <Execution id="6653a9c6-632d-46f0-9d74-9457d8eef5db" />
      <TestMethod codeBase="REDACTED_LOCAL_ROOT/Ubytec.Tests/bin/Release/net10.0/Ubytec.Tests.dll" adapterTypeName="executor://xunit/VsTestRunner2/netcoreapp" className="Ubytec.Tests.EffectRegisterTests" name="PartialUnalignedDwordWriteReloadsWholeCachedCell" />
    </UnitTest>
    <UnitTest name="Ubytec.Tests.EffectRegisterTests.IndirectCallsMutateCallerAndClobberVolatileCopies(profile: 6)" storage="REDACTED_LOCAL_ROOT/ubytec.tests/bin/release/net10.0/ubytec.tests.dll" id="61596c8b-2258-469a-47fc-8bc771e5af0b">
      <Execution id="03ff12ee-35ec-40a9-b9c6-f243d4afde1e" />
      <TestMethod codeBase="REDACTED_LOCAL_ROOT/Ubytec.Tests/bin/Release/net10.0/Ubytec.Tests.dll" adapterTypeName="executor://xunit/VsTestRunner2/netcoreapp" className="Ubytec.Tests.EffectRegisterTests" name="IndirectCallsMutateCallerAndClobberVolatileCopies" />
    </UnitTest>
    <UnitTest name="Ubytec.Tests.EffectRegisterTests.RawWritesStayCoherentOnContinueBreakAndBranchJoin(profile: 5)" storage="REDACTED_LOCAL_ROOT/ubytec.tests/bin/release/net10.0/ubytec.tests.dll" id="23f6aa6b-0156-adac-afa8-e2552ed73e41">
      <Execution id="9864b293-ca23-4dc0-a7cb-1e076469e89c" />
      <TestMethod codeBase="REDACTED_LOCAL_ROOT/Ubytec.Tests/bin/Release/net10.0/Ubytec.Tests.dll" adapterTypeName="executor://xunit/VsTestRunner2/netcoreapp" className="Ubytec.Tests.EffectRegisterTests" name="RawWritesStayCoherentOnContinueBreakAndBranchJoin" />
    </UnitTest>
    <UnitTest name="Ubytec.Tests.EffectRegisterTests.PartialUnalignedByteWriteReloadsWholeCachedCell(profile: 6)" storage="REDACTED_LOCAL_ROOT/ubytec.tests/bin/release/net10.0/ubytec.tests.dll" id="1cf70a79-622b-5c3d-037f-541bc424324a">
      <Execution id="225eb3a0-05c1-4d65-a950-8c3b79a07160" />
      <TestMethod codeBase="REDACTED_LOCAL_ROOT/Ubytec.Tests/bin/Release/net10.0/Ubytec.Tests.dll" adapterTypeName="executor://xunit/VsTestRunner2/netcoreapp" className="Ubytec.Tests.EffectRegisterTests" name="PartialUnalignedByteWriteReloadsWholeCachedCell" />
    </UnitTest>
    <UnitTest name="Ubytec.Tests.EffectRegisterTests.DefaultAndLegacyOptionsDoNotEnableEffectCopies" storage="REDACTED_LOCAL_ROOT/ubytec.tests/bin/release/net10.0/ubytec.tests.dll" id="bad180d3-f27b-cea8-0f63-9b436fe2b25e">
      <Execution id="ce012bce-2ed9-46c4-95e7-2c22588920d7" />
      <TestMethod codeBase="REDACTED_LOCAL_ROOT/Ubytec.Tests/bin/Release/net10.0/Ubytec.Tests.dll" adapterTypeName="executor://xunit/VsTestRunner2/netcoreapp" className="Ubytec.Tests.EffectRegisterTests" name="DefaultAndLegacyOptionsDoNotEnableEffectCopies" />
    </UnitTest>
    <UnitTest name="Ubytec.Tests.EffectRegisterTests.IndirectCallsMutateCallerAndClobberVolatileCopies(profile: 4)" storage="REDACTED_LOCAL_ROOT/ubytec.tests/bin/release/net10.0/ubytec.tests.dll" id="82ed55ad-09a2-a1fd-5499-7c07499f24be">
      <Execution id="4a7cdd0d-bf81-49f9-b29a-c059eefd9b33" />
      <TestMethod codeBase="REDACTED_LOCAL_ROOT/Ubytec.Tests/bin/Release/net10.0/Ubytec.Tests.dll" adapterTypeName="executor://xunit/VsTestRunner2/netcoreapp" className="Ubytec.Tests.EffectRegisterTests" name="IndirectCallsMutateCallerAndClobberVolatileCopies" />
    </UnitTest>
    <UnitTest name="Ubytec.Tests.EffectRegisterTests.IndirectCallsMutateCallerAndClobberVolatileCopies(profile: 2)" storage="REDACTED_LOCAL_ROOT/ubytec.tests/bin/release/net10.0/ubytec.tests.dll" id="7f862dc1-fda4-78da-03b0-8758899ebf5b">
      <Execution id="c41a90aa-9a77-45f1-a6eb-9d848c94bd2a" />
      <TestMethod codeBase="REDACTED_LOCAL_ROOT/Ubytec.Tests/bin/Release/net10.0/Ubytec.Tests.dll" adapterTypeName="executor://xunit/VsTestRunner2/netcoreapp" className="Ubytec.Tests.EffectRegisterTests" name="IndirectCallsMutateCallerAndClobberVolatileCopies" />
    </UnitTest>
    <UnitTest name="Ubytec.Tests.EffectRegisterTests.IndirectCallsMutateCallerAndClobberVolatileCopies(profile: 5)" storage="REDACTED_LOCAL_ROOT/ubytec.tests/bin/release/net10.0/ubytec.tests.dll" id="ea6aa0c0-65ea-d32a-7e70-ec07438f10cc">
      <Execution id="197205d4-dd24-4920-9e71-3824bcb5171a" />
      <TestMethod codeBase="REDACTED_LOCAL_ROOT/Ubytec.Tests/bin/Release/net10.0/Ubytec.Tests.dll" adapterTypeName="executor://xunit/VsTestRunner2/netcoreapp" className="Ubytec.Tests.EffectRegisterTests" name="IndirectCallsMutateCallerAndClobberVolatileCopies" />
    </UnitTest>
    <UnitTest name="Ubytec.Tests.EffectRegisterTests.PartialUnalignedDwordWriteReloadsWholeCachedCell(profile: 1)" storage="REDACTED_LOCAL_ROOT/ubytec.tests/bin/release/net10.0/ubytec.tests.dll" id="685c60e2-797b-acfa-6527-8ce50c4ac037">
      <Execution id="f238dcdc-2c8f-48e0-8d85-2b81335463ad" />
      <TestMethod codeBase="REDACTED_LOCAL_ROOT/Ubytec.Tests/bin/Release/net10.0/Ubytec.Tests.dll" adapterTypeName="executor://xunit/VsTestRunner2/netcoreapp" className="Ubytec.Tests.EffectRegisterTests" name="PartialUnalignedDwordWriteReloadsWholeCachedCell" />
    </UnitTest>
    <UnitTest name="Ubytec.Tests.EffectRegisterTests.DirectCallsMutateCallerAndClobberVolatileCopies(profile: 0)" storage="REDACTED_LOCAL_ROOT/ubytec.tests/bin/release/net10.0/ubytec.tests.dll" id="e3c0d1e0-b01b-9c91-85f6-3c7b7250849b">
      <Execution id="2ddc528e-0e47-4d32-887b-bad04d9f2e79" />
      <TestMethod codeBase="REDACTED_LOCAL_ROOT/Ubytec.Tests/bin/Release/net10.0/Ubytec.Tests.dll" adapterTypeName="executor://xunit/VsTestRunner2/netcoreapp" className="Ubytec.Tests.EffectRegisterTests" name="DirectCallsMutateCallerAndClobberVolatileCopies" />
    </UnitTest>
    <UnitTest name="Ubytec.Tests.EffectRegisterTests.PartialUnalignedByteWriteReloadsWholeCachedCell(profile: 5)" storage="REDACTED_LOCAL_ROOT/ubytec.tests/bin/release/net10.0/ubytec.tests.dll" id="f05c096f-6a72-4e52-230f-5d8a3eaff1af">
      <Execution id="c6b413af-e864-4255-8e88-255887ada219" />
      <TestMethod codeBase="REDACTED_LOCAL_ROOT/Ubytec.Tests/bin/Release/net10.0/Ubytec.Tests.dll" adapterTypeName="executor://xunit/VsTestRunner2/netcoreapp" className="Ubytec.Tests.EffectRegisterTests" name="PartialUnalignedByteWriteReloadsWholeCachedCell" />
    </UnitTest>
    <UnitTest name="Ubytec.Tests.EffectRegisterTests.PartialUnalignedWordWriteReloadsWholeCachedCell(profile: 1)" storage="REDACTED_LOCAL_ROOT/ubytec.tests/bin/release/net10.0/ubytec.tests.dll" id="a6b2b829-59e6-c6f7-0a41-850256aa6c2c">
      <Execution id="20013085-efc7-4954-bc1a-482643842821" />
      <TestMethod codeBase="REDACTED_LOCAL_ROOT/Ubytec.Tests/bin/Release/net10.0/Ubytec.Tests.dll" adapterTypeName="executor://xunit/VsTestRunner2/netcoreapp" className="Ubytec.Tests.EffectRegisterTests" name="PartialUnalignedWordWriteReloadsWholeCachedCell" />
    </UnitTest>
    <UnitTest name="Ubytec.Tests.EffectRegisterTests.PartialUnalignedByteWriteReloadsWholeCachedCell(profile: 0)" storage="REDACTED_LOCAL_ROOT/ubytec.tests/bin/release/net10.0/ubytec.tests.dll" id="6e0204cb-cf3c-a7b0-18a8-11f3f7a5f9d4">
      <Execution id="aafce1b5-7b6a-45b7-aba0-b6b36a7100ad" />
      <TestMethod codeBase="REDACTED_LOCAL_ROOT/Ubytec.Tests/bin/Release/net10.0/Ubytec.Tests.dll" adapterTypeName="executor://xunit/VsTestRunner2/netcoreapp" className="Ubytec.Tests.EffectRegisterTests" name="PartialUnalignedByteWriteReloadsWholeCachedCell" />
    </UnitTest>
    <UnitTest name="Ubytec.Tests.EffectRegisterTests.PartialUnalignedWordWriteReloadsWholeCachedCell(profile: 4)" storage="REDACTED_LOCAL_ROOT/ubytec.tests/bin/release/net10.0/ubytec.tests.dll" id="0f25ec9b-cc51-e4d5-5f54-5b99838091a7">
      <Execution id="6cb6ee5e-9a94-4160-a000-1e54792df625" />
      <TestMethod codeBase="REDACTED_LOCAL_ROOT/Ubytec.Tests/bin/Release/net10.0/Ubytec.Tests.dll" adapterTypeName="executor://xunit/VsTestRunner2/netcoreapp" className="Ubytec.Tests.EffectRegisterTests" name="PartialUnalignedWordWriteReloadsWholeCachedCell" />
    </UnitTest>
    <UnitTest name="Ubytec.Tests.EffectRegisterTests.PartialUnalignedDwordWriteReloadsWholeCachedCell(profile: 6)" storage="REDACTED_LOCAL_ROOT/ubytec.tests/bin/release/net10.0/ubytec.tests.dll" id="caf0a554-b31f-5079-91bb-334ae5b7a7ff">
      <Execution id="b49ea6fc-c514-490c-a658-6ecfb2add3d3" />
      <TestMethod codeBase="REDACTED_LOCAL_ROOT/Ubytec.Tests/bin/Release/net10.0/Ubytec.Tests.dll" adapterTypeName="executor://xunit/VsTestRunner2/netcoreapp" className="Ubytec.Tests.EffectRegisterTests" name="PartialUnalignedDwordWriteReloadsWholeCachedCell" />
    </UnitTest>
    <UnitTest name="Ubytec.Tests.EffectRegisterTests.PartialUnalignedDwordWriteReloadsWholeCachedCell(profile: 0)" storage="REDACTED_LOCAL_ROOT/ubytec.tests/bin/release/net10.0/ubytec.tests.dll" id="82a586ee-821b-1c5b-1368-d8894479a17c">
      <Execution id="4a86e0aa-c409-4f73-8acc-66d1b3755fec" />
      <TestMethod codeBase="REDACTED_LOCAL_ROOT/Ubytec.Tests/bin/Release/net10.0/Ubytec.Tests.dll" adapterTypeName="executor://xunit/VsTestRunner2/netcoreapp" className="Ubytec.Tests.EffectRegisterTests" name="PartialUnalignedDwordWriteReloadsWholeCachedCell" />
    </UnitTest>
    <UnitTest name="Ubytec.Tests.EffectRegisterTests.PartialUnalignedWordWriteReloadsWholeCachedCell(profile: 6)" storage="REDACTED_LOCAL_ROOT/ubytec.tests/bin/release/net10.0/ubytec.tests.dll" id="6c19b761-b9c2-8b86-b679-2d6fe3f1c9ed">
      <Execution id="148bb6e4-5ad5-484d-95ea-c0a96f6b7e03" />
      <TestMethod codeBase="REDACTED_LOCAL_ROOT/Ubytec.Tests/bin/Release/net10.0/Ubytec.Tests.dll" adapterTypeName="executor://xunit/VsTestRunner2/netcoreapp" className="Ubytec.Tests.EffectRegisterTests" name="PartialUnalignedWordWriteReloadsWholeCachedCell" />
    </UnitTest>
    <UnitTest name="Ubytec.Tests.EffectRegisterTests.PartialUnalignedDwordWriteReloadsWholeCachedCell(profile: 2)" storage="REDACTED_LOCAL_ROOT/ubytec.tests/bin/release/net10.0/ubytec.tests.dll" id="1810262f-0837-3a02-85de-965d0baaaa03">
      <Execution id="81795aa1-baff-401f-9567-ecae81de7c1b" />
      <TestMethod codeBase="REDACTED_LOCAL_ROOT/Ubytec.Tests/bin/Release/net10.0/Ubytec.Tests.dll" adapterTypeName="executor://xunit/VsTestRunner2/netcoreapp" className="Ubytec.Tests.EffectRegisterTests" name="PartialUnalignedDwordWriteReloadsWholeCachedCell" />
    </UnitTest>
    <UnitTest name="Ubytec.Tests.EffectRegisterTests.DirectCallsMutateCallerAndClobberVolatileCopies(profile: 6)" storage="REDACTED_LOCAL_ROOT/ubytec.tests/bin/release/net10.0/ubytec.tests.dll" id="71974267-3de9-1f83-bd57-ee91d95ab34c">
      <Execution id="31eda8a3-3213-4009-8cf6-55b79125362b" />
      <TestMethod codeBase="REDACTED_LOCAL_ROOT/Ubytec.Tests/bin/Release/net10.0/Ubytec.Tests.dll" adapterTypeName="executor://xunit/VsTestRunner2/netcoreapp" className="Ubytec.Tests.EffectRegisterTests" name="DirectCallsMutateCallerAndClobberVolatileCopies" />
    </UnitTest>
    <UnitTest name="Ubytec.Tests.EffectRegisterTests.RawWritesStayCoherentOnContinueBreakAndBranchJoin(profile: 6)" storage="REDACTED_LOCAL_ROOT/ubytec.tests/bin/release/net10.0/ubytec.tests.dll" id="26a04415-e8b3-faac-969b-d0353d8ac069">
      <Execution id="a22bfd3d-7b66-44e2-9762-0939e2d76363" />
      <TestMethod codeBase="REDACTED_LOCAL_ROOT/Ubytec.Tests/bin/Release/net10.0/Ubytec.Tests.dll" adapterTypeName="executor://xunit/VsTestRunner2/netcoreapp" className="Ubytec.Tests.EffectRegisterTests" name="RawWritesStayCoherentOnContinueBreakAndBranchJoin" />
    </UnitTest>
    <UnitTest name="Ubytec.Tests.EffectRegisterTests.IndirectCallsMutateCallerAndClobberVolatileCopies(profile: 3)" storage="REDACTED_LOCAL_ROOT/ubytec.tests/bin/release/net10.0/ubytec.tests.dll" id="242570ea-b6ce-ad55-4320-8770ec091cf4">
      <Execution id="8bd93930-f8a5-435f-868b-566295bc6250" />
      <TestMethod codeBase="REDACTED_LOCAL_ROOT/Ubytec.Tests/bin/Release/net10.0/Ubytec.Tests.dll" adapterTypeName="executor://xunit/VsTestRunner2/netcoreapp" className="Ubytec.Tests.EffectRegisterTests" name="IndirectCallsMutateCallerAndClobberVolatileCopies" />
    </UnitTest>
    <UnitTest name="Ubytec.Tests.EffectRegisterTests.IndirectCallsMutateCallerAndClobberVolatileCopies(profile: 0)" storage="REDACTED_LOCAL_ROOT/ubytec.tests/bin/release/net10.0/ubytec.tests.dll" id="0520a761-c81d-f594-fdff-c9ff760ca333">
      <Execution id="e0b5a77f-8ff6-4667-b5f8-d4909dd043a6" />
      <TestMethod codeBase="REDACTED_LOCAL_ROOT/Ubytec.Tests/bin/Release/net10.0/Ubytec.Tests.dll" adapterTypeName="executor://xunit/VsTestRunner2/netcoreapp" className="Ubytec.Tests.EffectRegisterTests" name="IndirectCallsMutateCallerAndClobberVolatileCopies" />
    </UnitTest>
    <UnitTest name="Ubytec.Tests.EffectRegisterTests.RawWritesStayCoherentOnContinueBreakAndBranchJoin(profile: 2)" storage="REDACTED_LOCAL_ROOT/ubytec.tests/bin/release/net10.0/ubytec.tests.dll" id="c49a2954-1b59-2cea-6647-1b9ade4ecb6e">
      <Execution id="01416642-eea6-419c-940f-b7e0029dfbbc" />
      <TestMethod codeBase="REDACTED_LOCAL_ROOT/Ubytec.Tests/bin/Release/net10.0/Ubytec.Tests.dll" adapterTypeName="executor://xunit/VsTestRunner2/netcoreapp" className="Ubytec.Tests.EffectRegisterTests" name="RawWritesStayCoherentOnContinueBreakAndBranchJoin" />
    </UnitTest>
    <UnitTest name="Ubytec.Tests.EffectRegisterTests.DirectCallsMutateCallerAndClobberVolatileCopies(profile: 3)" storage="REDACTED_LOCAL_ROOT/ubytec.tests/bin/release/net10.0/ubytec.tests.dll" id="6485cce3-b95b-a7be-0ad8-e60d1f86edba">
      <Execution id="3f68c3d1-d3e9-44d6-adae-68014d7a9b3c" />
      <TestMethod codeBase="REDACTED_LOCAL_ROOT/Ubytec.Tests/bin/Release/net10.0/Ubytec.Tests.dll" adapterTypeName="executor://xunit/VsTestRunner2/netcoreapp" className="Ubytec.Tests.EffectRegisterTests" name="DirectCallsMutateCallerAndClobberVolatileCopies" />
    </UnitTest>
    <UnitTest name="Ubytec.Tests.EffectRegisterTests.PartialUnalignedDwordWriteReloadsWholeCachedCell(profile: 7)" storage="REDACTED_LOCAL_ROOT/ubytec.tests/bin/release/net10.0/ubytec.tests.dll" id="ed49c436-ce3c-5bd9-b348-6a09470ea473">
      <Execution id="34425f11-86b7-4148-ad0d-ba2b84159252" />
      <TestMethod codeBase="REDACTED_LOCAL_ROOT/Ubytec.Tests/bin/Release/net10.0/Ubytec.Tests.dll" adapterTypeName="executor://xunit/VsTestRunner2/netcoreapp" className="Ubytec.Tests.EffectRegisterTests" name="PartialUnalignedDwordWriteReloadsWholeCachedCell" />
    </UnitTest>
    <UnitTest name="Ubytec.Tests.EffectRegisterTests.PartialUnalignedDwordWriteReloadsWholeCachedCell(profile: 4)" storage="REDACTED_LOCAL_ROOT/ubytec.tests/bin/release/net10.0/ubytec.tests.dll" id="ef9b99e5-fba2-74aa-e4f7-1ca101fdb5bd">
      <Execution id="2b787302-970e-4387-ba8c-40f80dcd7e20" />
      <TestMethod codeBase="REDACTED_LOCAL_ROOT/Ubytec.Tests/bin/Release/net10.0/Ubytec.Tests.dll" adapterTypeName="executor://xunit/VsTestRunner2/netcoreapp" className="Ubytec.Tests.EffectRegisterTests" name="PartialUnalignedDwordWriteReloadsWholeCachedCell" />
    </UnitTest>
    <UnitTest name="Ubytec.Tests.EffectRegisterTests.DirectCallsMutateCallerAndClobberVolatileCopies(profile: 5)" storage="REDACTED_LOCAL_ROOT/ubytec.tests/bin/release/net10.0/ubytec.tests.dll" id="14a3e40a-7d64-d0b2-51d1-2bdcbdb33445">
      <Execution id="090e2680-b32c-48a8-9685-dce14b02ffa1" />
      <TestMethod codeBase="REDACTED_LOCAL_ROOT/Ubytec.Tests/bin/Release/net10.0/Ubytec.Tests.dll" adapterTypeName="executor://xunit/VsTestRunner2/netcoreapp" className="Ubytec.Tests.EffectRegisterTests" name="DirectCallsMutateCallerAndClobberVolatileCopies" />
    </UnitTest>
    <UnitTest name="Ubytec.Tests.EffectRegisterTests.RawWritesStayCoherentOnContinueBreakAndBranchJoin(profile: 4)" storage="REDACTED_LOCAL_ROOT/ubytec.tests/bin/release/net10.0/ubytec.tests.dll" id="82ced479-f26a-602d-6450-6a4594b42abe">
      <Execution id="bdf415ce-ef62-4de7-a157-b558f1599e79" />
      <TestMethod codeBase="REDACTED_LOCAL_ROOT/Ubytec.Tests/bin/Release/net10.0/Ubytec.Tests.dll" adapterTypeName="executor://xunit/VsTestRunner2/netcoreapp" className="Ubytec.Tests.EffectRegisterTests" name="RawWritesStayCoherentOnContinueBreakAndBranchJoin" />
    </UnitTest>
    <UnitTest name="Ubytec.Tests.EffectRegisterTests.DirectCallsMutateCallerAndClobberVolatileCopies(profile: 1)" storage="REDACTED_LOCAL_ROOT/ubytec.tests/bin/release/net10.0/ubytec.tests.dll" id="f68992e2-555e-dac7-c768-c23f519b0062">
      <Execution id="0762fb35-4b31-468f-8fae-793210dc493c" />
      <TestMethod codeBase="REDACTED_LOCAL_ROOT/Ubytec.Tests/bin/Release/net10.0/Ubytec.Tests.dll" adapterTypeName="executor://xunit/VsTestRunner2/netcoreapp" className="Ubytec.Tests.EffectRegisterTests" name="DirectCallsMutateCallerAndClobberVolatileCopies" />
    </UnitTest>
    <UnitTest name="Ubytec.Tests.EffectRegisterTests.PartialUnalignedWordWriteReloadsWholeCachedCell(profile: 7)" storage="REDACTED_LOCAL_ROOT/ubytec.tests/bin/release/net10.0/ubytec.tests.dll" id="07598b98-8997-671a-1bf9-da7661e8fd37">
      <Execution id="ba9be7c7-356f-4b73-a2c1-30d0164a56de" />
      <TestMethod codeBase="REDACTED_LOCAL_ROOT/Ubytec.Tests/bin/Release/net10.0/Ubytec.Tests.dll" adapterTypeName="executor://xunit/VsTestRunner2/netcoreapp" className="Ubytec.Tests.EffectRegisterTests" name="PartialUnalignedWordWriteReloadsWholeCachedCell" />
    </UnitTest>
    <UnitTest name="Ubytec.Tests.EffectRegisterTests.PartialUnalignedByteWriteReloadsWholeCachedCell(profile: 1)" storage="REDACTED_LOCAL_ROOT/ubytec.tests/bin/release/net10.0/ubytec.tests.dll" id="ed3674c9-d0b1-aaf8-66ec-bce254af25ce">
      <Execution id="278b42d6-b01c-4d5f-901f-bfa361355269" />
      <TestMethod codeBase="REDACTED_LOCAL_ROOT/Ubytec.Tests/bin/Release/net10.0/Ubytec.Tests.dll" adapterTypeName="executor://xunit/VsTestRunner2/netcoreapp" className="Ubytec.Tests.EffectRegisterTests" name="PartialUnalignedByteWriteReloadsWholeCachedCell" />
    </UnitTest>
    <UnitTest name="Ubytec.Tests.EffectRegisterTests.PartialUnalignedByteWriteReloadsWholeCachedCell(profile: 7)" storage="REDACTED_LOCAL_ROOT/ubytec.tests/bin/release/net10.0/ubytec.tests.dll" id="00ad7f0f-34ee-e4fa-47ac-00c0dd784633">
      <Execution id="b2018465-dff5-4ff2-8a9c-b7040be3b0f3" />
      <TestMethod codeBase="REDACTED_LOCAL_ROOT/Ubytec.Tests/bin/Release/net10.0/Ubytec.Tests.dll" adapterTypeName="executor://xunit/VsTestRunner2/netcoreapp" className="Ubytec.Tests.EffectRegisterTests" name="PartialUnalignedByteWriteReloadsWholeCachedCell" />
    </UnitTest>
    <UnitTest name="Ubytec.Tests.EffectRegisterTests.PartialUnalignedByteWriteReloadsWholeCachedCell(profile: 4)" storage="REDACTED_LOCAL_ROOT/ubytec.tests/bin/release/net10.0/ubytec.tests.dll" id="05e16d06-2abf-c176-af86-432a190fb336">
      <Execution id="9064e5f3-76d6-44d5-903d-600338931465" />
      <TestMethod codeBase="REDACTED_LOCAL_ROOT/Ubytec.Tests/bin/Release/net10.0/Ubytec.Tests.dll" adapterTypeName="executor://xunit/VsTestRunner2/netcoreapp" className="Ubytec.Tests.EffectRegisterTests" name="PartialUnalignedByteWriteReloadsWholeCachedCell" />
    </UnitTest>
    <UnitTest name="Ubytec.Tests.EffectRegisterTests.DirectCallsMutateCallerAndClobberVolatileCopies(profile: 4)" storage="REDACTED_LOCAL_ROOT/ubytec.tests/bin/release/net10.0/ubytec.tests.dll" id="324481a2-5db9-63d3-dc33-4c07645e91b2">
      <Execution id="8cad05ee-9604-40e8-a055-dedfea24516e" />
      <TestMethod codeBase="REDACTED_LOCAL_ROOT/Ubytec.Tests/bin/Release/net10.0/Ubytec.Tests.dll" adapterTypeName="executor://xunit/VsTestRunner2/netcoreapp" className="Ubytec.Tests.EffectRegisterTests" name="DirectCallsMutateCallerAndClobberVolatileCopies" />
    </UnitTest>
    <UnitTest name="Ubytec.Tests.EffectRegisterTests.PartialUnalignedDwordWriteReloadsWholeCachedCell(profile: 3)" storage="REDACTED_LOCAL_ROOT/ubytec.tests/bin/release/net10.0/ubytec.tests.dll" id="494cdfbe-52c7-97e0-abf1-8d31eaa6a668">
      <Execution id="f9c3cfb9-dc14-4d62-ba27-cf9418c2a8f9" />
      <TestMethod codeBase="REDACTED_LOCAL_ROOT/Ubytec.Tests/bin/Release/net10.0/Ubytec.Tests.dll" adapterTypeName="executor://xunit/VsTestRunner2/netcoreapp" className="Ubytec.Tests.EffectRegisterTests" name="PartialUnalignedDwordWriteReloadsWholeCachedCell" />
    </UnitTest>
    <UnitTest name="Ubytec.Tests.EffectRegisterTests.PartialUnalignedWordWriteReloadsWholeCachedCell(profile: 5)" storage="REDACTED_LOCAL_ROOT/ubytec.tests/bin/release/net10.0/ubytec.tests.dll" id="b82023e8-b898-6b88-1807-216f3b5ff99e">
      <Execution id="13fd50d7-a1af-4ee0-b579-27452576164b" />
      <TestMethod codeBase="REDACTED_LOCAL_ROOT/Ubytec.Tests/bin/Release/net10.0/Ubytec.Tests.dll" adapterTypeName="executor://xunit/VsTestRunner2/netcoreapp" className="Ubytec.Tests.EffectRegisterTests" name="PartialUnalignedWordWriteReloadsWholeCachedCell" />
    </UnitTest>
    <UnitTest name="Ubytec.Tests.EffectRegisterTests.PartialUnalignedWordWriteReloadsWholeCachedCell(profile: 3)" storage="REDACTED_LOCAL_ROOT/ubytec.tests/bin/release/net10.0/ubytec.tests.dll" id="27b59aba-dca4-55f2-8660-c613156a6e36">
      <Execution id="de52aad3-0055-4ea5-a125-69a519155ffe" />
      <TestMethod codeBase="REDACTED_LOCAL_ROOT/Ubytec.Tests/bin/Release/net10.0/Ubytec.Tests.dll" adapterTypeName="executor://xunit/VsTestRunner2/netcoreapp" className="Ubytec.Tests.EffectRegisterTests" name="PartialUnalignedWordWriteReloadsWholeCachedCell" />
    </UnitTest>
  </TestDefinitions>
  <TestEntries>
    <TestEntry testId="e3c0d1e0-b01b-9c91-85f6-3c7b7250849b" executionId="2ddc528e-0e47-4d32-887b-bad04d9f2e79" testListId="8c84fa94-04c1-424b-9868-57a2d4851a1d" />
    <TestEntry testId="f68992e2-555e-dac7-c768-c23f519b0062" executionId="0762fb35-4b31-468f-8fae-793210dc493c" testListId="8c84fa94-04c1-424b-9868-57a2d4851a1d" />
    <TestEntry testId="494cdfbe-52c7-97e0-abf1-8d31eaa6a668" executionId="f9c3cfb9-dc14-4d62-ba27-cf9418c2a8f9" testListId="8c84fa94-04c1-424b-9868-57a2d4851a1d" />
    <TestEntry testId="8242d042-4e5b-5663-7cf9-b1369ee183f3" executionId="240bd653-54ff-4a9e-aede-3170bc236306" testListId="8c84fa94-04c1-424b-9868-57a2d4851a1d" />
    <TestEntry testId="6c19b761-b9c2-8b86-b679-2d6fe3f1c9ed" executionId="148bb6e4-5ad5-484d-95ea-c0a96f6b7e03" testListId="8c84fa94-04c1-424b-9868-57a2d4851a1d" />
    <TestEntry testId="caa4e9f5-aee6-9c0e-b60f-9b0af49e8748" executionId="e3771c24-55c2-4bd9-92a3-0c18bea813e6" testListId="8c84fa94-04c1-424b-9868-57a2d4851a1d" />
    <TestEntry testId="1cf70a79-622b-5c3d-037f-541bc424324a" executionId="225eb3a0-05c1-4d65-a950-8c3b79a07160" testListId="8c84fa94-04c1-424b-9868-57a2d4851a1d" />
    <TestEntry testId="82ed55ad-09a2-a1fd-5499-7c07499f24be" executionId="4a7cdd0d-bf81-49f9-b29a-c059eefd9b33" testListId="8c84fa94-04c1-424b-9868-57a2d4851a1d" />
    <TestEntry testId="82ced479-f26a-602d-6450-6a4594b42abe" executionId="bdf415ce-ef62-4de7-a157-b558f1599e79" testListId="8c84fa94-04c1-424b-9868-57a2d4851a1d" />
    <TestEntry testId="7a3be680-3ea3-ee66-cade-6ad114eda193" executionId="22f96b0e-f77e-4a42-875b-6a0d14983ce0" testListId="8c84fa94-04c1-424b-9868-57a2d4851a1d" />
    <TestEntry testId="0f25ec9b-cc51-e4d5-5f54-5b99838091a7" executionId="6cb6ee5e-9a94-4160-a000-1e54792df625" testListId="8c84fa94-04c1-424b-9868-57a2d4851a1d" />
    <TestEntry testId="82a586ee-821b-1c5b-1368-d8894479a17c" executionId="4a86e0aa-c409-4f73-8acc-66d1b3755fec" testListId="8c84fa94-04c1-424b-9868-57a2d4851a1d" />
    <TestEntry testId="25bcaa5f-dcf7-6c65-0d54-a51a3103cf08" executionId="e2c54fca-9631-48fc-a7ca-927e68a79c14" testListId="8c84fa94-04c1-424b-9868-57a2d4851a1d" />
    <TestEntry testId="7f862dc1-fda4-78da-03b0-8758899ebf5b" executionId="c41a90aa-9a77-45f1-a6eb-9d848c94bd2a" testListId="8c84fa94-04c1-424b-9868-57a2d4851a1d" />
    <TestEntry testId="23f6aa6b-0156-adac-afa8-e2552ed73e41" executionId="9864b293-ca23-4dc0-a7cb-1e076469e89c" testListId="8c84fa94-04c1-424b-9868-57a2d4851a1d" />
    <TestEntry testId="c49a2954-1b59-2cea-6647-1b9ade4ecb6e" executionId="01416642-eea6-419c-940f-b7e0029dfbbc" testListId="8c84fa94-04c1-424b-9868-57a2d4851a1d" />
    <TestEntry testId="bad180d3-f27b-cea8-0f63-9b436fe2b25e" executionId="ce012bce-2ed9-46c4-95e7-2c22588920d7" testListId="8c84fa94-04c1-424b-9868-57a2d4851a1d" />
    <TestEntry testId="ed3674c9-d0b1-aaf8-66ec-bce254af25ce" executionId="278b42d6-b01c-4d5f-901f-bfa361355269" testListId="8c84fa94-04c1-424b-9868-57a2d4851a1d" />
    <TestEntry testId="324481a2-5db9-63d3-dc33-4c07645e91b2" executionId="8cad05ee-9604-40e8-a055-dedfea24516e" testListId="8c84fa94-04c1-424b-9868-57a2d4851a1d" />
    <TestEntry testId="fa8b912c-4b86-709f-e41b-3d7ef189a46c" executionId="79da5ae8-8f67-4cb3-bd67-82d53494ef31" testListId="8c84fa94-04c1-424b-9868-57a2d4851a1d" />
    <TestEntry testId="ef9b99e5-fba2-74aa-e4f7-1ca101fdb5bd" executionId="2b787302-970e-4387-ba8c-40f80dcd7e20" testListId="8c84fa94-04c1-424b-9868-57a2d4851a1d" />
    <TestEntry testId="54295bee-cefa-b5c7-6313-2dabb772decb" executionId="6653a9c6-632d-46f0-9d74-9457d8eef5db" testListId="8c84fa94-04c1-424b-9868-57a2d4851a1d" />
    <TestEntry testId="71974267-3de9-1f83-bd57-ee91d95ab34c" executionId="31eda8a3-3213-4009-8cf6-55b79125362b" testListId="8c84fa94-04c1-424b-9868-57a2d4851a1d" />
    <TestEntry testId="685c60e2-797b-acfa-6527-8ce50c4ac037" executionId="f238dcdc-2c8f-48e0-8d85-2b81335463ad" testListId="8c84fa94-04c1-424b-9868-57a2d4851a1d" />
    <TestEntry testId="a6b2b829-59e6-c6f7-0a41-850256aa6c2c" executionId="20013085-efc7-4954-bc1a-482643842821" testListId="8c84fa94-04c1-424b-9868-57a2d4851a1d" />
    <TestEntry testId="e21b043c-cfba-0147-c059-4163a5568780" executionId="298602fe-d67f-4575-b9ae-19acee45045c" testListId="8c84fa94-04c1-424b-9868-57a2d4851a1d" />
    <TestEntry testId="b941b87b-890b-cbd8-3c40-3b2f183494de" executionId="587267d5-5346-4517-95d7-c641e608e9cb" testListId="8c84fa94-04c1-424b-9868-57a2d4851a1d" />
    <TestEntry testId="6e0204cb-cf3c-a7b0-18a8-11f3f7a5f9d4" executionId="aafce1b5-7b6a-45b7-aba0-b6b36a7100ad" testListId="8c84fa94-04c1-424b-9868-57a2d4851a1d" />
    <TestEntry testId="14a3e40a-7d64-d0b2-51d1-2bdcbdb33445" executionId="090e2680-b32c-48a8-9685-dce14b02ffa1" testListId="8c84fa94-04c1-424b-9868-57a2d4851a1d" />
    <TestEntry testId="caf0a554-b31f-5079-91bb-334ae5b7a7ff" executionId="b49ea6fc-c514-490c-a658-6ecfb2add3d3" testListId="8c84fa94-04c1-424b-9868-57a2d4851a1d" />
    <TestEntry testId="d5398c79-ae56-26a4-4e58-3b819ea2df72" executionId="aa58b242-5186-443b-a4af-677937c40907" testListId="8c84fa94-04c1-424b-9868-57a2d4851a1d" />
    <TestEntry testId="759303ab-1817-389b-575b-4d5c05c048e1" executionId="7e6227c3-6170-42b0-bd35-483e6e8f3242" testListId="8c84fa94-04c1-424b-9868-57a2d4851a1d" />
    <TestEntry testId="61596c8b-2258-469a-47fc-8bc771e5af0b" executionId="03ff12ee-35ec-40a9-b9c6-f243d4afde1e" testListId="8c84fa94-04c1-424b-9868-57a2d4851a1d" />
    <TestEntry testId="00ad7f0f-34ee-e4fa-47ac-00c0dd784633" executionId="b2018465-dff5-4ff2-8a9c-b7040be3b0f3" testListId="8c84fa94-04c1-424b-9868-57a2d4851a1d" />
    <TestEntry testId="1810262f-0837-3a02-85de-965d0baaaa03" executionId="81795aa1-baff-401f-9567-ecae81de7c1b" testListId="8c84fa94-04c1-424b-9868-57a2d4851a1d" />
    <TestEntry testId="6485cce3-b95b-a7be-0ad8-e60d1f86edba" executionId="3f68c3d1-d3e9-44d6-adae-68014d7a9b3c" testListId="8c84fa94-04c1-424b-9868-57a2d4851a1d" />
    <TestEntry testId="ed49c436-ce3c-5bd9-b348-6a09470ea473" executionId="34425f11-86b7-4148-ad0d-ba2b84159252" testListId="8c84fa94-04c1-424b-9868-57a2d4851a1d" />
    <TestEntry testId="d3e155df-e5e3-0941-5dcf-4bcd557bad2f" executionId="08344d99-b72a-4676-b3e9-3b940b556fa2" testListId="8c84fa94-04c1-424b-9868-57a2d4851a1d" />
    <TestEntry testId="138822db-a970-a67d-dc06-bc0ab991a0f3" executionId="0adef4d5-c75b-47fe-9f5f-ac0472e52d89" testListId="8c84fa94-04c1-424b-9868-57a2d4851a1d" />
    <TestEntry testId="0520a761-c81d-f594-fdff-c9ff760ca333" executionId="e0b5a77f-8ff6-4667-b5f8-d4909dd043a6" testListId="8c84fa94-04c1-424b-9868-57a2d4851a1d" />
    <TestEntry testId="f05c096f-6a72-4e52-230f-5d8a3eaff1af" executionId="c6b413af-e864-4255-8e88-255887ada219" testListId="8c84fa94-04c1-424b-9868-57a2d4851a1d" />
    <TestEntry testId="ea6aa0c0-65ea-d32a-7e70-ec07438f10cc" executionId="197205d4-dd24-4920-9e71-3824bcb5171a" testListId="8c84fa94-04c1-424b-9868-57a2d4851a1d" />
    <TestEntry testId="05e16d06-2abf-c176-af86-432a190fb336" executionId="9064e5f3-76d6-44d5-903d-600338931465" testListId="8c84fa94-04c1-424b-9868-57a2d4851a1d" />
    <TestEntry testId="07598b98-8997-671a-1bf9-da7661e8fd37" executionId="ba9be7c7-356f-4b73-a2c1-30d0164a56de" testListId="8c84fa94-04c1-424b-9868-57a2d4851a1d" />
    <TestEntry testId="242570ea-b6ce-ad55-4320-8770ec091cf4" executionId="8bd93930-f8a5-435f-868b-566295bc6250" testListId="8c84fa94-04c1-424b-9868-57a2d4851a1d" />
    <TestEntry testId="26a04415-e8b3-faac-969b-d0353d8ac069" executionId="a22bfd3d-7b66-44e2-9762-0939e2d76363" testListId="8c84fa94-04c1-424b-9868-57a2d4851a1d" />
    <TestEntry testId="438496cb-b751-aa28-7871-6c7cfd1a5a60" executionId="2e909157-0d46-4bed-aa8d-588f9b5e2c70" testListId="8c84fa94-04c1-424b-9868-57a2d4851a1d" />
    <TestEntry testId="27b59aba-dca4-55f2-8660-c613156a6e36" executionId="de52aad3-0055-4ea5-a125-69a519155ffe" testListId="8c84fa94-04c1-424b-9868-57a2d4851a1d" />
    <TestEntry testId="b82023e8-b898-6b88-1807-216f3b5ff99e" executionId="13fd50d7-a1af-4ee0-b579-27452576164b" testListId="8c84fa94-04c1-424b-9868-57a2d4851a1d" />
  </TestEntries>
  <TestLists>
    <TestList name="Results Not in a List" id="8c84fa94-04c1-424b-9868-57a2d4851a1d" />
    <TestList name="All Loaded Results" id="19431567-8539-422a-85d7-44ee4e166bda" />
  </TestLists>
  <ResultSummary outcome="Completed">
    <Counters total="49" executed="49" passed="49" failed="0" error="0" timeout="0" aborted="0" inconclusive="0" passedButRunAborted="0" notRunnable="0" notExecuted="0" disconnected="0" warning="0" completed="0" inProgress="0" pending="0" />
    <Output>
      <StdOut>[xUnit.net 00:00:00.00] xUnit.net VSTest Adapter v2.8.2+699d445a1a (64-bit .NET 10.0.12)
[xUnit.net 00:00:00.25]   Discovering: Ubytec.Tests
[xUnit.net 00:00:00.56]   Discovered:  Ubytec.Tests
[xUnit.net 00:00:00.57]   Starting:    Ubytec.Tests
[xUnit.net 00:00:05.26]   Finished:    Ubytec.Tests
</StdOut>
    </Output>
  </ResultSummary>
</TestRun>
