<?xml version="1.0" encoding="utf-8"?>
<TestRun xmlns="http://microsoft.com/schemas/VisualStudio/TeamTest/2010" id="c42fc49f-0068-44d2-aef1-cb30dca21771" name="Ubytec archived test run">
  <Times creation="2026-10-06T00:46:48.1444345+02:00" queuing="2026-10-06T00:46:48.1444346+02:00" start="2026-10-06T00:46:44.7336563+02:00" finish="2026-10-06T00:46:52.7131786+02:00" />
  <TestSettings name="default" id="9fdfaa5d-1d9e-4cc1-a367-53cf21e3d3dc">
    <Deployment runDeploymentRoot="ubytec-test-run" />
  </TestSettings>
  <Results>
    <UnitTestResult executionId="7a844146-be4f-45cc-bbee-28943296a163" testId="ddd1c36a-81a0-2361-4da7-44530320f261" testName="Ubytec.Tests.FrameRegisterTests.ReadOfAliasedArgumentSeesEveryWriteAcrossBackEdges(transfers: False, frames: False)" computerName="redacted" duration="00:00:00.1355550" startTime="2026-10-06T00:46:47.7872215+02:00" endTime="2026-10-06T00:46:47.7872216+02:00" testType="13cdc9d9-ddb5-4fa4-a97d-d965ccfc6d4b" outcome="Passed" testListId="8c84fa94-04c1-424b-9868-57a2d4851a1d" relativeResultsDirectory="7a844146-be4f-45cc-bbee-28943296a163" />
    <UnitTestResult executionId="aeba1db9-58f8-41b9-87e4-e045bfe6379b" testId="cca13652-aafd-33f0-0444-c4521048705e" testName="Ubytec.Tests.ObservableContractTests.Push16ReadsLittleEndianBytesAcrossLiveCells(transfers: True, frames: False, registers: False)" computerName="redacted" duration="00:00:00.0856070" startTime="2026-10-06T00:46:51.6877419+02:00" endTime="2026-10-06T00:46:51.6877421+02:00" testType="13cdc9d9-ddb5-4fa4-a97d-d965ccfc6d4b" outcome="Passed" testListId="8c84fa94-04c1-424b-9868-57a2d4851a1d" relativeResultsDirectory="aeba1db9-58f8-41b9-87e4-e045bfe6379b" />
    <UnitTestResult executionId="7a1dd00a-6a3c-4038-90d2-3499c9f26e32" testId="ad8d5847-6bef-c8f4-7821-3ca8886ac8cf" testName="Ubytec.Tests.ObservableContractTests.NamedArgumentWriteIsVisibleThroughRawPointer(transfers: False, frames: False, registers: True)" computerName="redacted" duration="00:00:00.0672075" startTime="2026-10-06T00:46:52.4604633+02:00" endTime="2026-10-06T00:46:52.4604634+02:00" testType="13cdc9d9-ddb5-4fa4-a97d-d965ccfc6d4b" outcome="Passed" testListId="8c84fa94-04c1-424b-9868-57a2d4851a1d" relativeResultsDirectory="7a1dd00a-6a3c-4038-90d2-3499c9f26e32" />
    <UnitTestResult executionId="7438981a-b60a-471b-aacf-a6ad47d8e6b4" testId="d991234e-33be-160d-b2cf-52d134b1f9a8" testName="Ubytec.Tests.ObservableContractTests.RawPointerWriteChangesNamedArgumentAcrossLoop(transfers: True, frames: False, registers: True)" computerName="redacted" duration="00:00:00.2603321" startTime="2026-10-06T00:46:47.8544926+02:00" endTime="2026-10-06T00:46:47.8544927+02:00" testType="13cdc9d9-ddb5-4fa4-a97d-d965ccfc6d4b" outcome="Passed" testListId="8c84fa94-04c1-424b-9868-57a2d4851a1d" relativeResultsDirectory="7438981a-b60a-471b-aacf-a6ad47d8e6b4" />
    <UnitTestResult executionId="7dfc8b73-179e-4b77-87ba-29017a58dae7" testId="49ae296b-6acb-ee8e-a3bb-7355566e717e" testName="Ubytec.Tests.ObservableContractTests.Push16ReadsLittleEndianBytesAcrossLiveCells(transfers: True, frames: True, registers: True)" computerName="redacted" duration="00:00:00.0632231" startTime="2026-10-06T00:46:51.5172825+02:00" endTime="2026-10-06T00:46:51.5172827+02:00" testType="13cdc9d9-ddb5-4fa4-a97d-d965ccfc6d4b" outcome="Passed" testListId="8c84fa94-04c1-424b-9868-57a2d4851a1d" relativeResultsDirectory="7dfc8b73-179e-4b77-87ba-29017a58dae7" />
    <UnitTestResult executionId="df02879d-c907-4a84-b22d-0a1bada9857e" testId="52fe1491-1d59-c538-8f82-acadaa9b820e" testName="Ubytec.Tests.ObservableContractTests.DirectAndIndirectCallsCanMutateAliasedArgument(transfers: False, frames: True, indirect: True, registers: False)" computerName="redacted" duration="00:00:00.1402928" startTime="2026-10-06T00:46:49.4680295+02:00" endTime="2026-10-06T00:46:49.4680297+02:00" testType="13cdc9d9-ddb5-4fa4-a97d-d965ccfc6d4b" outcome="Passed" testListId="8c84fa94-04c1-424b-9868-57a2d4851a1d" relativeResultsDirectory="df02879d-c907-4a84-b22d-0a1bada9857e" />
    <UnitTestResult executionId="9643b8e7-f7e5-4068-8e77-be8363c36d1b" testId="ad1bf838-0852-97f2-d5e0-66511760aa4d" testName="Ubytec.Tests.ObservableContractTests.DirectAndIndirectCallsCanMutateAliasedArgument(transfers: True, frames: False, indirect: False, registers: False)" computerName="redacted" duration="00:00:00.0715110" startTime="2026-10-06T00:46:50.8840418+02:00" endTime="2026-10-06T00:46:50.8840425+02:00" testType="13cdc9d9-ddb5-4fa4-a97d-d965ccfc6d4b" outcome="Passed" testListId="8c84fa94-04c1-424b-9868-57a2d4851a1d" relativeResultsDirectory="9643b8e7-f7e5-4068-8e77-be8363c36d1b" />
    <UnitTestResult executionId="a24f1506-25ba-4c9d-87d6-0c74ab0be50c" testId="9bb25e18-458a-054a-81bb-9133d5576282" testName="Ubytec.Tests.ObservableContractTests.NamedArgumentWriteIsVisibleThroughRawPointer(transfers: False, frames: True, registers: False)" computerName="redacted" duration="00:00:00.0757364" startTime="2026-10-06T00:46:52.3183286+02:00" endTime="2026-10-06T00:46:52.3183288+02:00" testType="13cdc9d9-ddb5-4fa4-a97d-d965ccfc6d4b" outcome="Passed" testListId="8c84fa94-04c1-424b-9868-57a2d4851a1d" relativeResultsDirectory="a24f1506-25ba-4c9d-87d6-0c74ab0be50c" />
    <UnitTestResult executionId="677af40e-6fb6-456d-be92-514dc4bf3e0b" testId="a57607e7-6a31-9394-fc99-dca4310d3b0d" testName="Ubytec.Tests.ObservableContractTests.DirectAndIndirectCallsCanMutateAliasedArgument(transfers: False, frames: True, indirect: False, registers: True)" computerName="redacted" duration="00:00:00.1508554" startTime="2026-10-06T00:46:50.3823935+02:00" endTime="2026-10-06T00:46:50.3823937+02:00" testType="13cdc9d9-ddb5-4fa4-a97d-d965ccfc6d4b" outcome="Passed" testListId="8c84fa94-04c1-424b-9868-57a2d4851a1d" relativeResultsDirectory="677af40e-6fb6-456d-be92-514dc4bf3e0b" />
    <UnitTestResult executionId="3bdd285a-8745-49e2-b917-1c28ac89d7b9" testId="c67fe12f-4d0f-d764-7462-28c3389531bb" testName="Ubytec.Tests.ObservableContractTests.Push16ReadsLittleEndianBytesAcrossLiveCells(transfers: False, frames: True, registers: False)" computerName="redacted" duration="00:00:00.0601564" startTime="2026-10-06T00:46:51.3901169+02:00" endTime="2026-10-06T00:46:51.3901171+02:00" testType="13cdc9d9-ddb5-4fa4-a97d-d965ccfc6d4b" outcome="Passed" testListId="8c84fa94-04c1-424b-9868-57a2d4851a1d" relativeResultsDirectory="3bdd285a-8745-49e2-b917-1c28ac89d7b9" />
    <UnitTestResult executionId="2be6c0a7-c44f-4899-8450-c4916016d187" testId="d5cabf0e-0388-1abd-30d8-a1555dba2dd9" testName="Ubytec.Tests.ObservableContractTests.NamedArgumentWriteIsVisibleThroughRawPointer(transfers: True, frames: True, registers: False)" computerName="redacted" duration="00:00:00.0776139" startTime="2026-10-06T00:46:52.6057415+02:00" endTime="2026-10-06T00:46:52.6057417+02:00" testType="13cdc9d9-ddb5-4fa4-a97d-d965ccfc6d4b" outcome="Passed" testListId="8c84fa94-04c1-424b-9868-57a2d4851a1d" relativeResultsDirectory="2be6c0a7-c44f-4899-8450-c4916016d187" />
    <UnitTestResult executionId="c6c6314b-ce36-462c-b12e-61da74c1736d" testId="e24160da-8a3b-b376-f261-ac839fd8829c" testName="Ubytec.Tests.FrameRegisterTests.BranchContinueBreakAndWrappingKeepValuesCoherent(transfers: True, frames: True)" computerName="redacted" duration="00:00:00.1154711" startTime="2026-10-06T00:46:48.5461855+02:00" endTime="2026-10-06T00:46:48.5461857+02:00" testType="13cdc9d9-ddb5-4fa4-a97d-d965ccfc6d4b" outcome="Passed" testListId="8c84fa94-04c1-424b-9868-57a2d4851a1d" relativeResultsDirectory="c6c6314b-ce36-462c-b12e-61da74c1736d" />
    <UnitTestResult executionId="7b0b5823-7d6e-428a-b757-967093127b14" testId="bad03c5b-4c81-553e-46bf-45ce9557708f" testName="Ubytec.Tests.ObservableContractTests.RawPointerWriteChangesNamedArgumentAcrossLoop(transfers: True, frames: True, registers: True)" computerName="redacted" duration="00:00:00.2750330" startTime="2026-10-06T00:46:49.1729845+02:00" endTime="2026-10-06T00:46:49.1729847+02:00" testType="13cdc9d9-ddb5-4fa4-a97d-d965ccfc6d4b" outcome="Passed" testListId="8c84fa94-04c1-424b-9868-57a2d4851a1d" relativeResultsDirectory="7b0b5823-7d6e-428a-b757-967093127b14" />
    <UnitTestResult executionId="97fbff5b-9f70-48cd-9f14-4c65b569b0af" testId="61517eff-b8ab-aa43-4c4a-a54f5fb9f577" testName="Ubytec.Tests.ObservableContractTests.Push16ReadsLittleEndianBytesAcrossLiveCells(transfers: False, frames: False, registers: False)" computerName="redacted" duration="00:00:00.3209948" startTime="2026-10-06T00:46:52.0089164+02:00" endTime="2026-10-06T00:46:52.0089165+02:00" testType="13cdc9d9-ddb5-4fa4-a97d-d965ccfc6d4b" outcome="Passed" testListId="8c84fa94-04c1-424b-9868-57a2d4851a1d" relativeResultsDirectory="97fbff5b-9f70-48cd-9f14-4c65b569b0af" />
    <UnitTestResult executionId="7272943b-30e4-4432-88f4-396a4d4f8f71" testId="3dd04f24-3248-7b67-604c-7c374861121b" testName="Ubytec.Tests.FrameRegisterTests.InlineDeclarationsInitializeOnTheirOriginalPaths" computerName="redacted" duration="00:00:00.1478468" startTime="2026-10-06T00:46:48.9731481+02:00" endTime="2026-10-06T00:46:48.9731483+02:00" testType="13cdc9d9-ddb5-4fa4-a97d-d965ccfc6d4b" outcome="Passed" testListId="8c84fa94-04c1-424b-9868-57a2d4851a1d" relativeResultsDirectory="7272943b-30e4-4432-88f4-396a4d4f8f71" />
    <UnitTestResult executionId="c4ede103-6add-492e-94c5-57721aec4d1e" testId="114afccf-699a-97d2-0ee2-df24f6e6c2eb" testName="Ubytec.Tests.FrameRegisterTests.ReadOfAliasedArgumentSeesEveryWriteAcrossBackEdges(transfers: False, frames: True)" computerName="redacted" duration="00:00:00.1421131" startTime="2026-10-06T00:46:47.9364512+02:00" endTime="2026-10-06T00:46:47.9364514+02:00" testType="13cdc9d9-ddb5-4fa4-a97d-d965ccfc6d4b" outcome="Passed" testListId="8c84fa94-04c1-424b-9868-57a2d4851a1d" relativeResultsDirectory="c4ede103-6add-492e-94c5-57721aec4d1e" />
    <UnitTestResult executionId="29a7d281-7b97-4781-b407-c71c06df01fa" testId="e89532d9-9587-e139-44b9-bd99016b5f30" testName="Ubytec.Tests.FrameRegisterTests.ExtendedStackScratchRegistersAreReserved(instruction: &quot;twoswap&quot;, eligible: True, count: 4)" computerName="redacted" duration="00:00:00.1631947" startTime="2026-10-06T00:46:49.4077408+02:00" endTime="2026-10-06T00:46:49.4077410+02:00" testType="13cdc9d9-ddb5-4fa4-a97d-d965ccfc6d4b" outcome="Passed" testListId="8c84fa94-04c1-424b-9868-57a2d4851a1d" relativeResultsDirectory="29a7d281-7b97-4781-b407-c71c06df01fa" />
    <UnitTestResult executionId="0859fefd-4b47-4519-9011-8fb453be19b5" testId="fa6e1c51-119b-e3db-38d3-e203d4e3e5dd" testName="Ubytec.Tests.ObservableContractTests.DirectAndIndirectCallsCanMutateAliasedArgument(transfers: True, frames: False, indirect: False, registers: True)" computerName="redacted" duration="00:00:00.1373398" startTime="2026-10-06T00:46:50.8123751+02:00" endTime="2026-10-06T00:46:50.8123752+02:00" testType="13cdc9d9-ddb5-4fa4-a97d-d965ccfc6d4b" outcome="Passed" testListId="8c84fa94-04c1-424b-9868-57a2d4851a1d" relativeResultsDirectory="0859fefd-4b47-4519-9011-8fb453be19b5" />
    <UnitTestResult executionId="509f9f64-095b-4d6f-9f46-36ad4b63e6dd" testId="c1f3da81-632d-b712-a0b1-70c8ead461b3" testName="Ubytec.Tests.ObservableContractTests.DirectAndIndirectCallsCanMutateAliasedArgument(transfers: True, frames: True, indirect: False, registers: False)" computerName="redacted" duration="00:00:00.0821504" startTime="2026-10-06T00:46:49.9202776+02:00" endTime="2026-10-06T00:46:49.9202777+02:00" testType="13cdc9d9-ddb5-4fa4-a97d-d965ccfc6d4b" outcome="Passed" testListId="8c84fa94-04c1-424b-9868-57a2d4851a1d" relativeResultsDirectory="509f9f64-095b-4d6f-9f46-36ad4b63e6dd" />
    <UnitTestResult executionId="39d40683-eb6a-4bb6-9417-995ef1f79aad" testId="863e42cb-6d80-6de2-d741-1679a0c0252e" testName="Ubytec.Tests.ObservableContractTests.DirectAndIndirectCallsCanMutateAliasedArgument(transfers: False, frames: False, indirect: True, registers: True)" computerName="redacted" duration="00:00:00.1352646" startTime="2026-10-06T00:46:51.2266068+02:00" endTime="2026-10-06T00:46:51.2266069+02:00" testType="13cdc9d9-ddb5-4fa4-a97d-d965ccfc6d4b" outcome="Passed" testListId="8c84fa94-04c1-424b-9868-57a2d4851a1d" relativeResultsDirectory="39d40683-eb6a-4bb6-9417-995ef1f79aad" />
    <UnitTestResult executionId="5c47be4a-47c6-4b00-8d9b-2afe71d950c2" testId="641ed838-f576-d212-71fd-1b8cf03ed467" testName="Ubytec.Tests.ObservableContractTests.RawPointerWriteChangesNamedArgumentAcrossLoop(transfers: False, frames: True, registers: False)" computerName="redacted" duration="00:00:00.1728146" startTime="2026-10-06T00:46:48.1997152+02:00" endTime="2026-10-06T00:46:48.1997154+02:00" testType="13cdc9d9-ddb5-4fa4-a97d-d965ccfc6d4b" outcome="Passed" testListId="8c84fa94-04c1-424b-9868-57a2d4851a1d" relativeResultsDirectory="5c47be4a-47c6-4b00-8d9b-2afe71d950c2" />
    <UnitTestResult executionId="84874792-850e-4a90-a212-c317d9974c99" testId="2e05a042-98b1-7f9e-9820-4628625c7774" testName="Ubytec.Tests.ObservableContractTests.NamedArgumentWriteIsVisibleThroughRawPointer(transfers: True, frames: False, registers: False)" computerName="redacted" duration="00:00:00.0749178" startTime="2026-10-06T00:46:52.2424030+02:00" endTime="2026-10-06T00:46:52.2424031+02:00" testType="13cdc9d9-ddb5-4fa4-a97d-d965ccfc6d4b" outcome="Passed" testListId="8c84fa94-04c1-424b-9868-57a2d4851a1d" relativeResultsDirectory="84874792-850e-4a90-a212-c317d9974c99" />
    <UnitTestResult executionId="b72c38d4-f8e4-4391-884f-f88a768d194f" testId="37fcc56e-c3c0-e93b-8d5a-80c41d8d220c" testName="Ubytec.Tests.ObservableContractTests.RawPointerWriteChangesNamedArgumentAcrossLoop(transfers: False, frames: False, registers: False)" computerName="redacted" duration="00:00:00.1720882" startTime="2026-10-06T00:46:48.0267528+02:00" endTime="2026-10-06T00:46:48.0267529+02:00" testType="13cdc9d9-ddb5-4fa4-a97d-d965ccfc6d4b" outcome="Passed" testListId="8c84fa94-04c1-424b-9868-57a2d4851a1d" relativeResultsDirectory="b72c38d4-f8e4-4391-884f-f88a768d194f" />
    <UnitTestResult executionId="5fb07547-2d98-4db0-a4d1-c2f2813c5e22" testId="f7c3dd8f-cc27-f6e4-b145-f0a0eaccfc45" testName="Ubytec.Tests.FrameRegisterTests.BranchContinueBreakAndWrappingKeepValuesCoherent(transfers: False, frames: True)" computerName="redacted" duration="00:00:00.1361146" startTime="2026-10-06T00:46:48.6824793+02:00" endTime="2026-10-06T00:46:48.6824794+02:00" testType="13cdc9d9-ddb5-4fa4-a97d-d965ccfc6d4b" outcome="Passed" testListId="8c84fa94-04c1-424b-9868-57a2d4851a1d" relativeResultsDirectory="5fb07547-2d98-4db0-a4d1-c2f2813c5e22" />
    <UnitTestResult executionId="68564dda-060e-4cf8-9581-2f14965ad941" testId="5c6a82e1-2e5a-274b-9e0a-8f53c8979b7d" testName="Ubytec.Tests.ObservableContractTests.Push16ReadsLittleEndianBytesAcrossLiveCells(transfers: False, frames: True, registers: True)" computerName="redacted" duration="00:00:00.0840542" startTime="2026-10-06T00:46:51.6019078+02:00" endTime="2026-10-06T00:46:51.6019080+02:00" testType="13cdc9d9-ddb5-4fa4-a97d-d965ccfc6d4b" outcome="Passed" testListId="8c84fa94-04c1-424b-9868-57a2d4851a1d" relativeResultsDirectory="68564dda-060e-4cf8-9581-2f14965ad941" />
    <UnitTestResult executionId="4c5d9935-c1f3-432a-a61b-15106a5e1fcd" testId="f6f00b74-7b17-4797-faa0-f95884052ae9" testName="Ubytec.Tests.ObservableContractTests.DirectAndIndirectCallsCanMutateAliasedArgument(transfers: False, frames: False, indirect: False, registers: True)" computerName="redacted" duration="00:00:00.2156863" startTime="2026-10-06T00:46:49.6839600+02:00" endTime="2026-10-06T00:46:49.6839602+02:00" testType="13cdc9d9-ddb5-4fa4-a97d-d965ccfc6d4b" outcome="Passed" testListId="8c84fa94-04c1-424b-9868-57a2d4851a1d" relativeResultsDirectory="4c5d9935-c1f3-432a-a61b-15106a5e1fcd" />
    <UnitTestResult executionId="3580f790-808e-41c4-af39-3be340b9b396" testId="25ec89c7-40e1-51c8-07bd-737167cd6151" testName="Ubytec.Tests.ObservableContractTests.DirectAndIndirectCallsCanMutateAliasedArgument(transfers: True, frames: True, indirect: True, registers: True)" computerName="redacted" duration="00:00:00.1539223" startTime="2026-10-06T00:46:49.8379931+02:00" endTime="2026-10-06T00:46:49.8379933+02:00" testType="13cdc9d9-ddb5-4fa4-a97d-d965ccfc6d4b" outcome="Passed" testListId="8c84fa94-04c1-424b-9868-57a2d4851a1d" relativeResultsDirectory="3580f790-808e-41c4-af39-3be340b9b396" />
    <UnitTestResult executionId="d1df15ab-bd92-445a-88b1-bffef0a427bd" testId="dffc39e4-3bc5-c690-885f-cfe7861f8e7a" testName="Ubytec.Tests.ObservableContractTests.Push16ReadsLittleEndianBytesAcrossLiveCells(transfers: True, frames: True, registers: False)" computerName="redacted" duration="00:00:00.0518300" startTime="2026-10-06T00:46:51.3298116+02:00" endTime="2026-10-06T00:46:51.3298118+02:00" testType="13cdc9d9-ddb5-4fa4-a97d-d965ccfc6d4b" outcome="Passed" testListId="8c84fa94-04c1-424b-9868-57a2d4851a1d" relativeResultsDirectory="d1df15ab-bd92-445a-88b1-bffef0a427bd" />
    <UnitTestResult executionId="00e910cd-5aff-4a48-a24e-ddda1e3de402" testId="e2095234-cd76-e9b6-97d0-88f9c66a1454" testName="Ubytec.Tests.FrameRegisterTests.NarrowBindingsRetainTheirStorageAndLoadRules" computerName="redacted" duration="00:00:00.2711049" startTime="2026-10-06T00:46:49.2444042+02:00" endTime="2026-10-06T00:46:49.2444044+02:00" testType="13cdc9d9-ddb5-4fa4-a97d-d965ccfc6d4b" outcome="Passed" testListId="8c84fa94-04c1-424b-9868-57a2d4851a1d" relativeResultsDirectory="00e910cd-5aff-4a48-a24e-ddda1e3de402" />
    <UnitTestResult executionId="43185868-7720-4cbd-8ba2-fb47e211f9e4" testId="856a76b4-e9e4-e485-43b9-ed0df0367339" testName="Ubytec.Tests.ObservableContractTests.DirectAndIndirectCallsCanMutateAliasedArgument(transfers: True, frames: False, indirect: True, registers: False)" computerName="redacted" duration="00:00:00.1544790" startTime="2026-10-06T00:46:49.3276041+02:00" endTime="2026-10-06T00:46:49.3276042+02:00" testType="13cdc9d9-ddb5-4fa4-a97d-d965ccfc6d4b" outcome="Passed" testListId="8c84fa94-04c1-424b-9868-57a2d4851a1d" relativeResultsDirectory="43185868-7720-4cbd-8ba2-fb47e211f9e4" />
    <UnitTestResult executionId="668d36aa-74c1-45a6-acbe-7447a948f2fe" testId="55622227-47cf-4694-a144-5e9134d64750" testName="Ubytec.Tests.ObservableContractTests.DirectAndIndirectCallsCanMutateAliasedArgument(transfers: True, frames: False, indirect: True, registers: True)" computerName="redacted" duration="00:00:00.1375116" startTime="2026-10-06T00:46:50.6027233+02:00" endTime="2026-10-06T00:46:50.6027234+02:00" testType="13cdc9d9-ddb5-4fa4-a97d-d965ccfc6d4b" outcome="Passed" testListId="8c84fa94-04c1-424b-9868-57a2d4851a1d" relativeResultsDirectory="668d36aa-74c1-45a6-acbe-7447a948f2fe" />
    <UnitTestResult executionId="f96f3ae3-20ef-46a2-a92a-be821c89c57f" testId="b4c7905e-b203-353c-6d8b-1f95111541b1" testName="Ubytec.Tests.FrameRegisterTests.ReadOfAliasedArgumentSeesEveryWriteAcrossBackEdges(transfers: True, frames: True)" computerName="redacted" duration="00:00:00.9162900" startTime="2026-10-06T00:46:47.5734426+02:00" endTime="2026-10-06T00:46:47.5734752+02:00" testType="13cdc9d9-ddb5-4fa4-a97d-d965ccfc6d4b" outcome="Passed" testListId="8c84fa94-04c1-424b-9868-57a2d4851a1d" relativeResultsDirectory="f96f3ae3-20ef-46a2-a92a-be821c89c57f" />
    <UnitTestResult executionId="279eca04-06b3-4a50-a399-363a73cad551" testId="f72e2c85-82ac-190b-4e35-001a3b5d1a0a" testName="Ubytec.Tests.ObservableContractTests.RawPointerWriteChangesNamedArgumentAcrossLoop(transfers: True, frames: False, registers: False)" computerName="redacted" duration="00:00:00.1510436" startTime="2026-10-06T00:46:48.3509407+02:00" endTime="2026-10-06T00:46:48.3509409+02:00" testType="13cdc9d9-ddb5-4fa4-a97d-d965ccfc6d4b" outcome="Passed" testListId="8c84fa94-04c1-424b-9868-57a2d4851a1d" relativeResultsDirectory="279eca04-06b3-4a50-a399-363a73cad551" />
    <UnitTestResult executionId="fedcf626-7847-49ac-9b97-9097ec5da302" testId="eac342be-4aa8-d5c5-f904-aa950c36fa0c" testName="Ubytec.Tests.FrameRegisterTests.BranchContinueBreakAndWrappingKeepValuesCoherent(transfers: False, frames: False)" computerName="redacted" duration="00:00:00.1425102" startTime="2026-10-06T00:46:48.8251332+02:00" endTime="2026-10-06T00:46:48.8251333+02:00" testType="13cdc9d9-ddb5-4fa4-a97d-d965ccfc6d4b" outcome="Passed" testListId="8c84fa94-04c1-424b-9868-57a2d4851a1d" relativeResultsDirectory="fedcf626-7847-49ac-9b97-9097ec5da302" />
    <UnitTestResult executionId="a57ce0fd-b054-46ba-8818-a293ab818ef5" testId="47861dad-497e-8f71-273a-c920da6a7fc5" testName="Ubytec.Tests.ObservableContractTests.RawPointerWriteChangesNamedArgumentAcrossLoop(transfers: False, frames: False, registers: True)" computerName="redacted" duration="00:00:00.2950710" startTime="2026-10-06T00:46:48.8978036+02:00" endTime="2026-10-06T00:46:48.8978038+02:00" testType="13cdc9d9-ddb5-4fa4-a97d-d965ccfc6d4b" outcome="Passed" testListId="8c84fa94-04c1-424b-9868-57a2d4851a1d" relativeResultsDirectory="a57ce0fd-b054-46ba-8818-a293ab818ef5" />
    <UnitTestResult executionId="e3bd5a2d-842f-489d-b854-63460f4bdaa5" testId="31b767f6-fa61-56b9-6aa2-37b8f25f1f26" testName="Ubytec.Tests.ObservableContractTests.NamedArgumentWriteIsVisibleThroughRawPointer(transfers: True, frames: True, registers: True)" computerName="redacted" duration="00:00:00.0673388" startTime="2026-10-06T00:46:52.5280196+02:00" endTime="2026-10-06T00:46:52.5280197+02:00" testType="13cdc9d9-ddb5-4fa4-a97d-d965ccfc6d4b" outcome="Passed" testListId="8c84fa94-04c1-424b-9868-57a2d4851a1d" relativeResultsDirectory="e3bd5a2d-842f-489d-b854-63460f4bdaa5" />
    <UnitTestResult executionId="8992931b-9c78-40c4-959c-6d7dbf14ec24" testId="ff8a8a00-6f75-1aef-0339-7dc465ab10b9" testName="Ubytec.Tests.ObservableContractTests.DirectAndIndirectCallsCanMutateAliasedArgument(transfers: True, frames: True, indirect: True, registers: False)" computerName="redacted" duration="00:00:00.0825026" startTime="2026-10-06T00:46:50.4651105+02:00" endTime="2026-10-06T00:46:50.4651107+02:00" testType="13cdc9d9-ddb5-4fa4-a97d-d965ccfc6d4b" outcome="Passed" testListId="8c84fa94-04c1-424b-9868-57a2d4851a1d" relativeResultsDirectory="8992931b-9c78-40c4-959c-6d7dbf14ec24" />
    <UnitTestResult executionId="52c03c6a-2713-4955-832f-38a006d81406" testId="faa19242-164e-eba1-9729-0c31e5d7a25f" testName="Ubytec.Tests.ObservableContractTests.DirectAndIndirectCallsCanMutateAliasedArgument(transfers: False, frames: False, indirect: True, registers: False)" computerName="redacted" duration="00:00:00.0837576" startTime="2026-10-06T00:46:50.2314748+02:00" endTime="2026-10-06T00:46:50.2314750+02:00" testType="13cdc9d9-ddb5-4fa4-a97d-d965ccfc6d4b" outcome="Passed" testListId="8c84fa94-04c1-424b-9868-57a2d4851a1d" relativeResultsDirectory="52c03c6a-2713-4955-832f-38a006d81406" />
    <UnitTestResult executionId="57fcf0e9-40f8-4b7c-9aff-36cf0ed121b9" testId="f6ffb415-b313-825d-352b-80783a78141f" testName="Ubytec.Tests.ObservableContractTests.DirectAndIndirectCallsCanMutateAliasedArgument(transfers: False, frames: True, indirect: True, registers: True)" computerName="redacted" duration="00:00:00.1458733" startTime="2026-10-06T00:46:51.0300742+02:00" endTime="2026-10-06T00:46:51.0300743+02:00" testType="13cdc9d9-ddb5-4fa4-a97d-d965ccfc6d4b" outcome="Passed" testListId="8c84fa94-04c1-424b-9868-57a2d4851a1d" relativeResultsDirectory="57fcf0e9-40f8-4b7c-9aff-36cf0ed121b9" />
    <UnitTestResult executionId="01e88851-0d73-4338-ac30-dfbe4454df3f" testId="61a2f788-757d-652f-2605-9662489bc8c9" testName="Ubytec.Tests.ObservableContractTests.Push16ReadsLittleEndianBytesAcrossLiveCells(transfers: True, frames: False, registers: True)" computerName="redacted" duration="00:00:00.0510620" startTime="2026-10-06T00:46:51.2778159+02:00" endTime="2026-10-06T00:46:51.2778160+02:00" testType="13cdc9d9-ddb5-4fa4-a97d-d965ccfc6d4b" outcome="Passed" testListId="8c84fa94-04c1-424b-9868-57a2d4851a1d" relativeResultsDirectory="01e88851-0d73-4338-ac30-dfbe4454df3f" />
    <UnitTestResult executionId="5d6f59ec-8f8a-4404-bccf-e120019d60bb" testId="0261c1d9-472a-97b3-4316-f79201926a06" testName="Ubytec.Tests.ObservableContractTests.DirectAndIndirectCallsCanMutateAliasedArgument(transfers: False, frames: True, indirect: False, registers: False)" computerName="redacted" duration="00:00:00.0719738" startTime="2026-10-06T00:46:50.6748633+02:00" endTime="2026-10-06T00:46:50.6748635+02:00" testType="13cdc9d9-ddb5-4fa4-a97d-d965ccfc6d4b" outcome="Passed" testListId="8c84fa94-04c1-424b-9868-57a2d4851a1d" relativeResultsDirectory="5d6f59ec-8f8a-4404-bccf-e120019d60bb" />
    <UnitTestResult executionId="3936ce0f-542f-4a65-8480-ff8ba3439005" testId="632bbab4-e732-7b7f-a29b-e08938fcec53" testName="Ubytec.Tests.FrameRegisterTests.Push16InsideCachedLoopKeepsPhysicalCellBytes(transfers: False)" computerName="redacted" duration="00:00:00.1717198" startTime="2026-10-06T00:46:48.1102539+02:00" endTime="2026-10-06T00:46:48.1102541+02:00" testType="13cdc9d9-ddb5-4fa4-a97d-d965ccfc6d4b" outcome="Passed" testListId="8c84fa94-04c1-424b-9868-57a2d4851a1d" relativeResultsDirectory="3936ce0f-542f-4a65-8480-ff8ba3439005" />
    <UnitTestResult executionId="0a0e6d17-5efa-4fff-8105-beffcf13ba8e" testId="540344cd-0943-6f32-cc22-bf49fcf019a4" testName="Ubytec.Tests.ObservableContractTests.DirectAndIndirectCallsCanMutateAliasedArgument(transfers: True, frames: True, indirect: False, registers: True)" computerName="redacted" duration="00:00:00.2270433" startTime="2026-10-06T00:46:50.1474852+02:00" endTime="2026-10-06T00:46:50.1474853+02:00" testType="13cdc9d9-ddb5-4fa4-a97d-d965ccfc6d4b" outcome="Passed" testListId="8c84fa94-04c1-424b-9868-57a2d4851a1d" relativeResultsDirectory="0a0e6d17-5efa-4fff-8105-beffcf13ba8e" />
    <UnitTestResult executionId="ed9c1aa0-a48b-4d47-b37b-1c6810f5c528" testId="9345b347-dcda-d654-7476-a7028d52b0f6" testName="Ubytec.Tests.ObservableContractTests.DirectAndIndirectCallsCanMutateAliasedArgument(transfers: False, frames: False, indirect: False, registers: False)" computerName="redacted" duration="00:00:00.0607846" startTime="2026-10-06T00:46:51.0911523+02:00" endTime="2026-10-06T00:46:51.0911524+02:00" testType="13cdc9d9-ddb5-4fa4-a97d-d965ccfc6d4b" outcome="Passed" testListId="8c84fa94-04c1-424b-9868-57a2d4851a1d" relativeResultsDirectory="ed9c1aa0-a48b-4d47-b37b-1c6810f5c528" />
    <UnitTestResult executionId="b308b4b9-4adf-44a8-a2c6-60c6ba565198" testId="1f3e8527-305b-ec18-997f-e2f907c4e737" testName="Ubytec.Tests.ObservableContractTests.NamedArgumentWriteIsVisibleThroughRawPointer(transfers: False, frames: True, registers: True)" computerName="redacted" duration="00:00:00.0757741" startTime="2026-10-06T00:46:52.0848853+02:00" endTime="2026-10-06T00:46:52.0848855+02:00" testType="13cdc9d9-ddb5-4fa4-a97d-d965ccfc6d4b" outcome="Passed" testListId="8c84fa94-04c1-424b-9868-57a2d4851a1d" relativeResultsDirectory="b308b4b9-4adf-44a8-a2c6-60c6ba565198" />
    <UnitTestResult executionId="367773f5-830e-482b-bfdb-c01c11e138fa" testId="525ef57d-27f5-7773-0395-b171b1259d94" testName="Ubytec.Tests.ObservableContractTests.RawPointerWriteChangesNamedArgumentAcrossLoop(transfers: True, frames: True, registers: False)" computerName="redacted" duration="00:00:00.9413985" startTime="2026-10-06T00:46:47.5940816+02:00" endTime="2026-10-06T00:46:47.5940817+02:00" testType="13cdc9d9-ddb5-4fa4-a97d-d965ccfc6d4b" outcome="Passed" testListId="8c84fa94-04c1-424b-9868-57a2d4851a1d" relativeResultsDirectory="367773f5-830e-482b-bfdb-c01c11e138fa" />
    <UnitTestResult executionId="a169c237-ea4d-4819-bfa0-a38f7fb574e7" testId="591faa8e-db10-150f-9c29-5f528b1bc4a8" testName="Ubytec.Tests.ObservableContractTests.NamedArgumentWriteIsVisibleThroughRawPointer(transfers: True, frames: False, registers: True)" computerName="redacted" duration="00:00:00.0823298" startTime="2026-10-06T00:46:52.1673574+02:00" endTime="2026-10-06T00:46:52.1673621+02:00" testType="13cdc9d9-ddb5-4fa4-a97d-d965ccfc6d4b" outcome="Passed" testListId="8c84fa94-04c1-424b-9868-57a2d4851a1d" relativeResultsDirectory="a169c237-ea4d-4819-bfa0-a38f7fb574e7" />
    <UnitTestResult executionId="26de0f94-0983-4311-9f76-2a6d400fb2ce" testId="def2c038-9938-6922-6b31-0ee64807fdc1" testName="Ubytec.Tests.ObservableContractTests.RawPointerWriteChangesNamedArgumentAcrossLoop(transfers: False, frames: True, registers: True)" computerName="redacted" duration="00:00:00.2513702" startTime="2026-10-06T00:46:48.6025862+02:00" endTime="2026-10-06T00:46:48.6025864+02:00" testType="13cdc9d9-ddb5-4fa4-a97d-d965ccfc6d4b" outcome="Passed" testListId="8c84fa94-04c1-424b-9868-57a2d4851a1d" relativeResultsDirectory="26de0f94-0983-4311-9f76-2a6d400fb2ce" />
    <UnitTestResult executionId="39de9e1c-ea37-45dd-9374-2ebc0d2d04ba" testId="cac265f3-58c4-ca49-a734-765d6c577f24" testName="Ubytec.Tests.FrameRegisterTests.BranchContinueBreakAndWrappingKeepValuesCoherent(transfers: True, frames: False)" computerName="redacted" duration="00:00:00.1507104" startTime="2026-10-06T00:46:48.4305905+02:00" endTime="2026-10-06T00:46:48.4305907+02:00" testType="13cdc9d9-ddb5-4fa4-a97d-d965ccfc6d4b" outcome="Passed" testListId="8c84fa94-04c1-424b-9868-57a2d4851a1d" relativeResultsDirectory="39de9e1c-ea37-45dd-9374-2ebc0d2d04ba" />
    <UnitTestResult executionId="fa86b0d4-2888-47ea-9728-1efb1f6c7a8e" testId="b6c90afa-fdcd-0ab3-40e2-3e2012ae28a0" testName="Ubytec.Tests.FrameRegisterTests.ExtendedStackScratchRegistersAreReserved(instruction: &quot;tworot&quot;, eligible: False, count: 6)" computerName="redacted" duration="00:00:00.1248055" startTime="2026-10-06T00:46:49.5327837+02:00" endTime="2026-10-06T00:46:49.5327839+02:00" testType="13cdc9d9-ddb5-4fa4-a97d-d965ccfc6d4b" outcome="Passed" testListId="8c84fa94-04c1-424b-9868-57a2d4851a1d" relativeResultsDirectory="fa86b0d4-2888-47ea-9728-1efb1f6c7a8e" />
    <UnitTestResult executionId="d6823cec-d660-402a-b01a-0c6dd9986f86" testId="29748f97-dc77-eb47-410c-044127a53952" testName="Ubytec.Tests.FrameRegisterTests.ReadOfAliasedArgumentSeesEveryWriteAcrossBackEdges(transfers: True, frames: False)" computerName="redacted" duration="00:00:00.0788501" startTime="2026-10-06T00:46:47.6514883+02:00" endTime="2026-10-06T00:46:47.6514885+02:00" testType="13cdc9d9-ddb5-4fa4-a97d-d965ccfc6d4b" outcome="Passed" testListId="8c84fa94-04c1-424b-9868-57a2d4851a1d" relativeResultsDirectory="d6823cec-d660-402a-b01a-0c6dd9986f86" />
    <UnitTestResult executionId="79513e41-b773-492e-8e2b-f60ba4cae4e2" testId="a237da7e-200d-ed1d-1847-72c40657e802" testName="Ubytec.Tests.FrameRegisterTests.Push16InsideCachedLoopKeepsPhysicalCellBytes(transfers: True)" computerName="redacted" duration="00:00:00.1692471" startTime="2026-10-06T00:46:48.2797198+02:00" endTime="2026-10-06T00:46:48.2797200+02:00" testType="13cdc9d9-ddb5-4fa4-a97d-d965ccfc6d4b" outcome="Passed" testListId="8c84fa94-04c1-424b-9868-57a2d4851a1d" relativeResultsDirectory="79513e41-b773-492e-8e2b-f60ba4cae4e2" />
    <UnitTestResult executionId="25644de7-d6c9-45c8-9181-34017e608fa6" testId="15a8f85a-66bd-f90b-6eae-3aef3fa648a5" testName="Ubytec.Tests.ObservableContractTests.NamedArgumentWriteIsVisibleThroughRawPointer(transfers: False, frames: False, registers: False)" computerName="redacted" duration="00:00:00.0746232" startTime="2026-10-06T00:46:52.3931182+02:00" endTime="2026-10-06T00:46:52.3931183+02:00" testType="13cdc9d9-ddb5-4fa4-a97d-d965ccfc6d4b" outcome="Passed" testListId="8c84fa94-04c1-424b-9868-57a2d4851a1d" relativeResultsDirectory="25644de7-d6c9-45c8-9181-34017e608fa6" />
    <UnitTestResult executionId="7a0a4ed8-f6c2-4ee8-a491-b2ff6cb20f25" testId="6681907e-68a5-ce9d-33a1-c56a61a563e9" testName="Ubytec.Tests.ObservableContractTests.Push16ReadsLittleEndianBytesAcrossLiveCells(transfers: False, frames: False, registers: True)" computerName="redacted" duration="00:00:00.0635408" startTime="2026-10-06T00:46:51.4537976+02:00" endTime="2026-10-06T00:46:51.4537977+02:00" testType="13cdc9d9-ddb5-4fa4-a97d-d965ccfc6d4b" outcome="Passed" testListId="8c84fa94-04c1-424b-9868-57a2d4851a1d" relativeResultsDirectory="7a0a4ed8-f6c2-4ee8-a491-b2ff6cb20f25" />
  </Results>
  <TestDefinitions>
    <UnitTest name="Ubytec.Tests.FrameRegisterTests.Push16InsideCachedLoopKeepsPhysicalCellBytes(transfers: True)" storage="REDACTED_LOCAL_ROOT/ubytec.tests/bin/release/net10.0/ubytec.tests.dll" id="a237da7e-200d-ed1d-1847-72c40657e802">
      <Execution id="79513e41-b773-492e-8e2b-f60ba4cae4e2" />
      <TestMethod codeBase="REDACTED_LOCAL_ROOT/Ubytec.Tests/bin/Release/net10.0/Ubytec.Tests.dll" adapterTypeName="executor://xunit/VsTestRunner2/netcoreapp" className="Ubytec.Tests.FrameRegisterTests" name="Push16InsideCachedLoopKeepsPhysicalCellBytes" />
    </UnitTest>
    <UnitTest name="Ubytec.Tests.ObservableContractTests.DirectAndIndirectCallsCanMutateAliasedArgument(transfers: True, frames: False, indirect: True, registers: False)" storage="REDACTED_LOCAL_ROOT/ubytec.tests/bin/release/net10.0/ubytec.tests.dll" id="856a76b4-e9e4-e485-43b9-ed0df0367339">
      <Execution id="43185868-7720-4cbd-8ba2-fb47e211f9e4" />
      <TestMethod codeBase="REDACTED_LOCAL_ROOT/Ubytec.Tests/bin/Release/net10.0/Ubytec.Tests.dll" adapterTypeName="executor://xunit/VsTestRunner2/netcoreapp" className="Ubytec.Tests.ObservableContractTests" name="DirectAndIndirectCallsCanMutateAliasedArgument" />
    </UnitTest>
    <UnitTest name="Ubytec.Tests.ObservableContractTests.DirectAndIndirectCallsCanMutateAliasedArgument(transfers: True, frames: False, indirect: False, registers: True)" storage="REDACTED_LOCAL_ROOT/ubytec.tests/bin/release/net10.0/ubytec.tests.dll" id="fa6e1c51-119b-e3db-38d3-e203d4e3e5dd">
      <Execution id="0859fefd-4b47-4519-9011-8fb453be19b5" />
      <TestMethod codeBase="REDACTED_LOCAL_ROOT/Ubytec.Tests/bin/Release/net10.0/Ubytec.Tests.dll" adapterTypeName="executor://xunit/VsTestRunner2/netcoreapp" className="Ubytec.Tests.ObservableContractTests" name="DirectAndIndirectCallsCanMutateAliasedArgument" />
    </UnitTest>
    <UnitTest name="Ubytec.Tests.FrameRegisterTests.ReadOfAliasedArgumentSeesEveryWriteAcrossBackEdges(transfers: True, frames: True)" storage="REDACTED_LOCAL_ROOT/ubytec.tests/bin/release/net10.0/ubytec.tests.dll" id="b4c7905e-b203-353c-6d8b-1f95111541b1">
      <Execution id="f96f3ae3-20ef-46a2-a92a-be821c89c57f" />
      <TestMethod codeBase="REDACTED_LOCAL_ROOT/Ubytec.Tests/bin/Release/net10.0/Ubytec.Tests.dll" adapterTypeName="executor://xunit/VsTestRunner2/netcoreapp" className="Ubytec.Tests.FrameRegisterTests" name="ReadOfAliasedArgumentSeesEveryWriteAcrossBackEdges" />
    </UnitTest>
    <UnitTest name="Ubytec.Tests.ObservableContractTests.RawPointerWriteChangesNamedArgumentAcrossLoop(transfers: True, frames: False, registers: True)" storage="REDACTED_LOCAL_ROOT/ubytec.tests/bin/release/net10.0/ubytec.tests.dll" id="d991234e-33be-160d-b2cf-52d134b1f9a8">
      <Execution id="7438981a-b60a-471b-aacf-a6ad47d8e6b4" />
      <TestMethod codeBase="REDACTED_LOCAL_ROOT/Ubytec.Tests/bin/Release/net10.0/Ubytec.Tests.dll" adapterTypeName="executor://xunit/VsTestRunner2/netcoreapp" className="Ubytec.Tests.ObservableContractTests" name="RawPointerWriteChangesNamedArgumentAcrossLoop" />
    </UnitTest>
    <UnitTest name="Ubytec.Tests.FrameRegisterTests.BranchContinueBreakAndWrappingKeepValuesCoherent(transfers: False, frames: False)" storage="REDACTED_LOCAL_ROOT/ubytec.tests/bin/release/net10.0/ubytec.tests.dll" id="eac342be-4aa8-d5c5-f904-aa950c36fa0c">
      <Execution id="fedcf626-7847-49ac-9b97-9097ec5da302" />
      <TestMethod codeBase="REDACTED_LOCAL_ROOT/Ubytec.Tests/bin/Release/net10.0/Ubytec.Tests.dll" adapterTypeName="executor://xunit/VsTestRunner2/netcoreapp" className="Ubytec.Tests.FrameRegisterTests" name="BranchContinueBreakAndWrappingKeepValuesCoherent" />
    </UnitTest>
    <UnitTest name="Ubytec.Tests.ObservableContractTests.RawPointerWriteChangesNamedArgumentAcrossLoop(transfers: True, frames: False, registers: False)" storage="REDACTED_LOCAL_ROOT/ubytec.tests/bin/release/net10.0/ubytec.tests.dll" id="f72e2c85-82ac-190b-4e35-001a3b5d1a0a">
      <Execution id="279eca04-06b3-4a50-a399-363a73cad551" />
      <TestMethod codeBase="REDACTED_LOCAL_ROOT/Ubytec.Tests/bin/Release/net10.0/Ubytec.Tests.dll" adapterTypeName="executor://xunit/VsTestRunner2/netcoreapp" className="Ubytec.Tests.ObservableContractTests" name="RawPointerWriteChangesNamedArgumentAcrossLoop" />
    </UnitTest>
    <UnitTest name="Ubytec.Tests.ObservableContractTests.NamedArgumentWriteIsVisibleThroughRawPointer(transfers: True, frames: False, registers: False)" storage="REDACTED_LOCAL_ROOT/ubytec.tests/bin/release/net10.0/ubytec.tests.dll" id="2e05a042-98b1-7f9e-9820-4628625c7774">
      <Execution id="84874792-850e-4a90-a212-c317d9974c99" />
      <TestMethod codeBase="REDACTED_LOCAL_ROOT/Ubytec.Tests/bin/Release/net10.0/Ubytec.Tests.dll" adapterTypeName="executor://xunit/VsTestRunner2/netcoreapp" className="Ubytec.Tests.ObservableContractTests" name="NamedArgumentWriteIsVisibleThroughRawPointer" />
    </UnitTest>
    <UnitTest name="Ubytec.Tests.ObservableContractTests.Push16ReadsLittleEndianBytesAcrossLiveCells(transfers: False, frames: True, registers: False)" storage="REDACTED_LOCAL_ROOT/ubytec.tests/bin/release/net10.0/ubytec.tests.dll" id="c67fe12f-4d0f-d764-7462-28c3389531bb">
      <Execution id="3bdd285a-8745-49e2-b917-1c28ac89d7b9" />
      <TestMethod codeBase="REDACTED_LOCAL_ROOT/Ubytec.Tests/bin/Release/net10.0/Ubytec.Tests.dll" adapterTypeName="executor://xunit/VsTestRunner2/netcoreapp" className="Ubytec.Tests.ObservableContractTests" name="Push16ReadsLittleEndianBytesAcrossLiveCells" />
    </UnitTest>
    <UnitTest name="Ubytec.Tests.ObservableContractTests.DirectAndIndirectCallsCanMutateAliasedArgument(transfers: False, frames: True, indirect: True, registers: False)" storage="REDACTED_LOCAL_ROOT/ubytec.tests/bin/release/net10.0/ubytec.tests.dll" id="52fe1491-1d59-c538-8f82-acadaa9b820e">
      <Execution id="df02879d-c907-4a84-b22d-0a1bada9857e" />
      <TestMethod codeBase="REDACTED_LOCAL_ROOT/Ubytec.Tests/bin/Release/net10.0/Ubytec.Tests.dll" adapterTypeName="executor://xunit/VsTestRunner2/netcoreapp" className="Ubytec.Tests.ObservableContractTests" name="DirectAndIndirectCallsCanMutateAliasedArgument" />
    </UnitTest>
    <UnitTest name="Ubytec.Tests.ObservableContractTests.DirectAndIndirectCallsCanMutateAliasedArgument(transfers: False, frames: True, indirect: False, registers: False)" storage="REDACTED_LOCAL_ROOT/ubytec.tests/bin/release/net10.0/ubytec.tests.dll" id="0261c1d9-472a-97b3-4316-f79201926a06">
      <Execution id="5d6f59ec-8f8a-4404-bccf-e120019d60bb" />
      <TestMethod codeBase="REDACTED_LOCAL_ROOT/Ubytec.Tests/bin/Release/net10.0/Ubytec.Tests.dll" adapterTypeName="executor://xunit/VsTestRunner2/netcoreapp" className="Ubytec.Tests.ObservableContractTests" name="DirectAndIndirectCallsCanMutateAliasedArgument" />
    </UnitTest>
    <UnitTest name="Ubytec.Tests.ObservableContractTests.DirectAndIndirectCallsCanMutateAliasedArgument(transfers: False, frames: False, indirect: False, registers: False)" storage="REDACTED_LOCAL_ROOT/ubytec.tests/bin/release/net10.0/ubytec.tests.dll" id="9345b347-dcda-d654-7476-a7028d52b0f6">
      <Execution id="ed9c1aa0-a48b-4d47-b37b-1c6810f5c528" />
      <TestMethod codeBase="REDACTED_LOCAL_ROOT/Ubytec.Tests/bin/Release/net10.0/Ubytec.Tests.dll" adapterTypeName="executor://xunit/VsTestRunner2/netcoreapp" className="Ubytec.Tests.ObservableContractTests" name="DirectAndIndirectCallsCanMutateAliasedArgument" />
    </UnitTest>
    <UnitTest name="Ubytec.Tests.ObservableContractTests.Push16ReadsLittleEndianBytesAcrossLiveCells(transfers: False, frames: True, registers: True)" storage="REDACTED_LOCAL_ROOT/ubytec.tests/bin/release/net10.0/ubytec.tests.dll" id="5c6a82e1-2e5a-274b-9e0a-8f53c8979b7d">
      <Execution id="68564dda-060e-4cf8-9581-2f14965ad941" />
      <TestMethod codeBase="REDACTED_LOCAL_ROOT/Ubytec.Tests/bin/Release/net10.0/Ubytec.Tests.dll" adapterTypeName="executor://xunit/VsTestRunner2/netcoreapp" className="Ubytec.Tests.ObservableContractTests" name="Push16ReadsLittleEndianBytesAcrossLiveCells" />
    </UnitTest>
    <UnitTest name="Ubytec.Tests.ObservableContractTests.NamedArgumentWriteIsVisibleThroughRawPointer(transfers: True, frames: False, registers: True)" storage="REDACTED_LOCAL_ROOT/ubytec.tests/bin/release/net10.0/ubytec.tests.dll" id="591faa8e-db10-150f-9c29-5f528b1bc4a8">
      <Execution id="a169c237-ea4d-4819-bfa0-a38f7fb574e7" />
      <TestMethod codeBase="REDACTED_LOCAL_ROOT/Ubytec.Tests/bin/Release/net10.0/Ubytec.Tests.dll" adapterTypeName="executor://xunit/VsTestRunner2/netcoreapp" className="Ubytec.Tests.ObservableContractTests" name="NamedArgumentWriteIsVisibleThroughRawPointer" />
    </UnitTest>
    <UnitTest name="Ubytec.Tests.ObservableContractTests.Push16ReadsLittleEndianBytesAcrossLiveCells(transfers: False, frames: False, registers: True)" storage="REDACTED_LOCAL_ROOT/ubytec.tests/bin/release/net10.0/ubytec.tests.dll" id="6681907e-68a5-ce9d-33a1-c56a61a563e9">
      <Execution id="7a0a4ed8-f6c2-4ee8-a491-b2ff6cb20f25" />
      <TestMethod codeBase="REDACTED_LOCAL_ROOT/Ubytec.Tests/bin/Release/net10.0/Ubytec.Tests.dll" adapterTypeName="executor://xunit/VsTestRunner2/netcoreapp" className="Ubytec.Tests.ObservableContractTests" name="Push16ReadsLittleEndianBytesAcrossLiveCells" />
    </UnitTest>
    <UnitTest name="Ubytec.Tests.FrameRegisterTests.NarrowBindingsRetainTheirStorageAndLoadRules" storage="REDACTED_LOCAL_ROOT/ubytec.tests/bin/release/net10.0/ubytec.tests.dll" id="e2095234-cd76-e9b6-97d0-88f9c66a1454">
      <Execution id="00e910cd-5aff-4a48-a24e-ddda1e3de402" />
      <TestMethod codeBase="REDACTED_LOCAL_ROOT/Ubytec.Tests/bin/Release/net10.0/Ubytec.Tests.dll" adapterTypeName="executor://xunit/VsTestRunner2/netcoreapp" className="Ubytec.Tests.FrameRegisterTests" name="NarrowBindingsRetainTheirStorageAndLoadRules" />
    </UnitTest>
    <UnitTest name="Ubytec.Tests.ObservableContractTests.Push16ReadsLittleEndianBytesAcrossLiveCells(transfers: False, frames: False, registers: False)" storage="REDACTED_LOCAL_ROOT/ubytec.tests/bin/release/net10.0/ubytec.tests.dll" id="61517eff-b8ab-aa43-4c4a-a54f5fb9f577">
      <Execution id="97fbff5b-9f70-48cd-9f14-4c65b569b0af" />
      <TestMethod codeBase="REDACTED_LOCAL_ROOT/Ubytec.Tests/bin/Release/net10.0/Ubytec.Tests.dll" adapterTypeName="executor://xunit/VsTestRunner2/netcoreapp" className="Ubytec.Tests.ObservableContractTests" name="Push16ReadsLittleEndianBytesAcrossLiveCells" />
    </UnitTest>
    <UnitTest name="Ubytec.Tests.ObservableContractTests.NamedArgumentWriteIsVisibleThroughRawPointer(transfers: False, frames: True, registers: True)" storage="REDACTED_LOCAL_ROOT/ubytec.tests/bin/release/net10.0/ubytec.tests.dll" id="1f3e8527-305b-ec18-997f-e2f907c4e737">
      <Execution id="b308b4b9-4adf-44a8-a2c6-60c6ba565198" />
      <TestMethod codeBase="REDACTED_LOCAL_ROOT/Ubytec.Tests/bin/Release/net10.0/Ubytec.Tests.dll" adapterTypeName="executor://xunit/VsTestRunner2/netcoreapp" className="Ubytec.Tests.ObservableContractTests" name="NamedArgumentWriteIsVisibleThroughRawPointer" />
    </UnitTest>
    <UnitTest name="Ubytec.Tests.ObservableContractTests.RawPointerWriteChangesNamedArgumentAcrossLoop(transfers: True, frames: True, registers: False)" storage="REDACTED_LOCAL_ROOT/ubytec.tests/bin/release/net10.0/ubytec.tests.dll" id="525ef57d-27f5-7773-0395-b171b1259d94">
      <Execution id="367773f5-830e-482b-bfdb-c01c11e138fa" />
      <TestMethod codeBase="REDACTED_LOCAL_ROOT/Ubytec.Tests/bin/Release/net10.0/Ubytec.Tests.dll" adapterTypeName="executor://xunit/VsTestRunner2/netcoreapp" className="Ubytec.Tests.ObservableContractTests" name="RawPointerWriteChangesNamedArgumentAcrossLoop" />
    </UnitTest>
    <UnitTest name="Ubytec.Tests.ObservableContractTests.Push16ReadsLittleEndianBytesAcrossLiveCells(transfers: True, frames: False, registers: True)" storage="REDACTED_LOCAL_ROOT/ubytec.tests/bin/release/net10.0/ubytec.tests.dll" id="61a2f788-757d-652f-2605-9662489bc8c9">
      <Execution id="01e88851-0d73-4338-ac30-dfbe4454df3f" />
      <TestMethod codeBase="REDACTED_LOCAL_ROOT/Ubytec.Tests/bin/Release/net10.0/Ubytec.Tests.dll" adapterTypeName="executor://xunit/VsTestRunner2/netcoreapp" className="Ubytec.Tests.ObservableContractTests" name="Push16ReadsLittleEndianBytesAcrossLiveCells" />
    </UnitTest>
    <UnitTest name="Ubytec.Tests.FrameRegisterTests.BranchContinueBreakAndWrappingKeepValuesCoherent(transfers: False, frames: True)" storage="REDACTED_LOCAL_ROOT/ubytec.tests/bin/release/net10.0/ubytec.tests.dll" id="f7c3dd8f-cc27-f6e4-b145-f0a0eaccfc45">
      <Execution id="5fb07547-2d98-4db0-a4d1-c2f2813c5e22" />
      <TestMethod codeBase="REDACTED_LOCAL_ROOT/Ubytec.Tests/bin/Release/net10.0/Ubytec.Tests.dll" adapterTypeName="executor://xunit/VsTestRunner2/netcoreapp" className="Ubytec.Tests.FrameRegisterTests" name="BranchContinueBreakAndWrappingKeepValuesCoherent" />
    </UnitTest>
    <UnitTest name="Ubytec.Tests.ObservableContractTests.RawPointerWriteChangesNamedArgumentAcrossLoop(transfers: False, frames: True, registers: False)" storage="REDACTED_LOCAL_ROOT/ubytec.tests/bin/release/net10.0/ubytec.tests.dll" id="641ed838-f576-d212-71fd-1b8cf03ed467">
      <Execution id="5c47be4a-47c6-4b00-8d9b-2afe71d950c2" />
      <TestMethod codeBase="REDACTED_LOCAL_ROOT/Ubytec.Tests/bin/Release/net10.0/Ubytec.Tests.dll" adapterTypeName="executor://xunit/VsTestRunner2/netcoreapp" className="Ubytec.Tests.ObservableContractTests" name="RawPointerWriteChangesNamedArgumentAcrossLoop" />
    </UnitTest>
    <UnitTest name="Ubytec.Tests.ObservableContractTests.NamedArgumentWriteIsVisibleThroughRawPointer(transfers: True, frames: True, registers: False)" storage="REDACTED_LOCAL_ROOT/ubytec.tests/bin/release/net10.0/ubytec.tests.dll" id="d5cabf0e-0388-1abd-30d8-a1555dba2dd9">
      <Execution id="2be6c0a7-c44f-4899-8450-c4916016d187" />
      <TestMethod codeBase="REDACTED_LOCAL_ROOT/Ubytec.Tests/bin/Release/net10.0/Ubytec.Tests.dll" adapterTypeName="executor://xunit/VsTestRunner2/netcoreapp" className="Ubytec.Tests.ObservableContractTests" name="NamedArgumentWriteIsVisibleThroughRawPointer" />
    </UnitTest>
    <UnitTest name="Ubytec.Tests.ObservableContractTests.DirectAndIndirectCallsCanMutateAliasedArgument(transfers: True, frames: True, indirect: True, registers: True)" storage="REDACTED_LOCAL_ROOT/ubytec.tests/bin/release/net10.0/ubytec.tests.dll" id="25ec89c7-40e1-51c8-07bd-737167cd6151">
      <Execution id="3580f790-808e-41c4-af39-3be340b9b396" />
      <TestMethod codeBase="REDACTED_LOCAL_ROOT/Ubytec.Tests/bin/Release/net10.0/Ubytec.Tests.dll" adapterTypeName="executor://xunit/VsTestRunner2/netcoreapp" className="Ubytec.Tests.ObservableContractTests" name="DirectAndIndirectCallsCanMutateAliasedArgument" />
    </UnitTest>
    <UnitTest name="Ubytec.Tests.ObservableContractTests.Push16ReadsLittleEndianBytesAcrossLiveCells(transfers: True, frames: True, registers: False)" storage="REDACTED_LOCAL_ROOT/ubytec.tests/bin/release/net10.0/ubytec.tests.dll" id="dffc39e4-3bc5-c690-885f-cfe7861f8e7a">
      <Execution id="d1df15ab-bd92-445a-88b1-bffef0a427bd" />
      <TestMethod codeBase="REDACTED_LOCAL_ROOT/Ubytec.Tests/bin/Release/net10.0/Ubytec.Tests.dll" adapterTypeName="executor://xunit/VsTestRunner2/netcoreapp" className="Ubytec.Tests.ObservableContractTests" name="Push16ReadsLittleEndianBytesAcrossLiveCells" />
    </UnitTest>
    <UnitTest name="Ubytec.Tests.ObservableContractTests.NamedArgumentWriteIsVisibleThroughRawPointer(transfers: False, frames: False, registers: False)" storage="REDACTED_LOCAL_ROOT/ubytec.tests/bin/release/net10.0/ubytec.tests.dll" id="15a8f85a-66bd-f90b-6eae-3aef3fa648a5">
      <Execution id="25644de7-d6c9-45c8-9181-34017e608fa6" />
      <TestMethod codeBase="REDACTED_LOCAL_ROOT/Ubytec.Tests/bin/Release/net10.0/Ubytec.Tests.dll" adapterTypeName="executor://xunit/VsTestRunner2/netcoreapp" className="Ubytec.Tests.ObservableContractTests" name="NamedArgumentWriteIsVisibleThroughRawPointer" />
    </UnitTest>
    <UnitTest name="Ubytec.Tests.ObservableContractTests.RawPointerWriteChangesNamedArgumentAcrossLoop(transfers: False, frames: False, registers: False)" storage="REDACTED_LOCAL_ROOT/ubytec.tests/bin/release/net10.0/ubytec.tests.dll" id="37fcc56e-c3c0-e93b-8d5a-80c41d8d220c">
      <Execution id="b72c38d4-f8e4-4391-884f-f88a768d194f" />
      <TestMethod codeBase="REDACTED_LOCAL_ROOT/Ubytec.Tests/bin/Release/net10.0/Ubytec.Tests.dll" adapterTypeName="executor://xunit/VsTestRunner2/netcoreapp" className="Ubytec.Tests.ObservableContractTests" name="RawPointerWriteChangesNamedArgumentAcrossLoop" />
    </UnitTest>
    <UnitTest name="Ubytec.Tests.FrameRegisterTests.BranchContinueBreakAndWrappingKeepValuesCoherent(transfers: True, frames: False)" storage="REDACTED_LOCAL_ROOT/ubytec.tests/bin/release/net10.0/ubytec.tests.dll" id="cac265f3-58c4-ca49-a734-765d6c577f24">
      <Execution id="39de9e1c-ea37-45dd-9374-2ebc0d2d04ba" />
      <TestMethod codeBase="REDACTED_LOCAL_ROOT/Ubytec.Tests/bin/Release/net10.0/Ubytec.Tests.dll" adapterTypeName="executor://xunit/VsTestRunner2/netcoreapp" className="Ubytec.Tests.FrameRegisterTests" name="BranchContinueBreakAndWrappingKeepValuesCoherent" />
    </UnitTest>
    <UnitTest name="Ubytec.Tests.FrameRegisterTests.ReadOfAliasedArgumentSeesEveryWriteAcrossBackEdges(transfers: False, frames: True)" storage="REDACTED_LOCAL_ROOT/ubytec.tests/bin/release/net10.0/ubytec.tests.dll" id="114afccf-699a-97d2-0ee2-df24f6e6c2eb">
      <Execution id="c4ede103-6add-492e-94c5-57721aec4d1e" />
      <TestMethod codeBase="REDACTED_LOCAL_ROOT/Ubytec.Tests/bin/Release/net10.0/Ubytec.Tests.dll" adapterTypeName="executor://xunit/VsTestRunner2/netcoreapp" className="Ubytec.Tests.FrameRegisterTests" name="ReadOfAliasedArgumentSeesEveryWriteAcrossBackEdges" />
    </UnitTest>
    <UnitTest name="Ubytec.Tests.ObservableContractTests.RawPointerWriteChangesNamedArgumentAcrossLoop(transfers: False, frames: False, registers: True)" storage="REDACTED_LOCAL_ROOT/ubytec.tests/bin/release/net10.0/ubytec.tests.dll" id="47861dad-497e-8f71-273a-c920da6a7fc5">
      <Execution id="a57ce0fd-b054-46ba-8818-a293ab818ef5" />
      <TestMethod codeBase="REDACTED_LOCAL_ROOT/Ubytec.Tests/bin/Release/net10.0/Ubytec.Tests.dll" adapterTypeName="executor://xunit/VsTestRunner2/netcoreapp" className="Ubytec.Tests.ObservableContractTests" name="RawPointerWriteChangesNamedArgumentAcrossLoop" />
    </UnitTest>
    <UnitTest name="Ubytec.Tests.ObservableContractTests.DirectAndIndirectCallsCanMutateAliasedArgument(transfers: False, frames: False, indirect: False, registers: True)" storage="REDACTED_LOCAL_ROOT/ubytec.tests/bin/release/net10.0/ubytec.tests.dll" id="f6f00b74-7b17-4797-faa0-f95884052ae9">
      <Execution id="4c5d9935-c1f3-432a-a61b-15106a5e1fcd" />
      <TestMethod codeBase="REDACTED_LOCAL_ROOT/Ubytec.Tests/bin/Release/net10.0/Ubytec.Tests.dll" adapterTypeName="executor://xunit/VsTestRunner2/netcoreapp" className="Ubytec.Tests.ObservableContractTests" name="DirectAndIndirectCallsCanMutateAliasedArgument" />
    </UnitTest>
    <UnitTest name="Ubytec.Tests.FrameRegisterTests.ExtendedStackScratchRegistersAreReserved(instruction: &quot;tworot&quot;, eligible: False, count: 6)" storage="REDACTED_LOCAL_ROOT/ubytec.tests/bin/release/net10.0/ubytec.tests.dll" id="b6c90afa-fdcd-0ab3-40e2-3e2012ae28a0">
      <Execution id="fa86b0d4-2888-47ea-9728-1efb1f6c7a8e" />
      <TestMethod codeBase="REDACTED_LOCAL_ROOT/Ubytec.Tests/bin/Release/net10.0/Ubytec.Tests.dll" adapterTypeName="executor://xunit/VsTestRunner2/netcoreapp" className="Ubytec.Tests.FrameRegisterTests" name="ExtendedStackScratchRegistersAreReserved" />
    </UnitTest>
    <UnitTest name="Ubytec.Tests.ObservableContractTests.DirectAndIndirectCallsCanMutateAliasedArgument(transfers: True, frames: False, indirect: False, registers: False)" storage="REDACTED_LOCAL_ROOT/ubytec.tests/bin/release/net10.0/ubytec.tests.dll" id="ad1bf838-0852-97f2-d5e0-66511760aa4d">
      <Execution id="9643b8e7-f7e5-4068-8e77-be8363c36d1b" />
      <TestMethod codeBase="REDACTED_LOCAL_ROOT/Ubytec.Tests/bin/Release/net10.0/Ubytec.Tests.dll" adapterTypeName="executor://xunit/VsTestRunner2/netcoreapp" className="Ubytec.Tests.ObservableContractTests" name="DirectAndIndirectCallsCanMutateAliasedArgument" />
    </UnitTest>
    <UnitTest name="Ubytec.Tests.ObservableContractTests.RawPointerWriteChangesNamedArgumentAcrossLoop(transfers: False, frames: True, registers: True)" storage="REDACTED_LOCAL_ROOT/ubytec.tests/bin/release/net10.0/ubytec.tests.dll" id="def2c038-9938-6922-6b31-0ee64807fdc1">
      <Execution id="26de0f94-0983-4311-9f76-2a6d400fb2ce" />
      <TestMethod codeBase="REDACTED_LOCAL_ROOT/Ubytec.Tests/bin/Release/net10.0/Ubytec.Tests.dll" adapterTypeName="executor://xunit/VsTestRunner2/netcoreapp" className="Ubytec.Tests.ObservableContractTests" name="RawPointerWriteChangesNamedArgumentAcrossLoop" />
    </UnitTest>
    <UnitTest name="Ubytec.Tests.FrameRegisterTests.ReadOfAliasedArgumentSeesEveryWriteAcrossBackEdges(transfers: False, frames: False)" storage="REDACTED_LOCAL_ROOT/ubytec.tests/bin/release/net10.0/ubytec.tests.dll" id="ddd1c36a-81a0-2361-4da7-44530320f261">
      <Execution id="7a844146-be4f-45cc-bbee-28943296a163" />
      <TestMethod codeBase="REDACTED_LOCAL_ROOT/Ubytec.Tests/bin/Release/net10.0/Ubytec.Tests.dll" adapterTypeName="executor://xunit/VsTestRunner2/netcoreapp" className="Ubytec.Tests.FrameRegisterTests" name="ReadOfAliasedArgumentSeesEveryWriteAcrossBackEdges" />
    </UnitTest>
    <UnitTest name="Ubytec.Tests.ObservableContractTests.NamedArgumentWriteIsVisibleThroughRawPointer(transfers: True, frames: True, registers: True)" storage="REDACTED_LOCAL_ROOT/ubytec.tests/bin/release/net10.0/ubytec.tests.dll" id="31b767f6-fa61-56b9-6aa2-37b8f25f1f26">
      <Execution id="e3bd5a2d-842f-489d-b854-63460f4bdaa5" />
      <TestMethod codeBase="REDACTED_LOCAL_ROOT/Ubytec.Tests/bin/Release/net10.0/Ubytec.Tests.dll" adapterTypeName="executor://xunit/VsTestRunner2/netcoreapp" className="Ubytec.Tests.ObservableContractTests" name="NamedArgumentWriteIsVisibleThroughRawPointer" />
    </UnitTest>
    <UnitTest name="Ubytec.Tests.FrameRegisterTests.ExtendedStackScratchRegistersAreReserved(instruction: &quot;twoswap&quot;, eligible: True, count: 4)" storage="REDACTED_LOCAL_ROOT/ubytec.tests/bin/release/net10.0/ubytec.tests.dll" id="e89532d9-9587-e139-44b9-bd99016b5f30">
      <Execution id="29a7d281-7b97-4781-b407-c71c06df01fa" />
      <TestMethod codeBase="REDACTED_LOCAL_ROOT/Ubytec.Tests/bin/Release/net10.0/Ubytec.Tests.dll" adapterTypeName="executor://xunit/VsTestRunner2/netcoreapp" className="Ubytec.Tests.FrameRegisterTests" name="ExtendedStackScratchRegistersAreReserved" />
    </UnitTest>
    <UnitTest name="Ubytec.Tests.ObservableContractTests.Push16ReadsLittleEndianBytesAcrossLiveCells(transfers: True, frames: False, registers: False)" storage="REDACTED_LOCAL_ROOT/ubytec.tests/bin/release/net10.0/ubytec.tests.dll" id="cca13652-aafd-33f0-0444-c4521048705e">
      <Execution id="aeba1db9-58f8-41b9-87e4-e045bfe6379b" />
      <TestMethod codeBase="REDACTED_LOCAL_ROOT/Ubytec.Tests/bin/Release/net10.0/Ubytec.Tests.dll" adapterTypeName="executor://xunit/VsTestRunner2/netcoreapp" className="Ubytec.Tests.ObservableContractTests" name="Push16ReadsLittleEndianBytesAcrossLiveCells" />
    </UnitTest>
    <UnitTest name="Ubytec.Tests.ObservableContractTests.DirectAndIndirectCallsCanMutateAliasedArgument(transfers: False, frames: True, indirect: True, registers: True)" storage="REDACTED_LOCAL_ROOT/ubytec.tests/bin/release/net10.0/ubytec.tests.dll" id="f6ffb415-b313-825d-352b-80783a78141f">
      <Execution id="57fcf0e9-40f8-4b7c-9aff-36cf0ed121b9" />
      <TestMethod codeBase="REDACTED_LOCAL_ROOT/Ubytec.Tests/bin/Release/net10.0/Ubytec.Tests.dll" adapterTypeName="executor://xunit/VsTestRunner2/netcoreapp" className="Ubytec.Tests.ObservableContractTests" name="DirectAndIndirectCallsCanMutateAliasedArgument" />
    </UnitTest>
    <UnitTest name="Ubytec.Tests.ObservableContractTests.NamedArgumentWriteIsVisibleThroughRawPointer(transfers: False, frames: True, registers: False)" storage="REDACTED_LOCAL_ROOT/ubytec.tests/bin/release/net10.0/ubytec.tests.dll" id="9bb25e18-458a-054a-81bb-9133d5576282">
      <Execution id="a24f1506-25ba-4c9d-87d6-0c74ab0be50c" />
      <TestMethod codeBase="REDACTED_LOCAL_ROOT/Ubytec.Tests/bin/Release/net10.0/Ubytec.Tests.dll" adapterTypeName="executor://xunit/VsTestRunner2/netcoreapp" className="Ubytec.Tests.ObservableContractTests" name="NamedArgumentWriteIsVisibleThroughRawPointer" />
    </UnitTest>
    <UnitTest name="Ubytec.Tests.ObservableContractTests.DirectAndIndirectCallsCanMutateAliasedArgument(transfers: False, frames: False, indirect: True, registers: True)" storage="REDACTED_LOCAL_ROOT/ubytec.tests/bin/release/net10.0/ubytec.tests.dll" id="863e42cb-6d80-6de2-d741-1679a0c0252e">
      <Execution id="39d40683-eb6a-4bb6-9417-995ef1f79aad" />
      <TestMethod codeBase="REDACTED_LOCAL_ROOT/Ubytec.Tests/bin/Release/net10.0/Ubytec.Tests.dll" adapterTypeName="executor://xunit/VsTestRunner2/netcoreapp" className="Ubytec.Tests.ObservableContractTests" name="DirectAndIndirectCallsCanMutateAliasedArgument" />
    </UnitTest>
    <UnitTest name="Ubytec.Tests.FrameRegisterTests.InlineDeclarationsInitializeOnTheirOriginalPaths" storage="REDACTED_LOCAL_ROOT/ubytec.tests/bin/release/net10.0/ubytec.tests.dll" id="3dd04f24-3248-7b67-604c-7c374861121b">
      <Execution id="7272943b-30e4-4432-88f4-396a4d4f8f71" />
      <TestMethod codeBase="REDACTED_LOCAL_ROOT/Ubytec.Tests/bin/Release/net10.0/Ubytec.Tests.dll" adapterTypeName="executor://xunit/VsTestRunner2/netcoreapp" className="Ubytec.Tests.FrameRegisterTests" name="InlineDeclarationsInitializeOnTheirOriginalPaths" />
    </UnitTest>
    <UnitTest name="Ubytec.Tests.ObservableContractTests.DirectAndIndirectCallsCanMutateAliasedArgument(transfers: False, frames: True, indirect: False, registers: True)" storage="REDACTED_LOCAL_ROOT/ubytec.tests/bin/release/net10.0/ubytec.tests.dll" id="a57607e7-6a31-9394-fc99-dca4310d3b0d">
      <Execution id="677af40e-6fb6-456d-be92-514dc4bf3e0b" />
      <TestMethod codeBase="REDACTED_LOCAL_ROOT/Ubytec.Tests/bin/Release/net10.0/Ubytec.Tests.dll" adapterTypeName="executor://xunit/VsTestRunner2/netcoreapp" className="Ubytec.Tests.ObservableContractTests" name="DirectAndIndirectCallsCanMutateAliasedArgument" />
    </UnitTest>
    <UnitTest name="Ubytec.Tests.ObservableContractTests.NamedArgumentWriteIsVisibleThroughRawPointer(transfers: False, frames: False, registers: True)" storage="REDACTED_LOCAL_ROOT/ubytec.tests/bin/release/net10.0/ubytec.tests.dll" id="ad8d5847-6bef-c8f4-7821-3ca8886ac8cf">
      <Execution id="7a1dd00a-6a3c-4038-90d2-3499c9f26e32" />
      <TestMethod codeBase="REDACTED_LOCAL_ROOT/Ubytec.Tests/bin/Release/net10.0/Ubytec.Tests.dll" adapterTypeName="executor://xunit/VsTestRunner2/netcoreapp" className="Ubytec.Tests.ObservableContractTests" name="NamedArgumentWriteIsVisibleThroughRawPointer" />
    </UnitTest>
    <UnitTest name="Ubytec.Tests.ObservableContractTests.DirectAndIndirectCallsCanMutateAliasedArgument(transfers: False, frames: False, indirect: True, registers: False)" storage="REDACTED_LOCAL_ROOT/ubytec.tests/bin/release/net10.0/ubytec.tests.dll" id="faa19242-164e-eba1-9729-0c31e5d7a25f">
      <Execution id="52c03c6a-2713-4955-832f-38a006d81406" />
      <TestMethod codeBase="REDACTED_LOCAL_ROOT/Ubytec.Tests/bin/Release/net10.0/Ubytec.Tests.dll" adapterTypeName="executor://xunit/VsTestRunner2/netcoreapp" className="Ubytec.Tests.ObservableContractTests" name="DirectAndIndirectCallsCanMutateAliasedArgument" />
    </UnitTest>
    <UnitTest name="Ubytec.Tests.ObservableContractTests.DirectAndIndirectCallsCanMutateAliasedArgument(transfers: True, frames: True, indirect: False, registers: False)" storage="REDACTED_LOCAL_ROOT/ubytec.tests/bin/release/net10.0/ubytec.tests.dll" id="c1f3da81-632d-b712-a0b1-70c8ead461b3">
      <Execution id="509f9f64-095b-4d6f-9f46-36ad4b63e6dd" />
      <TestMethod codeBase="REDACTED_LOCAL_ROOT/Ubytec.Tests/bin/Release/net10.0/Ubytec.Tests.dll" adapterTypeName="executor://xunit/VsTestRunner2/netcoreapp" className="Ubytec.Tests.ObservableContractTests" name="DirectAndIndirectCallsCanMutateAliasedArgument" />
    </UnitTest>
    <UnitTest name="Ubytec.Tests.ObservableContractTests.DirectAndIndirectCallsCanMutateAliasedArgument(transfers: True, frames: False, indirect: True, registers: True)" storage="REDACTED_LOCAL_ROOT/ubytec.tests/bin/release/net10.0/ubytec.tests.dll" id="55622227-47cf-4694-a144-5e9134d64750">
      <Execution id="668d36aa-74c1-45a6-acbe-7447a948f2fe" />
      <TestMethod codeBase="REDACTED_LOCAL_ROOT/Ubytec.Tests/bin/Release/net10.0/Ubytec.Tests.dll" adapterTypeName="executor://xunit/VsTestRunner2/netcoreapp" className="Ubytec.Tests.ObservableContractTests" name="DirectAndIndirectCallsCanMutateAliasedArgument" />
    </UnitTest>
    <UnitTest name="Ubytec.Tests.ObservableContractTests.DirectAndIndirectCallsCanMutateAliasedArgument(transfers: True, frames: True, indirect: False, registers: True)" storage="REDACTED_LOCAL_ROOT/ubytec.tests/bin/release/net10.0/ubytec.tests.dll" id="540344cd-0943-6f32-cc22-bf49fcf019a4">
      <Execution id="0a0e6d17-5efa-4fff-8105-beffcf13ba8e" />
      <TestMethod codeBase="REDACTED_LOCAL_ROOT/Ubytec.Tests/bin/Release/net10.0/Ubytec.Tests.dll" adapterTypeName="executor://xunit/VsTestRunner2/netcoreapp" className="Ubytec.Tests.ObservableContractTests" name="DirectAndIndirectCallsCanMutateAliasedArgument" />
    </UnitTest>
    <UnitTest name="Ubytec.Tests.ObservableContractTests.RawPointerWriteChangesNamedArgumentAcrossLoop(transfers: True, frames: True, registers: True)" storage="REDACTED_LOCAL_ROOT/ubytec.tests/bin/release/net10.0/ubytec.tests.dll" id="bad03c5b-4c81-553e-46bf-45ce9557708f">
      <Execution id="7b0b5823-7d6e-428a-b757-967093127b14" />
      <TestMethod codeBase="REDACTED_LOCAL_ROOT/Ubytec.Tests/bin/Release/net10.0/Ubytec.Tests.dll" adapterTypeName="executor://xunit/VsTestRunner2/netcoreapp" className="Ubytec.Tests.ObservableContractTests" name="RawPointerWriteChangesNamedArgumentAcrossLoop" />
    </UnitTest>
    <UnitTest name="Ubytec.Tests.ObservableContractTests.Push16ReadsLittleEndianBytesAcrossLiveCells(transfers: True, frames: True, registers: True)" storage="REDACTED_LOCAL_ROOT/ubytec.tests/bin/release/net10.0/ubytec.tests.dll" id="49ae296b-6acb-ee8e-a3bb-7355566e717e">
      <Execution id="7dfc8b73-179e-4b77-87ba-29017a58dae7" />
      <TestMethod codeBase="REDACTED_LOCAL_ROOT/Ubytec.Tests/bin/Release/net10.0/Ubytec.Tests.dll" adapterTypeName="executor://xunit/VsTestRunner2/netcoreapp" className="Ubytec.Tests.ObservableContractTests" name="Push16ReadsLittleEndianBytesAcrossLiveCells" />
    </UnitTest>
    <UnitTest name="Ubytec.Tests.FrameRegisterTests.BranchContinueBreakAndWrappingKeepValuesCoherent(transfers: True, frames: True)" storage="REDACTED_LOCAL_ROOT/ubytec.tests/bin/release/net10.0/ubytec.tests.dll" id="e24160da-8a3b-b376-f261-ac839fd8829c">
      <Execution id="c6c6314b-ce36-462c-b12e-61da74c1736d" />
      <TestMethod codeBase="REDACTED_LOCAL_ROOT/Ubytec.Tests/bin/Release/net10.0/Ubytec.Tests.dll" adapterTypeName="executor://xunit/VsTestRunner2/netcoreapp" className="Ubytec.Tests.FrameRegisterTests" name="BranchContinueBreakAndWrappingKeepValuesCoherent" />
    </UnitTest>
    <UnitTest name="Ubytec.Tests.FrameRegisterTests.ReadOfAliasedArgumentSeesEveryWriteAcrossBackEdges(transfers: True, frames: False)" storage="REDACTED_LOCAL_ROOT/ubytec.tests/bin/release/net10.0/ubytec.tests.dll" id="29748f97-dc77-eb47-410c-044127a53952">
      <Execution id="d6823cec-d660-402a-b01a-0c6dd9986f86" />
      <TestMethod codeBase="REDACTED_LOCAL_ROOT/Ubytec.Tests/bin/Release/net10.0/Ubytec.Tests.dll" adapterTypeName="executor://xunit/VsTestRunner2/netcoreapp" className="Ubytec.Tests.FrameRegisterTests" name="ReadOfAliasedArgumentSeesEveryWriteAcrossBackEdges" />
    </UnitTest>
    <UnitTest name="Ubytec.Tests.FrameRegisterTests.Push16InsideCachedLoopKeepsPhysicalCellBytes(transfers: False)" storage="REDACTED_LOCAL_ROOT/ubytec.tests/bin/release/net10.0/ubytec.tests.dll" id="632bbab4-e732-7b7f-a29b-e08938fcec53">
      <Execution id="3936ce0f-542f-4a65-8480-ff8ba3439005" />
      <TestMethod codeBase="REDACTED_LOCAL_ROOT/Ubytec.Tests/bin/Release/net10.0/Ubytec.Tests.dll" adapterTypeName="executor://xunit/VsTestRunner2/netcoreapp" className="Ubytec.Tests.FrameRegisterTests" name="Push16InsideCachedLoopKeepsPhysicalCellBytes" />
    </UnitTest>
    <UnitTest name="Ubytec.Tests.ObservableContractTests.DirectAndIndirectCallsCanMutateAliasedArgument(transfers: True, frames: True, indirect: True, registers: False)" storage="REDACTED_LOCAL_ROOT/ubytec.tests/bin/release/net10.0/ubytec.tests.dll" id="ff8a8a00-6f75-1aef-0339-7dc465ab10b9">
      <Execution id="8992931b-9c78-40c4-959c-6d7dbf14ec24" />
      <TestMethod codeBase="REDACTED_LOCAL_ROOT/Ubytec.Tests/bin/Release/net10.0/Ubytec.Tests.dll" adapterTypeName="executor://xunit/VsTestRunner2/netcoreapp" className="Ubytec.Tests.ObservableContractTests" name="DirectAndIndirectCallsCanMutateAliasedArgument" />
    </UnitTest>
  </TestDefinitions>
  <TestEntries>
    <TestEntry testId="ddd1c36a-81a0-2361-4da7-44530320f261" executionId="7a844146-be4f-45cc-bbee-28943296a163" testListId="8c84fa94-04c1-424b-9868-57a2d4851a1d" />
    <TestEntry testId="cca13652-aafd-33f0-0444-c4521048705e" executionId="aeba1db9-58f8-41b9-87e4-e045bfe6379b" testListId="8c84fa94-04c1-424b-9868-57a2d4851a1d" />
    <TestEntry testId="ad8d5847-6bef-c8f4-7821-3ca8886ac8cf" executionId="7a1dd00a-6a3c-4038-90d2-3499c9f26e32" testListId="8c84fa94-04c1-424b-9868-57a2d4851a1d" />
    <TestEntry testId="d991234e-33be-160d-b2cf-52d134b1f9a8" executionId="7438981a-b60a-471b-aacf-a6ad47d8e6b4" testListId="8c84fa94-04c1-424b-9868-57a2d4851a1d" />
    <TestEntry testId="49ae296b-6acb-ee8e-a3bb-7355566e717e" executionId="7dfc8b73-179e-4b77-87ba-29017a58dae7" testListId="8c84fa94-04c1-424b-9868-57a2d4851a1d" />
    <TestEntry testId="52fe1491-1d59-c538-8f82-acadaa9b820e" executionId="df02879d-c907-4a84-b22d-0a1bada9857e" testListId="8c84fa94-04c1-424b-9868-57a2d4851a1d" />
    <TestEntry testId="ad1bf838-0852-97f2-d5e0-66511760aa4d" executionId="9643b8e7-f7e5-4068-8e77-be8363c36d1b" testListId="8c84fa94-04c1-424b-9868-57a2d4851a1d" />
    <TestEntry testId="9bb25e18-458a-054a-81bb-9133d5576282" executionId="a24f1506-25ba-4c9d-87d6-0c74ab0be50c" testListId="8c84fa94-04c1-424b-9868-57a2d4851a1d" />
    <TestEntry testId="a57607e7-6a31-9394-fc99-dca4310d3b0d" executionId="677af40e-6fb6-456d-be92-514dc4bf3e0b" testListId="8c84fa94-04c1-424b-9868-57a2d4851a1d" />
    <TestEntry testId="c67fe12f-4d0f-d764-7462-28c3389531bb" executionId="3bdd285a-8745-49e2-b917-1c28ac89d7b9" testListId="8c84fa94-04c1-424b-9868-57a2d4851a1d" />
    <TestEntry testId="d5cabf0e-0388-1abd-30d8-a1555dba2dd9" executionId="2be6c0a7-c44f-4899-8450-c4916016d187" testListId="8c84fa94-04c1-424b-9868-57a2d4851a1d" />
    <TestEntry testId="e24160da-8a3b-b376-f261-ac839fd8829c" executionId="c6c6314b-ce36-462c-b12e-61da74c1736d" testListId="8c84fa94-04c1-424b-9868-57a2d4851a1d" />
    <TestEntry testId="bad03c5b-4c81-553e-46bf-45ce9557708f" executionId="7b0b5823-7d6e-428a-b757-967093127b14" testListId="8c84fa94-04c1-424b-9868-57a2d4851a1d" />
    <TestEntry testId="61517eff-b8ab-aa43-4c4a-a54f5fb9f577" executionId="97fbff5b-9f70-48cd-9f14-4c65b569b0af" testListId="8c84fa94-04c1-424b-9868-57a2d4851a1d" />
    <TestEntry testId="3dd04f24-3248-7b67-604c-7c374861121b" executionId="7272943b-30e4-4432-88f4-396a4d4f8f71" testListId="8c84fa94-04c1-424b-9868-57a2d4851a1d" />
    <TestEntry testId="114afccf-699a-97d2-0ee2-df24f6e6c2eb" executionId="c4ede103-6add-492e-94c5-57721aec4d1e" testListId="8c84fa94-04c1-424b-9868-57a2d4851a1d" />
    <TestEntry testId="e89532d9-9587-e139-44b9-bd99016b5f30" executionId="29a7d281-7b97-4781-b407-c71c06df01fa" testListId="8c84fa94-04c1-424b-9868-57a2d4851a1d" />
    <TestEntry testId="fa6e1c51-119b-e3db-38d3-e203d4e3e5dd" executionId="0859fefd-4b47-4519-9011-8fb453be19b5" testListId="8c84fa94-04c1-424b-9868-57a2d4851a1d" />
    <TestEntry testId="c1f3da81-632d-b712-a0b1-70c8ead461b3" executionId="509f9f64-095b-4d6f-9f46-36ad4b63e6dd" testListId="8c84fa94-04c1-424b-9868-57a2d4851a1d" />
    <TestEntry testId="863e42cb-6d80-6de2-d741-1679a0c0252e" executionId="39d40683-eb6a-4bb6-9417-995ef1f79aad" testListId="8c84fa94-04c1-424b-9868-57a2d4851a1d" />
    <TestEntry testId="641ed838-f576-d212-71fd-1b8cf03ed467" executionId="5c47be4a-47c6-4b00-8d9b-2afe71d950c2" testListId="8c84fa94-04c1-424b-9868-57a2d4851a1d" />
    <TestEntry testId="2e05a042-98b1-7f9e-9820-4628625c7774" executionId="84874792-850e-4a90-a212-c317d9974c99" testListId="8c84fa94-04c1-424b-9868-57a2d4851a1d" />
    <TestEntry testId="37fcc56e-c3c0-e93b-8d5a-80c41d8d220c" executionId="b72c38d4-f8e4-4391-884f-f88a768d194f" testListId="8c84fa94-04c1-424b-9868-57a2d4851a1d" />
    <TestEntry testId="f7c3dd8f-cc27-f6e4-b145-f0a0eaccfc45" executionId="5fb07547-2d98-4db0-a4d1-c2f2813c5e22" testListId="8c84fa94-04c1-424b-9868-57a2d4851a1d" />
    <TestEntry testId="5c6a82e1-2e5a-274b-9e0a-8f53c8979b7d" executionId="68564dda-060e-4cf8-9581-2f14965ad941" testListId="8c84fa94-04c1-424b-9868-57a2d4851a1d" />
    <TestEntry testId="f6f00b74-7b17-4797-faa0-f95884052ae9" executionId="4c5d9935-c1f3-432a-a61b-15106a5e1fcd" testListId="8c84fa94-04c1-424b-9868-57a2d4851a1d" />
    <TestEntry testId="25ec89c7-40e1-51c8-07bd-737167cd6151" executionId="3580f790-808e-41c4-af39-3be340b9b396" testListId="8c84fa94-04c1-424b-9868-57a2d4851a1d" />
    <TestEntry testId="dffc39e4-3bc5-c690-885f-cfe7861f8e7a" executionId="d1df15ab-bd92-445a-88b1-bffef0a427bd" testListId="8c84fa94-04c1-424b-9868-57a2d4851a1d" />
    <TestEntry testId="e2095234-cd76-e9b6-97d0-88f9c66a1454" executionId="00e910cd-5aff-4a48-a24e-ddda1e3de402" testListId="8c84fa94-04c1-424b-9868-57a2d4851a1d" />
    <TestEntry testId="856a76b4-e9e4-e485-43b9-ed0df0367339" executionId="43185868-7720-4cbd-8ba2-fb47e211f9e4" testListId="8c84fa94-04c1-424b-9868-57a2d4851a1d" />
    <TestEntry testId="55622227-47cf-4694-a144-5e9134d64750" executionId="668d36aa-74c1-45a6-acbe-7447a948f2fe" testListId="8c84fa94-04c1-424b-9868-57a2d4851a1d" />
    <TestEntry testId="b4c7905e-b203-353c-6d8b-1f95111541b1" executionId="f96f3ae3-20ef-46a2-a92a-be821c89c57f" testListId="8c84fa94-04c1-424b-9868-57a2d4851a1d" />
    <TestEntry testId="f72e2c85-82ac-190b-4e35-001a3b5d1a0a" executionId="279eca04-06b3-4a50-a399-363a73cad551" testListId="8c84fa94-04c1-424b-9868-57a2d4851a1d" />
    <TestEntry testId="eac342be-4aa8-d5c5-f904-aa950c36fa0c" executionId="fedcf626-7847-49ac-9b97-9097ec5da302" testListId="8c84fa94-04c1-424b-9868-57a2d4851a1d" />
    <TestEntry testId="47861dad-497e-8f71-273a-c920da6a7fc5" executionId="a57ce0fd-b054-46ba-8818-a293ab818ef5" testListId="8c84fa94-04c1-424b-9868-57a2d4851a1d" />
    <TestEntry testId="31b767f6-fa61-56b9-6aa2-37b8f25f1f26" executionId="e3bd5a2d-842f-489d-b854-63460f4bdaa5" testListId="8c84fa94-04c1-424b-9868-57a2d4851a1d" />
    <TestEntry testId="ff8a8a00-6f75-1aef-0339-7dc465ab10b9" executionId="8992931b-9c78-40c4-959c-6d7dbf14ec24" testListId="8c84fa94-04c1-424b-9868-57a2d4851a1d" />
    <TestEntry testId="faa19242-164e-eba1-9729-0c31e5d7a25f" executionId="52c03c6a-2713-4955-832f-38a006d81406" testListId="8c84fa94-04c1-424b-9868-57a2d4851a1d" />
    <TestEntry testId="f6ffb415-b313-825d-352b-80783a78141f" executionId="57fcf0e9-40f8-4b7c-9aff-36cf0ed121b9" testListId="8c84fa94-04c1-424b-9868-57a2d4851a1d" />
    <TestEntry testId="61a2f788-757d-652f-2605-9662489bc8c9" executionId="01e88851-0d73-4338-ac30-dfbe4454df3f" testListId="8c84fa94-04c1-424b-9868-57a2d4851a1d" />
    <TestEntry testId="0261c1d9-472a-97b3-4316-f79201926a06" executionId="5d6f59ec-8f8a-4404-bccf-e120019d60bb" testListId="8c84fa94-04c1-424b-9868-57a2d4851a1d" />
    <TestEntry testId="632bbab4-e732-7b7f-a29b-e08938fcec53" executionId="3936ce0f-542f-4a65-8480-ff8ba3439005" testListId="8c84fa94-04c1-424b-9868-57a2d4851a1d" />
    <TestEntry testId="540344cd-0943-6f32-cc22-bf49fcf019a4" executionId="0a0e6d17-5efa-4fff-8105-beffcf13ba8e" testListId="8c84fa94-04c1-424b-9868-57a2d4851a1d" />
    <TestEntry testId="9345b347-dcda-d654-7476-a7028d52b0f6" executionId="ed9c1aa0-a48b-4d47-b37b-1c6810f5c528" testListId="8c84fa94-04c1-424b-9868-57a2d4851a1d" />
    <TestEntry testId="1f3e8527-305b-ec18-997f-e2f907c4e737" executionId="b308b4b9-4adf-44a8-a2c6-60c6ba565198" testListId="8c84fa94-04c1-424b-9868-57a2d4851a1d" />
    <TestEntry testId="525ef57d-27f5-7773-0395-b171b1259d94" executionId="367773f5-830e-482b-bfdb-c01c11e138fa" testListId="8c84fa94-04c1-424b-9868-57a2d4851a1d" />
    <TestEntry testId="591faa8e-db10-150f-9c29-5f528b1bc4a8" executionId="a169c237-ea4d-4819-bfa0-a38f7fb574e7" testListId="8c84fa94-04c1-424b-9868-57a2d4851a1d" />
    <TestEntry testId="def2c038-9938-6922-6b31-0ee64807fdc1" executionId="26de0f94-0983-4311-9f76-2a6d400fb2ce" testListId="8c84fa94-04c1-424b-9868-57a2d4851a1d" />
    <TestEntry testId="cac265f3-58c4-ca49-a734-765d6c577f24" executionId="39de9e1c-ea37-45dd-9374-2ebc0d2d04ba" testListId="8c84fa94-04c1-424b-9868-57a2d4851a1d" />
    <TestEntry testId="b6c90afa-fdcd-0ab3-40e2-3e2012ae28a0" executionId="fa86b0d4-2888-47ea-9728-1efb1f6c7a8e" testListId="8c84fa94-04c1-424b-9868-57a2d4851a1d" />
    <TestEntry testId="29748f97-dc77-eb47-410c-044127a53952" executionId="d6823cec-d660-402a-b01a-0c6dd9986f86" testListId="8c84fa94-04c1-424b-9868-57a2d4851a1d" />
    <TestEntry testId="a237da7e-200d-ed1d-1847-72c40657e802" executionId="79513e41-b773-492e-8e2b-f60ba4cae4e2" testListId="8c84fa94-04c1-424b-9868-57a2d4851a1d" />
    <TestEntry testId="15a8f85a-66bd-f90b-6eae-3aef3fa648a5" executionId="25644de7-d6c9-45c8-9181-34017e608fa6" testListId="8c84fa94-04c1-424b-9868-57a2d4851a1d" />
    <TestEntry testId="6681907e-68a5-ce9d-33a1-c56a61a563e9" executionId="7a0a4ed8-f6c2-4ee8-a491-b2ff6cb20f25" testListId="8c84fa94-04c1-424b-9868-57a2d4851a1d" />
  </TestEntries>
  <TestLists>
    <TestList name="Results Not in a List" id="8c84fa94-04c1-424b-9868-57a2d4851a1d" />
    <TestList name="All Loaded Results" id="19431567-8539-422a-85d7-44ee4e166bda" />
  </TestLists>
  <ResultSummary outcome="Completed">
    <Counters total="54" executed="54" passed="54" failed="0" error="0" timeout="0" aborted="0" inconclusive="0" passedButRunAborted="0" notRunnable="0" notExecuted="0" disconnected="0" warning="0" completed="0" inProgress="0" pending="0" />
    <Output>
      <StdOut>[xUnit.net 00:00:00.00] xUnit.net VSTest Adapter v2.8.2+699d445a1a (64-bit .NET 10.0.12)
[xUnit.net 00:00:00.25]   Discovering: Ubytec.Tests
[xUnit.net 00:00:00.53]   Discovered:  Ubytec.Tests
[xUnit.net 00:00:00.54]   Starting:    Ubytec.Tests
[xUnit.net 00:00:06.57]   Finished:    Ubytec.Tests
</StdOut>
    </Output>
  </ResultSummary>
</TestRun>
