<?xml version="1.0" encoding="utf-8"?>
<TestRun xmlns="http://microsoft.com/schemas/VisualStudio/TeamTest/2010" id="16e58dc7-c064-42d7-86c7-04467dc8e415" name="Ubytec archived test run">
  <Times creation="2026-10-06T03:30:22.7396971+02:00" queuing="2026-10-06T03:30:22.7396972+02:00" start="2026-10-06T03:30:19.2762039+02:00" finish="2026-10-06T03:30:32.4631388+02:00" />
  <TestSettings name="default" id="dc98a46c-cbb8-48c5-b6fe-60b91a3e0f99">
    <Deployment runDeploymentRoot="ubytec-test-run" />
  </TestSettings>
  <Results>
    <UnitTestResult executionId="131a3fc6-a8b3-4383-937d-b3361102f2d1" testId="293440ad-37bc-2fec-0e87-56715526bf9c" testName="Ubytec.Tests.RecordReductionTests.InputsMayAliasLocalsResidualCellsAndUnalignedIntervals(profile: 4)" computerName="redacted" duration="00:00:01.0687269" startTime="2026-10-06T03:30:26.0768679+02:00" endTime="2026-10-06T03:30:26.0768681+02:00" testType="13cdc9d9-ddb5-4fa4-a97d-d965ccfc6d4b" outcome="Passed" testListId="8c84fa94-04c1-424b-9868-57a2d4851a1d" relativeResultsDirectory="131a3fc6-a8b3-4383-937d-b3361102f2d1" />
    <UnitTestResult executionId="690a880e-04a1-4afd-869b-915230af8417" testId="b5a00144-040d-b453-8234-01e078198661" testName="Ubytec.Tests.RecordReductionTests.InputsMayAliasLocalsResidualCellsAndUnalignedIntervals(profile: 7)" computerName="redacted" duration="00:00:00.9133520" startTime="2026-10-06T03:30:28.2314157+02:00" endTime="2026-10-06T03:30:28.2314159+02:00" testType="13cdc9d9-ddb5-4fa4-a97d-d965ccfc6d4b" outcome="Passed" testListId="8c84fa94-04c1-424b-9868-57a2d4851a1d" relativeResultsDirectory="690a880e-04a1-4afd-869b-915230af8417" />
    <UnitTestResult executionId="83d74e9f-657b-4f28-81a9-0c12905ba7c1" testId="a36a3f08-af53-bc7b-3978-7dddd9c9d43c" testName="Ubytec.Tests.RecordReductionTests.EmptyLoopLeavesEveryDeeperCellIntactAndDoesNotReadItsPointer(profile: 7)" computerName="redacted" duration="00:00:00.0392739" startTime="2026-10-06T03:30:31.0423316+02:00" endTime="2026-10-06T03:30:31.0423317+02:00" testType="13cdc9d9-ddb5-4fa4-a97d-d965ccfc6d4b" outcome="Passed" testListId="8c84fa94-04c1-424b-9868-57a2d4851a1d" relativeResultsDirectory="83d74e9f-657b-4f28-81a9-0c12905ba7c1" />
    <UnitTestResult executionId="fd8807d3-c796-4829-be7e-c9504574ff27" testId="4d61f67d-b755-960b-9ea8-514c65273076" testName="Ubytec.Tests.RecordReductionTests.ArbitraryStridesOffsetsAndUnalignedReadsKeepTheSameResult(stride: 32, offset: 8)" computerName="redacted" duration="00:00:00.0325554" startTime="2026-10-06T03:30:31.4352456+02:00" endTime="2026-10-06T03:30:31.4352457+02:00" testType="13cdc9d9-ddb5-4fa4-a97d-d965ccfc6d4b" outcome="Passed" testListId="8c84fa94-04c1-424b-9868-57a2d4851a1d" relativeResultsDirectory="fd8807d3-c796-4829-be7e-c9504574ff27" />
    <UnitTestResult executionId="eb1021b4-2cb8-49b6-88d7-6ebdf32f0713" testId="97db4bdc-4e7f-864e-4023-1d5f763c19fe" testName="Ubytec.Tests.RecordReductionTests.LargestSupportedConstantsAreNotSignExtended" computerName="redacted" duration="00:00:00.0529929" startTime="2026-10-06T03:30:32.1822167+02:00" endTime="2026-10-06T03:30:32.1822168+02:00" testType="13cdc9d9-ddb5-4fa4-a97d-d965ccfc6d4b" outcome="Passed" testListId="8c84fa94-04c1-424b-9868-57a2d4851a1d" relativeResultsDirectory="eb1021b4-2cb8-49b6-88d7-6ebdf32f0713" />
    <UnitTestResult executionId="5a39d137-4263-484f-bef6-5e3c05c1cad2" testId="5173608e-c460-2b62-b9ad-4fa7f9dc4319" testName="Ubytec.Tests.RecordReductionTests.InputsMayAliasLocalsResidualCellsAndUnalignedIntervals(profile: 1)" computerName="redacted" duration="00:00:01.2053141" startTime="2026-10-06T03:30:25.0079702+02:00" endTime="2026-10-06T03:30:25.0079703+02:00" testType="13cdc9d9-ddb5-4fa4-a97d-d965ccfc6d4b" outcome="Passed" testListId="8c84fa94-04c1-424b-9868-57a2d4851a1d" relativeResultsDirectory="5a39d137-4263-484f-bef6-5e3c05c1cad2" />
    <UnitTestResult executionId="2a175cd7-4ec6-45a4-b55b-ab78cb06f2af" testId="84cc2203-a58d-677b-80cb-b288741e5920" testName="Ubytec.Tests.RecordReductionTests.SuccessfulReadPreservesSeedWrapInitialIndexAndAllResidualCells(profile: 5)" computerName="redacted" duration="00:00:00.0564806" startTime="2026-10-06T03:30:22.6453469+02:00" endTime="2026-10-06T03:30:22.6453471+02:00" testType="13cdc9d9-ddb5-4fa4-a97d-d965ccfc6d4b" outcome="Passed" testListId="8c84fa94-04c1-424b-9868-57a2d4851a1d" relativeResultsDirectory="2a175cd7-4ec6-45a4-b55b-ab78cb06f2af" />
    <UnitTestResult executionId="05ed1221-a9d7-4a60-aebd-99d202e3fc55" testId="afcbd014-6d4b-774a-bf0d-6a5fcd181d89" testName="Ubytec.Tests.RecordReductionTests.ArbitraryStridesOffsetsAndUnalignedReadsKeepTheSameResult(stride: 8, offset: 0)" computerName="redacted" duration="00:00:00.0365368" startTime="2026-10-06T03:30:31.5066885+02:00" endTime="2026-10-06T03:30:31.5066886+02:00" testType="13cdc9d9-ddb5-4fa4-a97d-d965ccfc6d4b" outcome="Passed" testListId="8c84fa94-04c1-424b-9868-57a2d4851a1d" relativeResultsDirectory="05ed1221-a9d7-4a60-aebd-99d202e3fc55" />
    <UnitTestResult executionId="17d9dccf-0076-4115-9435-ebb7c6030fdf" testId="26c8d031-29f4-db63-6014-4b5a8071c4c1" testName="Ubytec.Tests.RecordReductionTests.SuccessfulReadPreservesSeedWrapInitialIndexAndAllResidualCells(profile: 4)" computerName="redacted" duration="00:00:00.0589515" startTime="2026-10-06T03:30:22.4197248+02:00" endTime="2026-10-06T03:30:22.4197249+02:00" testType="13cdc9d9-ddb5-4fa4-a97d-d965ccfc6d4b" outcome="Passed" testListId="8c84fa94-04c1-424b-9868-57a2d4851a1d" relativeResultsDirectory="17d9dccf-0076-4115-9435-ebb7c6030fdf" />
    <UnitTestResult executionId="19d9be0c-7bc1-4068-8022-724251524383" testId="3571b010-e4ab-cf98-ea31-d33b4d06e3d8" testName="Ubytec.Tests.RecordReductionTests.NamesAndArgumentLocalOrderDoNotDetermineRecognition(profile: 2)" computerName="redacted" duration="00:00:00.0288733" startTime="2026-10-06T03:30:31.6553979+02:00" endTime="2026-10-06T03:30:31.6553980+02:00" testType="13cdc9d9-ddb5-4fa4-a97d-d965ccfc6d4b" outcome="Passed" testListId="8c84fa94-04c1-424b-9868-57a2d4851a1d" relativeResultsDirectory="19d9be0c-7bc1-4068-8022-724251524383" />
    <UnitTestResult executionId="5a30c90f-c04e-4c54-adf7-809973c8a682" testId="8bb157b5-4426-a30b-889b-560b51895ac2" testName="Ubytec.Tests.RecordReductionTests.SuccessfulReadPreservesSeedWrapInitialIndexAndAllResidualCells(profile: 7)" computerName="redacted" duration="00:00:00.0665226" startTime="2026-10-06T03:30:22.3606050+02:00" endTime="2026-10-06T03:30:22.3606051+02:00" testType="13cdc9d9-ddb5-4fa4-a97d-d965ccfc6d4b" outcome="Passed" testListId="8c84fa94-04c1-424b-9868-57a2d4851a1d" relativeResultsDirectory="5a30c90f-c04e-4c54-adf7-809973c8a682" />
    <UnitTestResult executionId="e427cc53-6c0c-4b07-84d5-848153665e5d" testId="f4386f37-dc65-11bd-8130-2285f28c367b" testName="Ubytec.Tests.RecordReductionTests.NamesAndArgumentLocalOrderDoNotDetermineRecognition(profile: 7)" computerName="redacted" duration="00:00:00.0444880" startTime="2026-10-06T03:30:32.0579297+02:00" endTime="2026-10-06T03:30:32.0579299+02:00" testType="13cdc9d9-ddb5-4fa4-a97d-d965ccfc6d4b" outcome="Passed" testListId="8c84fa94-04c1-424b-9868-57a2d4851a1d" relativeResultsDirectory="e427cc53-6c0c-4b07-84d5-848153665e5d" />
    <UnitTestResult executionId="3c9b62fc-fcf5-45cb-9d7a-3403e88c8b97" testId="827adab3-6aa6-b85c-cb22-f431d5b48e06" testName="Ubytec.Tests.RecordReductionTests.InputsMayAliasLocalsResidualCellsAndUnalignedIntervals(profile: 6)" computerName="redacted" duration="00:00:00.7509247" startTime="2026-10-06T03:30:30.9765081+02:00" endTime="2026-10-06T03:30:30.9765083+02:00" testType="13cdc9d9-ddb5-4fa4-a97d-d965ccfc6d4b" outcome="Passed" testListId="8c84fa94-04c1-424b-9868-57a2d4851a1d" relativeResultsDirectory="3c9b62fc-fcf5-45cb-9d7a-3403e88c8b97" />
    <UnitTestResult executionId="da4e717a-c6c4-4786-ad7d-f310371fc890" testId="f67e72eb-ceb1-8e9f-ebeb-76a748a97ca9" testName="Ubytec.Tests.RecordReductionTests.DifferentWidthsEffectsConditionsAndUnsupportedConstantsUseReference(before: &quot;push 24\nmul&quot;, after: &quot;push 0\nmul&quot;)" computerName="redacted" duration="00:00:00.0304549" startTime="2026-10-06T03:30:31.4025386+02:00" endTime="2026-10-06T03:30:31.4025389+02:00" testType="13cdc9d9-ddb5-4fa4-a97d-d965ccfc6d4b" outcome="Passed" testListId="8c84fa94-04c1-424b-9868-57a2d4851a1d" relativeResultsDirectory="da4e717a-c6c4-4786-ad7d-f310371fc890" />
    <UnitTestResult executionId="b656e1a5-1900-4fbb-b8ba-b9501001a2cd" testId="4b8f623e-eb77-8a71-7f25-ec7331eee762" testName="Ubytec.Tests.RecordReductionTests.ValidationAndDefaultBehaviorRemainUnchanged" computerName="redacted" duration="00:00:00.1756537" startTime="2026-10-06T03:30:32.3580931+02:00" endTime="2026-10-06T03:30:32.3580932+02:00" testType="13cdc9d9-ddb5-4fa4-a97d-d965ccfc6d4b" outcome="Passed" testListId="8c84fa94-04c1-424b-9868-57a2d4851a1d" relativeResultsDirectory="b656e1a5-1900-4fbb-b8ba-b9501001a2cd" />
    <UnitTestResult executionId="51e922c0-4f85-42e3-b4a3-bbc27332f58c" testId="8fd07d18-fd72-c974-600d-e014c183483a" testName="Ubytec.Tests.RecordReductionTests.NamesAndArgumentLocalOrderDoNotDetermineRecognition(profile: 1)" computerName="redacted" duration="00:00:00.0322470" startTime="2026-10-06T03:30:31.7511846+02:00" endTime="2026-10-06T03:30:31.7511850+02:00" testType="13cdc9d9-ddb5-4fa4-a97d-d965ccfc6d4b" outcome="Passed" testListId="8c84fa94-04c1-424b-9868-57a2d4851a1d" relativeResultsDirectory="51e922c0-4f85-42e3-b4a3-bbc27332f58c" />
    <UnitTestResult executionId="35b0f810-ff82-447f-8ed4-3e2cea1ee34f" testId="8229ed12-3df2-0049-40f5-44b58a3f63e5" testName="Ubytec.Tests.RecordReductionTests.DifferentWidthsEffectsConditionsAndUnsupportedConstantsUseReference(before: &quot;load @total\nreturn&quot;, after: &quot;load @total\npush 1\nadd\nreturn&quot;)" computerName="redacted" duration="00:00:00.0275871" startTime="2026-10-06T03:30:31.2595469+02:00" endTime="2026-10-06T03:30:31.2595470+02:00" testType="13cdc9d9-ddb5-4fa4-a97d-d965ccfc6d4b" outcome="Passed" testListId="8c84fa94-04c1-424b-9868-57a2d4851a1d" relativeResultsDirectory="35b0f810-ff82-447f-8ed4-3e2cea1ee34f" />
    <UnitTestResult executionId="7aa08a56-3191-4424-8ccf-9b28abaf4d35" testId="4d29d842-b950-edd4-2746-cf6b596e2195" testName="Ubytec.Tests.RecordReductionTests.WrappingIndexProductAndPointerUseIntegerCellArithmetic" computerName="redacted" duration="00:00:00.0559068" startTime="2026-10-06T03:30:22.7020567+02:00" endTime="2026-10-06T03:30:22.7020569+02:00" testType="13cdc9d9-ddb5-4fa4-a97d-d965ccfc6d4b" outcome="Passed" testListId="8c84fa94-04c1-424b-9868-57a2d4851a1d" relativeResultsDirectory="7aa08a56-3191-4424-8ccf-9b28abaf4d35" />
    <UnitTestResult executionId="42e84700-f8d3-48ab-aa94-9b1a94d750d6" testId="e323ef78-6919-0fa0-2845-fc11d046f0a3" testName="Ubytec.Tests.RecordReductionTests.NamesAndArgumentLocalOrderDoNotDetermineRecognition(profile: 0)" computerName="redacted" duration="00:00:00.0367122" startTime="2026-10-06T03:30:32.1290364+02:00" endTime="2026-10-06T03:30:32.1290365+02:00" testType="13cdc9d9-ddb5-4fa4-a97d-d965ccfc6d4b" outcome="Passed" testListId="8c84fa94-04c1-424b-9868-57a2d4851a1d" relativeResultsDirectory="42e84700-f8d3-48ab-aa94-9b1a94d750d6" />
    <UnitTestResult executionId="46d9e5c8-71fc-4bc8-af21-f70a36af5c28" testId="7f347268-6daa-1533-2146-769a966f6781" testName="Ubytec.Tests.RecordReductionTests.SuccessfulReadPreservesSeedWrapInitialIndexAndAllResidualCells(profile: 3)" computerName="redacted" duration="00:00:00.0532883" startTime="2026-10-06T03:30:22.5229801+02:00" endTime="2026-10-06T03:30:22.5229802+02:00" testType="13cdc9d9-ddb5-4fa4-a97d-d965ccfc6d4b" outcome="Passed" testListId="8c84fa94-04c1-424b-9868-57a2d4851a1d" relativeResultsDirectory="46d9e5c8-71fc-4bc8-af21-f70a36af5c28" />
    <UnitTestResult executionId="7a9342e2-8c13-4061-9f06-1b9d05c09bdd" testId="891a5054-7f30-fb66-b754-de1a9f866871" testName="Ubytec.Tests.RecordReductionTests.DifferentWidthsEffectsConditionsAndUnsupportedConstantsUseReference(before: &quot;t_uint64 cursor 0&quot;, after: &quot;t_uint32 cursor 0&quot;)" computerName="redacted" duration="00:00:00.0279636" startTime="2026-10-06T03:30:31.3410675+02:00" endTime="2026-10-06T03:30:31.3410676+02:00" testType="13cdc9d9-ddb5-4fa4-a97d-d965ccfc6d4b" outcome="Passed" testListId="8c84fa94-04c1-424b-9868-57a2d4851a1d" relativeResultsDirectory="7a9342e2-8c13-4061-9f06-1b9d05c09bdd" />
    <UnitTestResult executionId="ba7faae7-7eed-4164-b4cc-7ebd5efeeb75" testId="bdb98d55-aca6-a348-fdf0-f0ee5e33a4a9" testName="Ubytec.Tests.RecordReductionTests.DifferentWidthsEffectsConditionsAndUnsupportedConstantsUseReference(before: &quot;push 24\nmul&quot;, after: &quot;push -1\nmul&quot;)" computerName="redacted" duration="00:00:00.0284999" startTime="2026-10-06T03:30:31.3696961+02:00" endTime="2026-10-06T03:30:31.3696963+02:00" testType="13cdc9d9-ddb5-4fa4-a97d-d965ccfc6d4b" outcome="Passed" testListId="8c84fa94-04c1-424b-9868-57a2d4851a1d" relativeResultsDirectory="ba7faae7-7eed-4164-b4cc-7ebd5efeeb75" />
    <UnitTestResult executionId="4835c920-7ce7-4a1e-93d1-3c5470a7b097" testId="85ab4039-8dbf-4178-91fe-907303a2454e" testName="Ubytec.Tests.RecordReductionTests.InputsMayAliasLocalsResidualCellsAndUnalignedIntervals(profile: 0)" computerName="redacted" duration="00:00:01.1000606" startTime="2026-10-06T03:30:23.8022828+02:00" endTime="2026-10-06T03:30:23.8022830+02:00" testType="13cdc9d9-ddb5-4fa4-a97d-d965ccfc6d4b" outcome="Passed" testListId="8c84fa94-04c1-424b-9868-57a2d4851a1d" relativeResultsDirectory="4835c920-7ce7-4a1e-93d1-3c5470a7b097" />
    <UnitTestResult executionId="6eb1bdfa-7e19-43ae-9059-a6c8668cf422" testId="a27329f0-0d78-2986-7e36-957db8d52e09" testName="Ubytec.Tests.RecordReductionTests.SuccessfulReadPreservesSeedWrapInitialIndexAndAllResidualCells(profile: 1)" computerName="redacted" duration="00:00:00.0496568" startTime="2026-10-06T03:30:22.4695353+02:00" endTime="2026-10-06T03:30:22.4695354+02:00" testType="13cdc9d9-ddb5-4fa4-a97d-d965ccfc6d4b" outcome="Passed" testListId="8c84fa94-04c1-424b-9868-57a2d4851a1d" relativeResultsDirectory="6eb1bdfa-7e19-43ae-9059-a6c8668cf422" />
    <UnitTestResult executionId="d88bdc65-05fd-45b4-8a47-025b8a2407f8" testId="c8f5ce04-5284-36ff-6647-17898107063d" testName="Ubytec.Tests.RecordReductionTests.SuccessfulReadPreservesSeedWrapInitialIndexAndAllResidualCells(profile: 6)" computerName="redacted" duration="00:00:00.0654700" startTime="2026-10-06T03:30:22.5886999+02:00" endTime="2026-10-06T03:30:22.5887001+02:00" testType="13cdc9d9-ddb5-4fa4-a97d-d965ccfc6d4b" outcome="Passed" testListId="8c84fa94-04c1-424b-9868-57a2d4851a1d" relativeResultsDirectory="d88bdc65-05fd-45b4-8a47-025b8a2407f8" />
    <UnitTestResult executionId="23b57303-59df-4a80-b623-d79f691cc88e" testId="6f4d6c6c-a423-eb05-6fdf-23f1c1c947b9" testName="Ubytec.Tests.RecordReductionTests.InputsMayAliasLocalsResidualCellsAndUnalignedIntervals(profile: 3)" computerName="redacted" duration="00:00:01.0768651" startTime="2026-10-06T03:30:30.2254289+02:00" endTime="2026-10-06T03:30:30.2254292+02:00" testType="13cdc9d9-ddb5-4fa4-a97d-d965ccfc6d4b" outcome="Passed" testListId="8c84fa94-04c1-424b-9868-57a2d4851a1d" relativeResultsDirectory="23b57303-59df-4a80-b623-d79f691cc88e" />
    <UnitTestResult executionId="5cee78c3-d327-4f67-a57b-e7e3552904a2" testId="addd160b-2776-7ddc-5239-0f032ce21812" testName="Ubytec.Tests.RecordReductionTests.EmptyLoopLeavesEveryDeeperCellIntactAndDoesNotReadItsPointer(profile: 3)" computerName="redacted" duration="00:00:00.0327337" startTime="2026-10-06T03:30:31.1361153+02:00" endTime="2026-10-06T03:30:31.1361155+02:00" testType="13cdc9d9-ddb5-4fa4-a97d-d965ccfc6d4b" outcome="Passed" testListId="8c84fa94-04c1-424b-9868-57a2d4851a1d" relativeResultsDirectory="5cee78c3-d327-4f67-a57b-e7e3552904a2" />
    <UnitTestResult executionId="061ea4f3-e973-41d7-b901-598363707d80" testId="aa05bc76-826f-22ef-0a8f-8dce26ac0ee8" testName="Ubytec.Tests.RecordReductionTests.EmptyLoopLeavesEveryDeeperCellIntactAndDoesNotReadItsPointer(profile: 6)" computerName="redacted" duration="00:00:00.0292763" startTime="2026-10-06T03:30:31.1912796+02:00" endTime="2026-10-06T03:30:31.1912797+02:00" testType="13cdc9d9-ddb5-4fa4-a97d-d965ccfc6d4b" outcome="Passed" testListId="8c84fa94-04c1-424b-9868-57a2d4851a1d" relativeResultsDirectory="061ea4f3-e973-41d7-b901-598363707d80" />
    <UnitTestResult executionId="60f10d25-81ab-4a02-ba11-fd4e3a49d526" testId="acc30859-3677-a7fb-9cbf-a6a9ccf179b8" testName="Ubytec.Tests.RecordReductionTests.DifferentWidthsEffectsConditionsAndUnsupportedConstantsUseReference(before: &quot;load t_uint64\nadd&quot;, after: &quot;load t_uint32\nadd&quot;)" computerName="redacted" duration="00:00:00.0235469" startTime="2026-10-06T03:30:31.3129548+02:00" endTime="2026-10-06T03:30:31.3129551+02:00" testType="13cdc9d9-ddb5-4fa4-a97d-d965ccfc6d4b" outcome="Passed" testListId="8c84fa94-04c1-424b-9868-57a2d4851a1d" relativeResultsDirectory="60f10d25-81ab-4a02-ba11-fd4e3a49d526" />
    <UnitTestResult executionId="545eb06e-d355-43be-91cf-c0f79ee63d39" testId="fd7808ac-ce12-c127-fffb-02e400b92ede" testName="Ubytec.Tests.RecordReductionTests.DifferentWidthsEffectsConditionsAndUnsupportedConstantsUseReference(before: &quot;while @cursor &lt; @size&quot;, after: &quot;while @cursor &lt;= @size&quot;)" computerName="redacted" duration="00:00:00.0295105" startTime="2026-10-06T03:30:31.2891932+02:00" endTime="2026-10-06T03:30:31.2891934+02:00" testType="13cdc9d9-ddb5-4fa4-a97d-d965ccfc6d4b" outcome="Passed" testListId="8c84fa94-04c1-424b-9868-57a2d4851a1d" relativeResultsDirectory="545eb06e-d355-43be-91cf-c0f79ee63d39" />
    <UnitTestResult executionId="d3556d09-1df1-4977-bf2b-a27e198a0835" testId="73be9329-55da-38dd-5664-610a82d8ec6d" testName="Ubytec.Tests.RecordReductionTests.NamesAndArgumentLocalOrderDoNotDetermineRecognition(profile: 5)" computerName="redacted" duration="00:00:00.2619933" startTime="2026-10-06T03:30:32.0135147+02:00" endTime="2026-10-06T03:30:32.0135150+02:00" testType="13cdc9d9-ddb5-4fa4-a97d-d965ccfc6d4b" outcome="Passed" testListId="8c84fa94-04c1-424b-9868-57a2d4851a1d" relativeResultsDirectory="d3556d09-1df1-4977-bf2b-a27e198a0835" />
    <UnitTestResult executionId="ece5dcb2-65a5-49b9-8fad-7629d288b7bb" testId="3b33324a-f857-8af9-ebbe-6d42de0c1fdd" testName="Ubytec.Tests.RecordReductionTests.EmptyLoopLeavesEveryDeeperCellIntactAndDoesNotReadItsPointer(profile: 5)" computerName="redacted" duration="00:00:00.0404114" startTime="2026-10-06T03:30:31.2318123+02:00" endTime="2026-10-06T03:30:31.2318125+02:00" testType="13cdc9d9-ddb5-4fa4-a97d-d965ccfc6d4b" outcome="Passed" testListId="8c84fa94-04c1-424b-9868-57a2d4851a1d" relativeResultsDirectory="ece5dcb2-65a5-49b9-8fad-7629d288b7bb" />
    <UnitTestResult executionId="efefecb2-831a-40a7-b960-169d500ffc35" testId="4dfeda88-08c4-3f31-eedf-08c41d91ddfb" testName="Ubytec.Tests.RecordReductionTests.NamesAndArgumentLocalOrderDoNotDetermineRecognition(profile: 6)" computerName="redacted" duration="00:00:00.0326735" startTime="2026-10-06T03:30:31.6882290+02:00" endTime="2026-10-06T03:30:31.6882293+02:00" testType="13cdc9d9-ddb5-4fa4-a97d-d965ccfc6d4b" outcome="Passed" testListId="8c84fa94-04c1-424b-9868-57a2d4851a1d" relativeResultsDirectory="efefecb2-831a-40a7-b960-169d500ffc35" />
    <UnitTestResult executionId="e33c9672-4a94-4fb1-8ec1-f2975e476d88" testId="fb6c02f3-416b-57b1-0dea-88049ab0a251" testName="Ubytec.Tests.RecordReductionTests.EmptyLoopLeavesEveryDeeperCellIntactAndDoesNotReadItsPointer(profile: 2)" computerName="redacted" duration="00:00:00.0255805" startTime="2026-10-06T03:30:31.1618411+02:00" endTime="2026-10-06T03:30:31.1618412+02:00" testType="13cdc9d9-ddb5-4fa4-a97d-d965ccfc6d4b" outcome="Passed" testListId="8c84fa94-04c1-424b-9868-57a2d4851a1d" relativeResultsDirectory="e33c9672-4a94-4fb1-8ec1-f2975e476d88" />
    <UnitTestResult executionId="66060695-48a8-406e-9ca1-1431b66022d9" testId="6c1e5d45-655f-a181-6951-6f8a1ea3d1d5" testName="Ubytec.Tests.RecordReductionTests.EmptyLoopLeavesEveryDeeperCellIntactAndDoesNotReadItsPointer(profile: 1)" computerName="redacted" duration="00:00:00.0290813" startTime="2026-10-06T03:30:31.1031972+02:00" endTime="2026-10-06T03:30:31.1031974+02:00" testType="13cdc9d9-ddb5-4fa4-a97d-d965ccfc6d4b" outcome="Passed" testListId="8c84fa94-04c1-424b-9868-57a2d4851a1d" relativeResultsDirectory="66060695-48a8-406e-9ca1-1431b66022d9" />
    <UnitTestResult executionId="2a4d1ad0-a48d-4f66-895a-933e07ba02f8" testId="41924de0-9f93-669a-4fe9-fc5fa497ddcc" testName="Ubytec.Tests.RecordReductionTests.SuccessfulReadPreservesSeedWrapInitialIndexAndAllResidualCells(profile: 2)" computerName="redacted" duration="00:00:01.0064242" startTime="2026-10-06T03:30:22.2364599+02:00" endTime="2026-10-06T03:30:22.2364976+02:00" testType="13cdc9d9-ddb5-4fa4-a97d-d965ccfc6d4b" outcome="Passed" testListId="8c84fa94-04c1-424b-9868-57a2d4851a1d" relativeResultsDirectory="2a4d1ad0-a48d-4f66-895a-933e07ba02f8" />
    <UnitTestResult executionId="2a1d34e2-6205-4085-8a7c-002b1d2c5f2a" testId="3a4ddbeb-9e89-a2f9-88be-744c991f1433" testName="Ubytec.Tests.RecordReductionTests.EmptyLoopLeavesEveryDeeperCellIntactAndDoesNotReadItsPointer(profile: 0)" computerName="redacted" duration="00:00:00.0314865" startTime="2026-10-06T03:30:31.0739413+02:00" endTime="2026-10-06T03:30:31.0739414+02:00" testType="13cdc9d9-ddb5-4fa4-a97d-d965ccfc6d4b" outcome="Passed" testListId="8c84fa94-04c1-424b-9868-57a2d4851a1d" relativeResultsDirectory="2a1d34e2-6205-4085-8a7c-002b1d2c5f2a" />
    <UnitTestResult executionId="46490288-235f-4f21-a0e4-30efa235d51a" testId="2573b7ae-6daf-42a0-9479-1a99f907f954" testName="Ubytec.Tests.RecordReductionTests.SuccessfulReadPreservesSeedWrapInitialIndexAndAllResidualCells(profile: 0)" computerName="redacted" duration="00:00:00.0579012" startTime="2026-10-06T03:30:22.2940571+02:00" endTime="2026-10-06T03:30:22.2940574+02:00" testType="13cdc9d9-ddb5-4fa4-a97d-d965ccfc6d4b" outcome="Passed" testListId="8c84fa94-04c1-424b-9868-57a2d4851a1d" relativeResultsDirectory="46490288-235f-4f21-a0e4-30efa235d51a" />
    <UnitTestResult executionId="30b0a8dd-db31-4303-bfd2-4ab7dc5230c7" testId="c4745cf8-146e-8a8b-8a30-fc40121c9e87" testName="Ubytec.Tests.RecordReductionTests.NamesAndArgumentLocalOrderDoNotDetermineRecognition(profile: 3)" computerName="redacted" duration="00:00:00.0340381" startTime="2026-10-06T03:30:32.0921997+02:00" endTime="2026-10-06T03:30:32.0921999+02:00" testType="13cdc9d9-ddb5-4fa4-a97d-d965ccfc6d4b" outcome="Passed" testListId="8c84fa94-04c1-424b-9868-57a2d4851a1d" relativeResultsDirectory="30b0a8dd-db31-4303-bfd2-4ab7dc5230c7" />
    <UnitTestResult executionId="3ff27b70-69ba-48a6-8488-f070c54e3b8c" testId="cef03673-3bac-8987-290c-02297f51fb73" testName="Ubytec.Tests.RecordReductionTests.ArbitraryStridesOffsetsAndUnalignedReadsKeepTheSameResult(stride: 7, offset: 3)" computerName="redacted" duration="00:00:00.0346054" startTime="2026-10-06T03:30:31.4699811+02:00" endTime="2026-10-06T03:30:31.4699813+02:00" testType="13cdc9d9-ddb5-4fa4-a97d-d965ccfc6d4b" outcome="Passed" testListId="8c84fa94-04c1-424b-9868-57a2d4851a1d" relativeResultsDirectory="3ff27b70-69ba-48a6-8488-f070c54e3b8c" />
    <UnitTestResult executionId="bb438bea-d9de-4313-b176-bdc780bffd84" testId="c72181fc-7b8f-8578-ed3f-638c56c5c2f7" testName="Ubytec.Tests.RecordReductionTests.InputsMayAliasLocalsResidualCellsAndUnalignedIntervals(profile: 2)" computerName="redacted" duration="00:00:01.2408643" startTime="2026-10-06T03:30:27.3178865+02:00" endTime="2026-10-06T03:30:27.3178867+02:00" testType="13cdc9d9-ddb5-4fa4-a97d-d965ccfc6d4b" outcome="Passed" testListId="8c84fa94-04c1-424b-9868-57a2d4851a1d" relativeResultsDirectory="bb438bea-d9de-4313-b176-bdc780bffd84" />
    <UnitTestResult executionId="f78f843e-0cc9-4348-975d-b05ab87eb84d" testId="447b6924-3115-e28f-ed74-7d0c98934127" testName="Ubytec.Tests.RecordReductionTests.ArbitraryStridesOffsetsAndUnalignedReadsKeepTheSameResult(stride: 24, offset: 16)" computerName="redacted" duration="00:00:00.0364692" startTime="2026-10-06T03:30:31.6263824+02:00" endTime="2026-10-06T03:30:31.6263825+02:00" testType="13cdc9d9-ddb5-4fa4-a97d-d965ccfc6d4b" outcome="Passed" testListId="8c84fa94-04c1-424b-9868-57a2d4851a1d" relativeResultsDirectory="f78f843e-0cc9-4348-975d-b05ab87eb84d" />
    <UnitTestResult executionId="f1303e3f-0555-4e81-bbbf-737f7874f6ca" testId="6b480dbb-fb4e-95ae-cba6-a5f8c2084638" testName="Ubytec.Tests.RecordReductionTests.EmptyLoopLeavesEveryDeeperCellIntactAndDoesNotReadItsPointer(profile: 4)" computerName="redacted" duration="00:00:00.0261349" startTime="2026-10-06T03:30:31.0028584+02:00" endTime="2026-10-06T03:30:31.0028585+02:00" testType="13cdc9d9-ddb5-4fa4-a97d-d965ccfc6d4b" outcome="Passed" testListId="8c84fa94-04c1-424b-9868-57a2d4851a1d" relativeResultsDirectory="f1303e3f-0555-4e81-bbbf-737f7874f6ca" />
    <UnitTestResult executionId="1770c1f5-0823-4f5b-9537-5b5182950466" testId="7f69bfee-7293-64c7-ad3b-830f335a7bf8" testName="Ubytec.Tests.RecordReductionTests.InputsMayAliasLocalsResidualCellsAndUnalignedIntervals(profile: 5)" computerName="redacted" duration="00:00:00.9167220" startTime="2026-10-06T03:30:29.1482955+02:00" endTime="2026-10-06T03:30:29.1482956+02:00" testType="13cdc9d9-ddb5-4fa4-a97d-d965ccfc6d4b" outcome="Passed" testListId="8c84fa94-04c1-424b-9868-57a2d4851a1d" relativeResultsDirectory="1770c1f5-0823-4f5b-9537-5b5182950466" />
    <UnitTestResult executionId="5e77fa63-4dc7-4244-9b94-475440a583f3" testId="2ba6d889-63b9-553d-8e13-ad457a202e09" testName="Ubytec.Tests.RecordReductionTests.ArbitraryStridesOffsetsAndUnalignedReadsKeepTheSameResult(stride: 1, offset: 0)" computerName="redacted" duration="00:00:00.0412145" startTime="2026-10-06T03:30:31.5480312+02:00" endTime="2026-10-06T03:30:31.5480314+02:00" testType="13cdc9d9-ddb5-4fa4-a97d-d965ccfc6d4b" outcome="Passed" testListId="8c84fa94-04c1-424b-9868-57a2d4851a1d" relativeResultsDirectory="5e77fa63-4dc7-4244-9b94-475440a583f3" />
    <UnitTestResult executionId="4a0d4a42-257e-4b7e-9767-0d84c51cf2f8" testId="d317e222-0196-5afc-ff4e-86d8612cac0e" testName="Ubytec.Tests.RecordReductionTests.NamesAndArgumentLocalOrderDoNotDetermineRecognition(profile: 4)" computerName="redacted" duration="00:00:00.0303799" startTime="2026-10-06T03:30:31.7187763+02:00" endTime="2026-10-06T03:30:31.7187766+02:00" testType="13cdc9d9-ddb5-4fa4-a97d-d965ccfc6d4b" outcome="Passed" testListId="8c84fa94-04c1-424b-9868-57a2d4851a1d" relativeResultsDirectory="4a0d4a42-257e-4b7e-9767-0d84c51cf2f8" />
    <UnitTestResult executionId="f886a9c6-ad6f-4f25-b02c-3dfd0ae43a03" testId="ecf865b5-1588-0dde-0e47-00e676a4f65a" testName="Ubytec.Tests.RecordReductionTests.ArbitraryStridesOffsetsAndUnalignedReadsKeepTheSameResult(stride: 40, offset: 39)" computerName="redacted" duration="00:00:00.0415865" startTime="2026-10-06T03:30:31.5898244+02:00" endTime="2026-10-06T03:30:31.5898248+02:00" testType="13cdc9d9-ddb5-4fa4-a97d-d965ccfc6d4b" outcome="Passed" testListId="8c84fa94-04c1-424b-9868-57a2d4851a1d" relativeResultsDirectory="f886a9c6-ad6f-4f25-b02c-3dfd0ae43a03" />
  </Results>
  <TestDefinitions>
    <UnitTest name="Ubytec.Tests.RecordReductionTests.InputsMayAliasLocalsResidualCellsAndUnalignedIntervals(profile: 6)" storage="REDACTED_LOCAL_ROOT/ubytec.tests/bin/release/net10.0/ubytec.tests.dll" id="827adab3-6aa6-b85c-cb22-f431d5b48e06">
      <Execution id="3c9b62fc-fcf5-45cb-9d7a-3403e88c8b97" />
      <TestMethod codeBase="REDACTED_LOCAL_ROOT/Ubytec.Tests/bin/Release/net10.0/Ubytec.Tests.dll" adapterTypeName="executor://xunit/VsTestRunner2/netcoreapp" className="Ubytec.Tests.RecordReductionTests" name="InputsMayAliasLocalsResidualCellsAndUnalignedIntervals" />
    </UnitTest>
    <UnitTest name="Ubytec.Tests.RecordReductionTests.EmptyLoopLeavesEveryDeeperCellIntactAndDoesNotReadItsPointer(profile: 4)" storage="REDACTED_LOCAL_ROOT/ubytec.tests/bin/release/net10.0/ubytec.tests.dll" id="6b480dbb-fb4e-95ae-cba6-a5f8c2084638">
      <Execution id="f1303e3f-0555-4e81-bbbf-737f7874f6ca" />
      <TestMethod codeBase="REDACTED_LOCAL_ROOT/Ubytec.Tests/bin/Release/net10.0/Ubytec.Tests.dll" adapterTypeName="executor://xunit/VsTestRunner2/netcoreapp" className="Ubytec.Tests.RecordReductionTests" name="EmptyLoopLeavesEveryDeeperCellIntactAndDoesNotReadItsPointer" />
    </UnitTest>
    <UnitTest name="Ubytec.Tests.RecordReductionTests.EmptyLoopLeavesEveryDeeperCellIntactAndDoesNotReadItsPointer(profile: 0)" storage="REDACTED_LOCAL_ROOT/ubytec.tests/bin/release/net10.0/ubytec.tests.dll" id="3a4ddbeb-9e89-a2f9-88be-744c991f1433">
      <Execution id="2a1d34e2-6205-4085-8a7c-002b1d2c5f2a" />
      <TestMethod codeBase="REDACTED_LOCAL_ROOT/Ubytec.Tests/bin/Release/net10.0/Ubytec.Tests.dll" adapterTypeName="executor://xunit/VsTestRunner2/netcoreapp" className="Ubytec.Tests.RecordReductionTests" name="EmptyLoopLeavesEveryDeeperCellIntactAndDoesNotReadItsPointer" />
    </UnitTest>
    <UnitTest name="Ubytec.Tests.RecordReductionTests.EmptyLoopLeavesEveryDeeperCellIntactAndDoesNotReadItsPointer(profile: 6)" storage="REDACTED_LOCAL_ROOT/ubytec.tests/bin/release/net10.0/ubytec.tests.dll" id="aa05bc76-826f-22ef-0a8f-8dce26ac0ee8">
      <Execution id="061ea4f3-e973-41d7-b901-598363707d80" />
      <TestMethod codeBase="REDACTED_LOCAL_ROOT/Ubytec.Tests/bin/Release/net10.0/Ubytec.Tests.dll" adapterTypeName="executor://xunit/VsTestRunner2/netcoreapp" className="Ubytec.Tests.RecordReductionTests" name="EmptyLoopLeavesEveryDeeperCellIntactAndDoesNotReadItsPointer" />
    </UnitTest>
    <UnitTest name="Ubytec.Tests.RecordReductionTests.ArbitraryStridesOffsetsAndUnalignedReadsKeepTheSameResult(stride: 32, offset: 8)" storage="REDACTED_LOCAL_ROOT/ubytec.tests/bin/release/net10.0/ubytec.tests.dll" id="4d61f67d-b755-960b-9ea8-514c65273076">
      <Execution id="fd8807d3-c796-4829-be7e-c9504574ff27" />
      <TestMethod codeBase="REDACTED_LOCAL_ROOT/Ubytec.Tests/bin/Release/net10.0/Ubytec.Tests.dll" adapterTypeName="executor://xunit/VsTestRunner2/netcoreapp" className="Ubytec.Tests.RecordReductionTests" name="ArbitraryStridesOffsetsAndUnalignedReadsKeepTheSameResult" />
    </UnitTest>
    <UnitTest name="Ubytec.Tests.RecordReductionTests.InputsMayAliasLocalsResidualCellsAndUnalignedIntervals(profile: 5)" storage="REDACTED_LOCAL_ROOT/ubytec.tests/bin/release/net10.0/ubytec.tests.dll" id="7f69bfee-7293-64c7-ad3b-830f335a7bf8">
      <Execution id="1770c1f5-0823-4f5b-9537-5b5182950466" />
      <TestMethod codeBase="REDACTED_LOCAL_ROOT/Ubytec.Tests/bin/Release/net10.0/Ubytec.Tests.dll" adapterTypeName="executor://xunit/VsTestRunner2/netcoreapp" className="Ubytec.Tests.RecordReductionTests" name="InputsMayAliasLocalsResidualCellsAndUnalignedIntervals" />
    </UnitTest>
    <UnitTest name="Ubytec.Tests.RecordReductionTests.DifferentWidthsEffectsConditionsAndUnsupportedConstantsUseReference(before: &quot;push 24\nmul&quot;, after: &quot;push -1\nmul&quot;)" storage="REDACTED_LOCAL_ROOT/ubytec.tests/bin/release/net10.0/ubytec.tests.dll" id="bdb98d55-aca6-a348-fdf0-f0ee5e33a4a9">
      <Execution id="ba7faae7-7eed-4164-b4cc-7ebd5efeeb75" />
      <TestMethod codeBase="REDACTED_LOCAL_ROOT/Ubytec.Tests/bin/Release/net10.0/Ubytec.Tests.dll" adapterTypeName="executor://xunit/VsTestRunner2/netcoreapp" className="Ubytec.Tests.RecordReductionTests" name="DifferentWidthsEffectsConditionsAndUnsupportedConstantsUseReference" />
    </UnitTest>
    <UnitTest name="Ubytec.Tests.RecordReductionTests.DifferentWidthsEffectsConditionsAndUnsupportedConstantsUseReference(before: &quot;while @cursor &lt; @size&quot;, after: &quot;while @cursor &lt;= @size&quot;)" storage="REDACTED_LOCAL_ROOT/ubytec.tests/bin/release/net10.0/ubytec.tests.dll" id="fd7808ac-ce12-c127-fffb-02e400b92ede">
      <Execution id="545eb06e-d355-43be-91cf-c0f79ee63d39" />
      <TestMethod codeBase="REDACTED_LOCAL_ROOT/Ubytec.Tests/bin/Release/net10.0/Ubytec.Tests.dll" adapterTypeName="executor://xunit/VsTestRunner2/netcoreapp" className="Ubytec.Tests.RecordReductionTests" name="DifferentWidthsEffectsConditionsAndUnsupportedConstantsUseReference" />
    </UnitTest>
    <UnitTest name="Ubytec.Tests.RecordReductionTests.NamesAndArgumentLocalOrderDoNotDetermineRecognition(profile: 6)" storage="REDACTED_LOCAL_ROOT/ubytec.tests/bin/release/net10.0/ubytec.tests.dll" id="4dfeda88-08c4-3f31-eedf-08c41d91ddfb">
      <Execution id="efefecb2-831a-40a7-b960-169d500ffc35" />
      <TestMethod codeBase="REDACTED_LOCAL_ROOT/Ubytec.Tests/bin/Release/net10.0/Ubytec.Tests.dll" adapterTypeName="executor://xunit/VsTestRunner2/netcoreapp" className="Ubytec.Tests.RecordReductionTests" name="NamesAndArgumentLocalOrderDoNotDetermineRecognition" />
    </UnitTest>
    <UnitTest name="Ubytec.Tests.RecordReductionTests.SuccessfulReadPreservesSeedWrapInitialIndexAndAllResidualCells(profile: 1)" storage="REDACTED_LOCAL_ROOT/ubytec.tests/bin/release/net10.0/ubytec.tests.dll" id="a27329f0-0d78-2986-7e36-957db8d52e09">
      <Execution id="6eb1bdfa-7e19-43ae-9059-a6c8668cf422" />
      <TestMethod codeBase="REDACTED_LOCAL_ROOT/Ubytec.Tests/bin/Release/net10.0/Ubytec.Tests.dll" adapterTypeName="executor://xunit/VsTestRunner2/netcoreapp" className="Ubytec.Tests.RecordReductionTests" name="SuccessfulReadPreservesSeedWrapInitialIndexAndAllResidualCells" />
    </UnitTest>
    <UnitTest name="Ubytec.Tests.RecordReductionTests.NamesAndArgumentLocalOrderDoNotDetermineRecognition(profile: 7)" storage="REDACTED_LOCAL_ROOT/ubytec.tests/bin/release/net10.0/ubytec.tests.dll" id="f4386f37-dc65-11bd-8130-2285f28c367b">
      <Execution id="e427cc53-6c0c-4b07-84d5-848153665e5d" />
      <TestMethod codeBase="REDACTED_LOCAL_ROOT/Ubytec.Tests/bin/Release/net10.0/Ubytec.Tests.dll" adapterTypeName="executor://xunit/VsTestRunner2/netcoreapp" className="Ubytec.Tests.RecordReductionTests" name="NamesAndArgumentLocalOrderDoNotDetermineRecognition" />
    </UnitTest>
    <UnitTest name="Ubytec.Tests.RecordReductionTests.NamesAndArgumentLocalOrderDoNotDetermineRecognition(profile: 3)" storage="REDACTED_LOCAL_ROOT/ubytec.tests/bin/release/net10.0/ubytec.tests.dll" id="c4745cf8-146e-8a8b-8a30-fc40121c9e87">
      <Execution id="30b0a8dd-db31-4303-bfd2-4ab7dc5230c7" />
      <TestMethod codeBase="REDACTED_LOCAL_ROOT/Ubytec.Tests/bin/Release/net10.0/Ubytec.Tests.dll" adapterTypeName="executor://xunit/VsTestRunner2/netcoreapp" className="Ubytec.Tests.RecordReductionTests" name="NamesAndArgumentLocalOrderDoNotDetermineRecognition" />
    </UnitTest>
    <UnitTest name="Ubytec.Tests.RecordReductionTests.WrappingIndexProductAndPointerUseIntegerCellArithmetic" storage="REDACTED_LOCAL_ROOT/ubytec.tests/bin/release/net10.0/ubytec.tests.dll" id="4d29d842-b950-edd4-2746-cf6b596e2195">
      <Execution id="7aa08a56-3191-4424-8ccf-9b28abaf4d35" />
      <TestMethod codeBase="REDACTED_LOCAL_ROOT/Ubytec.Tests/bin/Release/net10.0/Ubytec.Tests.dll" adapterTypeName="executor://xunit/VsTestRunner2/netcoreapp" className="Ubytec.Tests.RecordReductionTests" name="WrappingIndexProductAndPointerUseIntegerCellArithmetic" />
    </UnitTest>
    <UnitTest name="Ubytec.Tests.RecordReductionTests.ArbitraryStridesOffsetsAndUnalignedReadsKeepTheSameResult(stride: 7, offset: 3)" storage="REDACTED_LOCAL_ROOT/ubytec.tests/bin/release/net10.0/ubytec.tests.dll" id="cef03673-3bac-8987-290c-02297f51fb73">
      <Execution id="3ff27b70-69ba-48a6-8488-f070c54e3b8c" />
      <TestMethod codeBase="REDACTED_LOCAL_ROOT/Ubytec.Tests/bin/Release/net10.0/Ubytec.Tests.dll" adapterTypeName="executor://xunit/VsTestRunner2/netcoreapp" className="Ubytec.Tests.RecordReductionTests" name="ArbitraryStridesOffsetsAndUnalignedReadsKeepTheSameResult" />
    </UnitTest>
    <UnitTest name="Ubytec.Tests.RecordReductionTests.InputsMayAliasLocalsResidualCellsAndUnalignedIntervals(profile: 0)" storage="REDACTED_LOCAL_ROOT/ubytec.tests/bin/release/net10.0/ubytec.tests.dll" id="85ab4039-8dbf-4178-91fe-907303a2454e">
      <Execution id="4835c920-7ce7-4a1e-93d1-3c5470a7b097" />
      <TestMethod codeBase="REDACTED_LOCAL_ROOT/Ubytec.Tests/bin/Release/net10.0/Ubytec.Tests.dll" adapterTypeName="executor://xunit/VsTestRunner2/netcoreapp" className="Ubytec.Tests.RecordReductionTests" name="InputsMayAliasLocalsResidualCellsAndUnalignedIntervals" />
    </UnitTest>
    <UnitTest name="Ubytec.Tests.RecordReductionTests.ArbitraryStridesOffsetsAndUnalignedReadsKeepTheSameResult(stride: 40, offset: 39)" storage="REDACTED_LOCAL_ROOT/ubytec.tests/bin/release/net10.0/ubytec.tests.dll" id="ecf865b5-1588-0dde-0e47-00e676a4f65a">
      <Execution id="f886a9c6-ad6f-4f25-b02c-3dfd0ae43a03" />
      <TestMethod codeBase="REDACTED_LOCAL_ROOT/Ubytec.Tests/bin/Release/net10.0/Ubytec.Tests.dll" adapterTypeName="executor://xunit/VsTestRunner2/netcoreapp" className="Ubytec.Tests.RecordReductionTests" name="ArbitraryStridesOffsetsAndUnalignedReadsKeepTheSameResult" />
    </UnitTest>
    <UnitTest name="Ubytec.Tests.RecordReductionTests.SuccessfulReadPreservesSeedWrapInitialIndexAndAllResidualCells(profile: 4)" storage="REDACTED_LOCAL_ROOT/ubytec.tests/bin/release/net10.0/ubytec.tests.dll" id="26c8d031-29f4-db63-6014-4b5a8071c4c1">
      <Execution id="17d9dccf-0076-4115-9435-ebb7c6030fdf" />
      <TestMethod codeBase="REDACTED_LOCAL_ROOT/Ubytec.Tests/bin/Release/net10.0/Ubytec.Tests.dll" adapterTypeName="executor://xunit/VsTestRunner2/netcoreapp" className="Ubytec.Tests.RecordReductionTests" name="SuccessfulReadPreservesSeedWrapInitialIndexAndAllResidualCells" />
    </UnitTest>
    <UnitTest name="Ubytec.Tests.RecordReductionTests.SuccessfulReadPreservesSeedWrapInitialIndexAndAllResidualCells(profile: 0)" storage="REDACTED_LOCAL_ROOT/ubytec.tests/bin/release/net10.0/ubytec.tests.dll" id="2573b7ae-6daf-42a0-9479-1a99f907f954">
      <Execution id="46490288-235f-4f21-a0e4-30efa235d51a" />
      <TestMethod codeBase="REDACTED_LOCAL_ROOT/Ubytec.Tests/bin/Release/net10.0/Ubytec.Tests.dll" adapterTypeName="executor://xunit/VsTestRunner2/netcoreapp" className="Ubytec.Tests.RecordReductionTests" name="SuccessfulReadPreservesSeedWrapInitialIndexAndAllResidualCells" />
    </UnitTest>
    <UnitTest name="Ubytec.Tests.RecordReductionTests.ArbitraryStridesOffsetsAndUnalignedReadsKeepTheSameResult(stride: 1, offset: 0)" storage="REDACTED_LOCAL_ROOT/ubytec.tests/bin/release/net10.0/ubytec.tests.dll" id="2ba6d889-63b9-553d-8e13-ad457a202e09">
      <Execution id="5e77fa63-4dc7-4244-9b94-475440a583f3" />
      <TestMethod codeBase="REDACTED_LOCAL_ROOT/Ubytec.Tests/bin/Release/net10.0/Ubytec.Tests.dll" adapterTypeName="executor://xunit/VsTestRunner2/netcoreapp" className="Ubytec.Tests.RecordReductionTests" name="ArbitraryStridesOffsetsAndUnalignedReadsKeepTheSameResult" />
    </UnitTest>
    <UnitTest name="Ubytec.Tests.RecordReductionTests.EmptyLoopLeavesEveryDeeperCellIntactAndDoesNotReadItsPointer(profile: 7)" storage="REDACTED_LOCAL_ROOT/ubytec.tests/bin/release/net10.0/ubytec.tests.dll" id="a36a3f08-af53-bc7b-3978-7dddd9c9d43c">
      <Execution id="83d74e9f-657b-4f28-81a9-0c12905ba7c1" />
      <TestMethod codeBase="REDACTED_LOCAL_ROOT/Ubytec.Tests/bin/Release/net10.0/Ubytec.Tests.dll" adapterTypeName="executor://xunit/VsTestRunner2/netcoreapp" className="Ubytec.Tests.RecordReductionTests" name="EmptyLoopLeavesEveryDeeperCellIntactAndDoesNotReadItsPointer" />
    </UnitTest>
    <UnitTest name="Ubytec.Tests.RecordReductionTests.DifferentWidthsEffectsConditionsAndUnsupportedConstantsUseReference(before: &quot;load @total\nreturn&quot;, after: &quot;load @total\npush 1\nadd\nreturn&quot;)" storage="REDACTED_LOCAL_ROOT/ubytec.tests/bin/release/net10.0/ubytec.tests.dll" id="8229ed12-3df2-0049-40f5-44b58a3f63e5">
      <Execution id="35b0f810-ff82-447f-8ed4-3e2cea1ee34f" />
      <TestMethod codeBase="REDACTED_LOCAL_ROOT/Ubytec.Tests/bin/Release/net10.0/Ubytec.Tests.dll" adapterTypeName="executor://xunit/VsTestRunner2/netcoreapp" className="Ubytec.Tests.RecordReductionTests" name="DifferentWidthsEffectsConditionsAndUnsupportedConstantsUseReference" />
    </UnitTest>
    <UnitTest name="Ubytec.Tests.RecordReductionTests.LargestSupportedConstantsAreNotSignExtended" storage="REDACTED_LOCAL_ROOT/ubytec.tests/bin/release/net10.0/ubytec.tests.dll" id="97db4bdc-4e7f-864e-4023-1d5f763c19fe">
      <Execution id="eb1021b4-2cb8-49b6-88d7-6ebdf32f0713" />
      <TestMethod codeBase="REDACTED_LOCAL_ROOT/Ubytec.Tests/bin/Release/net10.0/Ubytec.Tests.dll" adapterTypeName="executor://xunit/VsTestRunner2/netcoreapp" className="Ubytec.Tests.RecordReductionTests" name="LargestSupportedConstantsAreNotSignExtended" />
    </UnitTest>
    <UnitTest name="Ubytec.Tests.RecordReductionTests.NamesAndArgumentLocalOrderDoNotDetermineRecognition(profile: 2)" storage="REDACTED_LOCAL_ROOT/ubytec.tests/bin/release/net10.0/ubytec.tests.dll" id="3571b010-e4ab-cf98-ea31-d33b4d06e3d8">
      <Execution id="19d9be0c-7bc1-4068-8022-724251524383" />
      <TestMethod codeBase="REDACTED_LOCAL_ROOT/Ubytec.Tests/bin/Release/net10.0/Ubytec.Tests.dll" adapterTypeName="executor://xunit/VsTestRunner2/netcoreapp" className="Ubytec.Tests.RecordReductionTests" name="NamesAndArgumentLocalOrderDoNotDetermineRecognition" />
    </UnitTest>
    <UnitTest name="Ubytec.Tests.RecordReductionTests.NamesAndArgumentLocalOrderDoNotDetermineRecognition(profile: 0)" storage="REDACTED_LOCAL_ROOT/ubytec.tests/bin/release/net10.0/ubytec.tests.dll" id="e323ef78-6919-0fa0-2845-fc11d046f0a3">
      <Execution id="42e84700-f8d3-48ab-aa94-9b1a94d750d6" />
      <TestMethod codeBase="REDACTED_LOCAL_ROOT/Ubytec.Tests/bin/Release/net10.0/Ubytec.Tests.dll" adapterTypeName="executor://xunit/VsTestRunner2/netcoreapp" className="Ubytec.Tests.RecordReductionTests" name="NamesAndArgumentLocalOrderDoNotDetermineRecognition" />
    </UnitTest>
    <UnitTest name="Ubytec.Tests.RecordReductionTests.SuccessfulReadPreservesSeedWrapInitialIndexAndAllResidualCells(profile: 7)" storage="REDACTED_LOCAL_ROOT/ubytec.tests/bin/release/net10.0/ubytec.tests.dll" id="8bb157b5-4426-a30b-889b-560b51895ac2">
      <Execution id="5a30c90f-c04e-4c54-adf7-809973c8a682" />
      <TestMethod codeBase="REDACTED_LOCAL_ROOT/Ubytec.Tests/bin/Release/net10.0/Ubytec.Tests.dll" adapterTypeName="executor://xunit/VsTestRunner2/netcoreapp" className="Ubytec.Tests.RecordReductionTests" name="SuccessfulReadPreservesSeedWrapInitialIndexAndAllResidualCells" />
    </UnitTest>
    <UnitTest name="Ubytec.Tests.RecordReductionTests.InputsMayAliasLocalsResidualCellsAndUnalignedIntervals(profile: 4)" storage="REDACTED_LOCAL_ROOT/ubytec.tests/bin/release/net10.0/ubytec.tests.dll" id="293440ad-37bc-2fec-0e87-56715526bf9c">
      <Execution id="131a3fc6-a8b3-4383-937d-b3361102f2d1" />
      <TestMethod codeBase="REDACTED_LOCAL_ROOT/Ubytec.Tests/bin/Release/net10.0/Ubytec.Tests.dll" adapterTypeName="executor://xunit/VsTestRunner2/netcoreapp" className="Ubytec.Tests.RecordReductionTests" name="InputsMayAliasLocalsResidualCellsAndUnalignedIntervals" />
    </UnitTest>
    <UnitTest name="Ubytec.Tests.RecordReductionTests.InputsMayAliasLocalsResidualCellsAndUnalignedIntervals(profile: 2)" storage="REDACTED_LOCAL_ROOT/ubytec.tests/bin/release/net10.0/ubytec.tests.dll" id="c72181fc-7b8f-8578-ed3f-638c56c5c2f7">
      <Execution id="bb438bea-d9de-4313-b176-bdc780bffd84" />
      <TestMethod codeBase="REDACTED_LOCAL_ROOT/Ubytec.Tests/bin/Release/net10.0/Ubytec.Tests.dll" adapterTypeName="executor://xunit/VsTestRunner2/netcoreapp" className="Ubytec.Tests.RecordReductionTests" name="InputsMayAliasLocalsResidualCellsAndUnalignedIntervals" />
    </UnitTest>
    <UnitTest name="Ubytec.Tests.RecordReductionTests.InputsMayAliasLocalsResidualCellsAndUnalignedIntervals(profile: 1)" storage="REDACTED_LOCAL_ROOT/ubytec.tests/bin/release/net10.0/ubytec.tests.dll" id="5173608e-c460-2b62-b9ad-4fa7f9dc4319">
      <Execution id="5a39d137-4263-484f-bef6-5e3c05c1cad2" />
      <TestMethod codeBase="REDACTED_LOCAL_ROOT/Ubytec.Tests/bin/Release/net10.0/Ubytec.Tests.dll" adapterTypeName="executor://xunit/VsTestRunner2/netcoreapp" className="Ubytec.Tests.RecordReductionTests" name="InputsMayAliasLocalsResidualCellsAndUnalignedIntervals" />
    </UnitTest>
    <UnitTest name="Ubytec.Tests.RecordReductionTests.NamesAndArgumentLocalOrderDoNotDetermineRecognition(profile: 5)" storage="REDACTED_LOCAL_ROOT/ubytec.tests/bin/release/net10.0/ubytec.tests.dll" id="73be9329-55da-38dd-5664-610a82d8ec6d">
      <Execution id="d3556d09-1df1-4977-bf2b-a27e198a0835" />
      <TestMethod codeBase="REDACTED_LOCAL_ROOT/Ubytec.Tests/bin/Release/net10.0/Ubytec.Tests.dll" adapterTypeName="executor://xunit/VsTestRunner2/netcoreapp" className="Ubytec.Tests.RecordReductionTests" name="NamesAndArgumentLocalOrderDoNotDetermineRecognition" />
    </UnitTest>
    <UnitTest name="Ubytec.Tests.RecordReductionTests.DifferentWidthsEffectsConditionsAndUnsupportedConstantsUseReference(before: &quot;push 24\nmul&quot;, after: &quot;push 0\nmul&quot;)" storage="REDACTED_LOCAL_ROOT/ubytec.tests/bin/release/net10.0/ubytec.tests.dll" id="f67e72eb-ceb1-8e9f-ebeb-76a748a97ca9">
      <Execution id="da4e717a-c6c4-4786-ad7d-f310371fc890" />
      <TestMethod codeBase="REDACTED_LOCAL_ROOT/Ubytec.Tests/bin/Release/net10.0/Ubytec.Tests.dll" adapterTypeName="executor://xunit/VsTestRunner2/netcoreapp" className="Ubytec.Tests.RecordReductionTests" name="DifferentWidthsEffectsConditionsAndUnsupportedConstantsUseReference" />
    </UnitTest>
    <UnitTest name="Ubytec.Tests.RecordReductionTests.NamesAndArgumentLocalOrderDoNotDetermineRecognition(profile: 1)" storage="REDACTED_LOCAL_ROOT/ubytec.tests/bin/release/net10.0/ubytec.tests.dll" id="8fd07d18-fd72-c974-600d-e014c183483a">
      <Execution id="51e922c0-4f85-42e3-b4a3-bbc27332f58c" />
      <TestMethod codeBase="REDACTED_LOCAL_ROOT/Ubytec.Tests/bin/Release/net10.0/Ubytec.Tests.dll" adapterTypeName="executor://xunit/VsTestRunner2/netcoreapp" className="Ubytec.Tests.RecordReductionTests" name="NamesAndArgumentLocalOrderDoNotDetermineRecognition" />
    </UnitTest>
    <UnitTest name="Ubytec.Tests.RecordReductionTests.SuccessfulReadPreservesSeedWrapInitialIndexAndAllResidualCells(profile: 2)" storage="REDACTED_LOCAL_ROOT/ubytec.tests/bin/release/net10.0/ubytec.tests.dll" id="41924de0-9f93-669a-4fe9-fc5fa497ddcc">
      <Execution id="2a4d1ad0-a48d-4f66-895a-933e07ba02f8" />
      <TestMethod codeBase="REDACTED_LOCAL_ROOT/Ubytec.Tests/bin/Release/net10.0/Ubytec.Tests.dll" adapterTypeName="executor://xunit/VsTestRunner2/netcoreapp" className="Ubytec.Tests.RecordReductionTests" name="SuccessfulReadPreservesSeedWrapInitialIndexAndAllResidualCells" />
    </UnitTest>
    <UnitTest name="Ubytec.Tests.RecordReductionTests.EmptyLoopLeavesEveryDeeperCellIntactAndDoesNotReadItsPointer(profile: 3)" storage="REDACTED_LOCAL_ROOT/ubytec.tests/bin/release/net10.0/ubytec.tests.dll" id="addd160b-2776-7ddc-5239-0f032ce21812">
      <Execution id="5cee78c3-d327-4f67-a57b-e7e3552904a2" />
      <TestMethod codeBase="REDACTED_LOCAL_ROOT/Ubytec.Tests/bin/Release/net10.0/Ubytec.Tests.dll" adapterTypeName="executor://xunit/VsTestRunner2/netcoreapp" className="Ubytec.Tests.RecordReductionTests" name="EmptyLoopLeavesEveryDeeperCellIntactAndDoesNotReadItsPointer" />
    </UnitTest>
    <UnitTest name="Ubytec.Tests.RecordReductionTests.ArbitraryStridesOffsetsAndUnalignedReadsKeepTheSameResult(stride: 24, offset: 16)" storage="REDACTED_LOCAL_ROOT/ubytec.tests/bin/release/net10.0/ubytec.tests.dll" id="447b6924-3115-e28f-ed74-7d0c98934127">
      <Execution id="f78f843e-0cc9-4348-975d-b05ab87eb84d" />
      <TestMethod codeBase="REDACTED_LOCAL_ROOT/Ubytec.Tests/bin/Release/net10.0/Ubytec.Tests.dll" adapterTypeName="executor://xunit/VsTestRunner2/netcoreapp" className="Ubytec.Tests.RecordReductionTests" name="ArbitraryStridesOffsetsAndUnalignedReadsKeepTheSameResult" />
    </UnitTest>
    <UnitTest name="Ubytec.Tests.RecordReductionTests.SuccessfulReadPreservesSeedWrapInitialIndexAndAllResidualCells(profile: 3)" storage="REDACTED_LOCAL_ROOT/ubytec.tests/bin/release/net10.0/ubytec.tests.dll" id="7f347268-6daa-1533-2146-769a966f6781">
      <Execution id="46d9e5c8-71fc-4bc8-af21-f70a36af5c28" />
      <TestMethod codeBase="REDACTED_LOCAL_ROOT/Ubytec.Tests/bin/Release/net10.0/Ubytec.Tests.dll" adapterTypeName="executor://xunit/VsTestRunner2/netcoreapp" className="Ubytec.Tests.RecordReductionTests" name="SuccessfulReadPreservesSeedWrapInitialIndexAndAllResidualCells" />
    </UnitTest>
    <UnitTest name="Ubytec.Tests.RecordReductionTests.EmptyLoopLeavesEveryDeeperCellIntactAndDoesNotReadItsPointer(profile: 2)" storage="REDACTED_LOCAL_ROOT/ubytec.tests/bin/release/net10.0/ubytec.tests.dll" id="fb6c02f3-416b-57b1-0dea-88049ab0a251">
      <Execution id="e33c9672-4a94-4fb1-8ec1-f2975e476d88" />
      <TestMethod codeBase="REDACTED_LOCAL_ROOT/Ubytec.Tests/bin/Release/net10.0/Ubytec.Tests.dll" adapterTypeName="executor://xunit/VsTestRunner2/netcoreapp" className="Ubytec.Tests.RecordReductionTests" name="EmptyLoopLeavesEveryDeeperCellIntactAndDoesNotReadItsPointer" />
    </UnitTest>
    <UnitTest name="Ubytec.Tests.RecordReductionTests.SuccessfulReadPreservesSeedWrapInitialIndexAndAllResidualCells(profile: 5)" storage="REDACTED_LOCAL_ROOT/ubytec.tests/bin/release/net10.0/ubytec.tests.dll" id="84cc2203-a58d-677b-80cb-b288741e5920">
      <Execution id="2a175cd7-4ec6-45a4-b55b-ab78cb06f2af" />
      <TestMethod codeBase="REDACTED_LOCAL_ROOT/Ubytec.Tests/bin/Release/net10.0/Ubytec.Tests.dll" adapterTypeName="executor://xunit/VsTestRunner2/netcoreapp" className="Ubytec.Tests.RecordReductionTests" name="SuccessfulReadPreservesSeedWrapInitialIndexAndAllResidualCells" />
    </UnitTest>
    <UnitTest name="Ubytec.Tests.RecordReductionTests.NamesAndArgumentLocalOrderDoNotDetermineRecognition(profile: 4)" storage="REDACTED_LOCAL_ROOT/ubytec.tests/bin/release/net10.0/ubytec.tests.dll" id="d317e222-0196-5afc-ff4e-86d8612cac0e">
      <Execution id="4a0d4a42-257e-4b7e-9767-0d84c51cf2f8" />
      <TestMethod codeBase="REDACTED_LOCAL_ROOT/Ubytec.Tests/bin/Release/net10.0/Ubytec.Tests.dll" adapterTypeName="executor://xunit/VsTestRunner2/netcoreapp" className="Ubytec.Tests.RecordReductionTests" name="NamesAndArgumentLocalOrderDoNotDetermineRecognition" />
    </UnitTest>
    <UnitTest name="Ubytec.Tests.RecordReductionTests.DifferentWidthsEffectsConditionsAndUnsupportedConstantsUseReference(before: &quot;load t_uint64\nadd&quot;, after: &quot;load t_uint32\nadd&quot;)" storage="REDACTED_LOCAL_ROOT/ubytec.tests/bin/release/net10.0/ubytec.tests.dll" id="acc30859-3677-a7fb-9cbf-a6a9ccf179b8">
      <Execution id="60f10d25-81ab-4a02-ba11-fd4e3a49d526" />
      <TestMethod codeBase="REDACTED_LOCAL_ROOT/Ubytec.Tests/bin/Release/net10.0/Ubytec.Tests.dll" adapterTypeName="executor://xunit/VsTestRunner2/netcoreapp" className="Ubytec.Tests.RecordReductionTests" name="DifferentWidthsEffectsConditionsAndUnsupportedConstantsUseReference" />
    </UnitTest>
    <UnitTest name="Ubytec.Tests.RecordReductionTests.ValidationAndDefaultBehaviorRemainUnchanged" storage="REDACTED_LOCAL_ROOT/ubytec.tests/bin/release/net10.0/ubytec.tests.dll" id="4b8f623e-eb77-8a71-7f25-ec7331eee762">
      <Execution id="b656e1a5-1900-4fbb-b8ba-b9501001a2cd" />
      <TestMethod codeBase="REDACTED_LOCAL_ROOT/Ubytec.Tests/bin/Release/net10.0/Ubytec.Tests.dll" adapterTypeName="executor://xunit/VsTestRunner2/netcoreapp" className="Ubytec.Tests.RecordReductionTests" name="ValidationAndDefaultBehaviorRemainUnchanged" />
    </UnitTest>
    <UnitTest name="Ubytec.Tests.RecordReductionTests.DifferentWidthsEffectsConditionsAndUnsupportedConstantsUseReference(before: &quot;t_uint64 cursor 0&quot;, after: &quot;t_uint32 cursor 0&quot;)" storage="REDACTED_LOCAL_ROOT/ubytec.tests/bin/release/net10.0/ubytec.tests.dll" id="891a5054-7f30-fb66-b754-de1a9f866871">
      <Execution id="7a9342e2-8c13-4061-9f06-1b9d05c09bdd" />
      <TestMethod codeBase="REDACTED_LOCAL_ROOT/Ubytec.Tests/bin/Release/net10.0/Ubytec.Tests.dll" adapterTypeName="executor://xunit/VsTestRunner2/netcoreapp" className="Ubytec.Tests.RecordReductionTests" name="DifferentWidthsEffectsConditionsAndUnsupportedConstantsUseReference" />
    </UnitTest>
    <UnitTest name="Ubytec.Tests.RecordReductionTests.ArbitraryStridesOffsetsAndUnalignedReadsKeepTheSameResult(stride: 8, offset: 0)" storage="REDACTED_LOCAL_ROOT/ubytec.tests/bin/release/net10.0/ubytec.tests.dll" id="afcbd014-6d4b-774a-bf0d-6a5fcd181d89">
      <Execution id="05ed1221-a9d7-4a60-aebd-99d202e3fc55" />
      <TestMethod codeBase="REDACTED_LOCAL_ROOT/Ubytec.Tests/bin/Release/net10.0/Ubytec.Tests.dll" adapterTypeName="executor://xunit/VsTestRunner2/netcoreapp" className="Ubytec.Tests.RecordReductionTests" name="ArbitraryStridesOffsetsAndUnalignedReadsKeepTheSameResult" />
    </UnitTest>
    <UnitTest name="Ubytec.Tests.RecordReductionTests.InputsMayAliasLocalsResidualCellsAndUnalignedIntervals(profile: 7)" storage="REDACTED_LOCAL_ROOT/ubytec.tests/bin/release/net10.0/ubytec.tests.dll" id="b5a00144-040d-b453-8234-01e078198661">
      <Execution id="690a880e-04a1-4afd-869b-915230af8417" />
      <TestMethod codeBase="REDACTED_LOCAL_ROOT/Ubytec.Tests/bin/Release/net10.0/Ubytec.Tests.dll" adapterTypeName="executor://xunit/VsTestRunner2/netcoreapp" className="Ubytec.Tests.RecordReductionTests" name="InputsMayAliasLocalsResidualCellsAndUnalignedIntervals" />
    </UnitTest>
    <UnitTest name="Ubytec.Tests.RecordReductionTests.InputsMayAliasLocalsResidualCellsAndUnalignedIntervals(profile: 3)" storage="REDACTED_LOCAL_ROOT/ubytec.tests/bin/release/net10.0/ubytec.tests.dll" id="6f4d6c6c-a423-eb05-6fdf-23f1c1c947b9">
      <Execution id="23b57303-59df-4a80-b623-d79f691cc88e" />
      <TestMethod codeBase="REDACTED_LOCAL_ROOT/Ubytec.Tests/bin/Release/net10.0/Ubytec.Tests.dll" adapterTypeName="executor://xunit/VsTestRunner2/netcoreapp" className="Ubytec.Tests.RecordReductionTests" name="InputsMayAliasLocalsResidualCellsAndUnalignedIntervals" />
    </UnitTest>
    <UnitTest name="Ubytec.Tests.RecordReductionTests.SuccessfulReadPreservesSeedWrapInitialIndexAndAllResidualCells(profile: 6)" storage="REDACTED_LOCAL_ROOT/ubytec.tests/bin/release/net10.0/ubytec.tests.dll" id="c8f5ce04-5284-36ff-6647-17898107063d">
      <Execution id="d88bdc65-05fd-45b4-8a47-025b8a2407f8" />
      <TestMethod codeBase="REDACTED_LOCAL_ROOT/Ubytec.Tests/bin/Release/net10.0/Ubytec.Tests.dll" adapterTypeName="executor://xunit/VsTestRunner2/netcoreapp" className="Ubytec.Tests.RecordReductionTests" name="SuccessfulReadPreservesSeedWrapInitialIndexAndAllResidualCells" />
    </UnitTest>
    <UnitTest name="Ubytec.Tests.RecordReductionTests.EmptyLoopLeavesEveryDeeperCellIntactAndDoesNotReadItsPointer(profile: 5)" storage="REDACTED_LOCAL_ROOT/ubytec.tests/bin/release/net10.0/ubytec.tests.dll" id="3b33324a-f857-8af9-ebbe-6d42de0c1fdd">
      <Execution id="ece5dcb2-65a5-49b9-8fad-7629d288b7bb" />
      <TestMethod codeBase="REDACTED_LOCAL_ROOT/Ubytec.Tests/bin/Release/net10.0/Ubytec.Tests.dll" adapterTypeName="executor://xunit/VsTestRunner2/netcoreapp" className="Ubytec.Tests.RecordReductionTests" name="EmptyLoopLeavesEveryDeeperCellIntactAndDoesNotReadItsPointer" />
    </UnitTest>
    <UnitTest name="Ubytec.Tests.RecordReductionTests.EmptyLoopLeavesEveryDeeperCellIntactAndDoesNotReadItsPointer(profile: 1)" storage="REDACTED_LOCAL_ROOT/ubytec.tests/bin/release/net10.0/ubytec.tests.dll" id="6c1e5d45-655f-a181-6951-6f8a1ea3d1d5">
      <Execution id="66060695-48a8-406e-9ca1-1431b66022d9" />
      <TestMethod codeBase="REDACTED_LOCAL_ROOT/Ubytec.Tests/bin/Release/net10.0/Ubytec.Tests.dll" adapterTypeName="executor://xunit/VsTestRunner2/netcoreapp" className="Ubytec.Tests.RecordReductionTests" name="EmptyLoopLeavesEveryDeeperCellIntactAndDoesNotReadItsPointer" />
    </UnitTest>
  </TestDefinitions>
  <TestEntries>
    <TestEntry testId="293440ad-37bc-2fec-0e87-56715526bf9c" executionId="131a3fc6-a8b3-4383-937d-b3361102f2d1" testListId="8c84fa94-04c1-424b-9868-57a2d4851a1d" />
    <TestEntry testId="b5a00144-040d-b453-8234-01e078198661" executionId="690a880e-04a1-4afd-869b-915230af8417" testListId="8c84fa94-04c1-424b-9868-57a2d4851a1d" />
    <TestEntry testId="a36a3f08-af53-bc7b-3978-7dddd9c9d43c" executionId="83d74e9f-657b-4f28-81a9-0c12905ba7c1" testListId="8c84fa94-04c1-424b-9868-57a2d4851a1d" />
    <TestEntry testId="4d61f67d-b755-960b-9ea8-514c65273076" executionId="fd8807d3-c796-4829-be7e-c9504574ff27" testListId="8c84fa94-04c1-424b-9868-57a2d4851a1d" />
    <TestEntry testId="97db4bdc-4e7f-864e-4023-1d5f763c19fe" executionId="eb1021b4-2cb8-49b6-88d7-6ebdf32f0713" testListId="8c84fa94-04c1-424b-9868-57a2d4851a1d" />
    <TestEntry testId="5173608e-c460-2b62-b9ad-4fa7f9dc4319" executionId="5a39d137-4263-484f-bef6-5e3c05c1cad2" testListId="8c84fa94-04c1-424b-9868-57a2d4851a1d" />
    <TestEntry testId="84cc2203-a58d-677b-80cb-b288741e5920" executionId="2a175cd7-4ec6-45a4-b55b-ab78cb06f2af" testListId="8c84fa94-04c1-424b-9868-57a2d4851a1d" />
    <TestEntry testId="afcbd014-6d4b-774a-bf0d-6a5fcd181d89" executionId="05ed1221-a9d7-4a60-aebd-99d202e3fc55" testListId="8c84fa94-04c1-424b-9868-57a2d4851a1d" />
    <TestEntry testId="26c8d031-29f4-db63-6014-4b5a8071c4c1" executionId="17d9dccf-0076-4115-9435-ebb7c6030fdf" testListId="8c84fa94-04c1-424b-9868-57a2d4851a1d" />
    <TestEntry testId="3571b010-e4ab-cf98-ea31-d33b4d06e3d8" executionId="19d9be0c-7bc1-4068-8022-724251524383" testListId="8c84fa94-04c1-424b-9868-57a2d4851a1d" />
    <TestEntry testId="8bb157b5-4426-a30b-889b-560b51895ac2" executionId="5a30c90f-c04e-4c54-adf7-809973c8a682" testListId="8c84fa94-04c1-424b-9868-57a2d4851a1d" />
    <TestEntry testId="f4386f37-dc65-11bd-8130-2285f28c367b" executionId="e427cc53-6c0c-4b07-84d5-848153665e5d" testListId="8c84fa94-04c1-424b-9868-57a2d4851a1d" />
    <TestEntry testId="827adab3-6aa6-b85c-cb22-f431d5b48e06" executionId="3c9b62fc-fcf5-45cb-9d7a-3403e88c8b97" testListId="8c84fa94-04c1-424b-9868-57a2d4851a1d" />
    <TestEntry testId="f67e72eb-ceb1-8e9f-ebeb-76a748a97ca9" executionId="da4e717a-c6c4-4786-ad7d-f310371fc890" testListId="8c84fa94-04c1-424b-9868-57a2d4851a1d" />
    <TestEntry testId="4b8f623e-eb77-8a71-7f25-ec7331eee762" executionId="b656e1a5-1900-4fbb-b8ba-b9501001a2cd" testListId="8c84fa94-04c1-424b-9868-57a2d4851a1d" />
    <TestEntry testId="8fd07d18-fd72-c974-600d-e014c183483a" executionId="51e922c0-4f85-42e3-b4a3-bbc27332f58c" testListId="8c84fa94-04c1-424b-9868-57a2d4851a1d" />
    <TestEntry testId="8229ed12-3df2-0049-40f5-44b58a3f63e5" executionId="35b0f810-ff82-447f-8ed4-3e2cea1ee34f" testListId="8c84fa94-04c1-424b-9868-57a2d4851a1d" />
    <TestEntry testId="4d29d842-b950-edd4-2746-cf6b596e2195" executionId="7aa08a56-3191-4424-8ccf-9b28abaf4d35" testListId="8c84fa94-04c1-424b-9868-57a2d4851a1d" />
    <TestEntry testId="e323ef78-6919-0fa0-2845-fc11d046f0a3" executionId="42e84700-f8d3-48ab-aa94-9b1a94d750d6" testListId="8c84fa94-04c1-424b-9868-57a2d4851a1d" />
    <TestEntry testId="7f347268-6daa-1533-2146-769a966f6781" executionId="46d9e5c8-71fc-4bc8-af21-f70a36af5c28" testListId="8c84fa94-04c1-424b-9868-57a2d4851a1d" />
    <TestEntry testId="891a5054-7f30-fb66-b754-de1a9f866871" executionId="7a9342e2-8c13-4061-9f06-1b9d05c09bdd" testListId="8c84fa94-04c1-424b-9868-57a2d4851a1d" />
    <TestEntry testId="bdb98d55-aca6-a348-fdf0-f0ee5e33a4a9" executionId="ba7faae7-7eed-4164-b4cc-7ebd5efeeb75" testListId="8c84fa94-04c1-424b-9868-57a2d4851a1d" />
    <TestEntry testId="85ab4039-8dbf-4178-91fe-907303a2454e" executionId="4835c920-7ce7-4a1e-93d1-3c5470a7b097" testListId="8c84fa94-04c1-424b-9868-57a2d4851a1d" />
    <TestEntry testId="a27329f0-0d78-2986-7e36-957db8d52e09" executionId="6eb1bdfa-7e19-43ae-9059-a6c8668cf422" testListId="8c84fa94-04c1-424b-9868-57a2d4851a1d" />
    <TestEntry testId="c8f5ce04-5284-36ff-6647-17898107063d" executionId="d88bdc65-05fd-45b4-8a47-025b8a2407f8" testListId="8c84fa94-04c1-424b-9868-57a2d4851a1d" />
    <TestEntry testId="6f4d6c6c-a423-eb05-6fdf-23f1c1c947b9" executionId="23b57303-59df-4a80-b623-d79f691cc88e" testListId="8c84fa94-04c1-424b-9868-57a2d4851a1d" />
    <TestEntry testId="addd160b-2776-7ddc-5239-0f032ce21812" executionId="5cee78c3-d327-4f67-a57b-e7e3552904a2" testListId="8c84fa94-04c1-424b-9868-57a2d4851a1d" />
    <TestEntry testId="aa05bc76-826f-22ef-0a8f-8dce26ac0ee8" executionId="061ea4f3-e973-41d7-b901-598363707d80" testListId="8c84fa94-04c1-424b-9868-57a2d4851a1d" />
    <TestEntry testId="acc30859-3677-a7fb-9cbf-a6a9ccf179b8" executionId="60f10d25-81ab-4a02-ba11-fd4e3a49d526" testListId="8c84fa94-04c1-424b-9868-57a2d4851a1d" />
    <TestEntry testId="fd7808ac-ce12-c127-fffb-02e400b92ede" executionId="545eb06e-d355-43be-91cf-c0f79ee63d39" testListId="8c84fa94-04c1-424b-9868-57a2d4851a1d" />
    <TestEntry testId="73be9329-55da-38dd-5664-610a82d8ec6d" executionId="d3556d09-1df1-4977-bf2b-a27e198a0835" testListId="8c84fa94-04c1-424b-9868-57a2d4851a1d" />
    <TestEntry testId="3b33324a-f857-8af9-ebbe-6d42de0c1fdd" executionId="ece5dcb2-65a5-49b9-8fad-7629d288b7bb" testListId="8c84fa94-04c1-424b-9868-57a2d4851a1d" />
    <TestEntry testId="4dfeda88-08c4-3f31-eedf-08c41d91ddfb" executionId="efefecb2-831a-40a7-b960-169d500ffc35" testListId="8c84fa94-04c1-424b-9868-57a2d4851a1d" />
    <TestEntry testId="fb6c02f3-416b-57b1-0dea-88049ab0a251" executionId="e33c9672-4a94-4fb1-8ec1-f2975e476d88" testListId="8c84fa94-04c1-424b-9868-57a2d4851a1d" />
    <TestEntry testId="6c1e5d45-655f-a181-6951-6f8a1ea3d1d5" executionId="66060695-48a8-406e-9ca1-1431b66022d9" testListId="8c84fa94-04c1-424b-9868-57a2d4851a1d" />
    <TestEntry testId="41924de0-9f93-669a-4fe9-fc5fa497ddcc" executionId="2a4d1ad0-a48d-4f66-895a-933e07ba02f8" testListId="8c84fa94-04c1-424b-9868-57a2d4851a1d" />
    <TestEntry testId="3a4ddbeb-9e89-a2f9-88be-744c991f1433" executionId="2a1d34e2-6205-4085-8a7c-002b1d2c5f2a" testListId="8c84fa94-04c1-424b-9868-57a2d4851a1d" />
    <TestEntry testId="2573b7ae-6daf-42a0-9479-1a99f907f954" executionId="46490288-235f-4f21-a0e4-30efa235d51a" testListId="8c84fa94-04c1-424b-9868-57a2d4851a1d" />
    <TestEntry testId="c4745cf8-146e-8a8b-8a30-fc40121c9e87" executionId="30b0a8dd-db31-4303-bfd2-4ab7dc5230c7" testListId="8c84fa94-04c1-424b-9868-57a2d4851a1d" />
    <TestEntry testId="cef03673-3bac-8987-290c-02297f51fb73" executionId="3ff27b70-69ba-48a6-8488-f070c54e3b8c" testListId="8c84fa94-04c1-424b-9868-57a2d4851a1d" />
    <TestEntry testId="c72181fc-7b8f-8578-ed3f-638c56c5c2f7" executionId="bb438bea-d9de-4313-b176-bdc780bffd84" testListId="8c84fa94-04c1-424b-9868-57a2d4851a1d" />
    <TestEntry testId="447b6924-3115-e28f-ed74-7d0c98934127" executionId="f78f843e-0cc9-4348-975d-b05ab87eb84d" testListId="8c84fa94-04c1-424b-9868-57a2d4851a1d" />
    <TestEntry testId="6b480dbb-fb4e-95ae-cba6-a5f8c2084638" executionId="f1303e3f-0555-4e81-bbbf-737f7874f6ca" testListId="8c84fa94-04c1-424b-9868-57a2d4851a1d" />
    <TestEntry testId="7f69bfee-7293-64c7-ad3b-830f335a7bf8" executionId="1770c1f5-0823-4f5b-9537-5b5182950466" testListId="8c84fa94-04c1-424b-9868-57a2d4851a1d" />
    <TestEntry testId="2ba6d889-63b9-553d-8e13-ad457a202e09" executionId="5e77fa63-4dc7-4244-9b94-475440a583f3" testListId="8c84fa94-04c1-424b-9868-57a2d4851a1d" />
    <TestEntry testId="d317e222-0196-5afc-ff4e-86d8612cac0e" executionId="4a0d4a42-257e-4b7e-9767-0d84c51cf2f8" testListId="8c84fa94-04c1-424b-9868-57a2d4851a1d" />
    <TestEntry testId="ecf865b5-1588-0dde-0e47-00e676a4f65a" executionId="f886a9c6-ad6f-4f25-b02c-3dfd0ae43a03" testListId="8c84fa94-04c1-424b-9868-57a2d4851a1d" />
  </TestEntries>
  <TestLists>
    <TestList name="Results Not in a List" id="8c84fa94-04c1-424b-9868-57a2d4851a1d" />
    <TestList name="All Loaded Results" id="19431567-8539-422a-85d7-44ee4e166bda" />
  </TestLists>
  <ResultSummary outcome="Completed">
    <Counters total="47" executed="47" passed="47" failed="0" error="0" timeout="0" aborted="0" inconclusive="0" passedButRunAborted="0" notRunnable="0" notExecuted="0" disconnected="0" warning="0" completed="0" inProgress="0" pending="0" />
    <Output>
      <StdOut>[xUnit.net 00:00:00.00] xUnit.net VSTest Adapter v2.8.2+699d445a1a (64-bit .NET 10.0.12)
[xUnit.net 00:00:00.26]   Discovering: Ubytec.Tests
[xUnit.net 00:00:00.60]   Discovered:  Ubytec.Tests
[xUnit.net 00:00:00.61]   Starting:    Ubytec.Tests
[xUnit.net 00:00:11.81]   Finished:    Ubytec.Tests
</StdOut>
    </Output>
  </ResultSummary>
</TestRun>
